Archive member included to satisfy reference by file (symbol)

/home/greg/Documents/CLIMER/Firmware/lpc_chip_11cxx_lib/Debug/liblpc_chip_11cxx_lib.a(chip_11xx.o)
                              ./src/CAN_UART_1.o (SystemCoreClockUpdate)
/home/greg/Documents/CLIMER/Firmware/lpc_chip_11cxx_lib/Debug/liblpc_chip_11cxx_lib.a(clock_11xx.o)
                              ./src/CAN_UART_1.o (Chip_Clock_GetMainClockRate)
/home/greg/Documents/CLIMER/Firmware/lpc_chip_11cxx_lib/Debug/liblpc_chip_11cxx_lib.a(sysinit_11xx.o)
                              ./src/sysinit.o (Chip_SystemInit)
/home/greg/Documents/CLIMER/Firmware/lpc_chip_11cxx_lib/Debug/liblpc_chip_11cxx_lib.a(uart_11xx.o)
                              ./src/CAN_UART_1.o (Chip_UART_Init)
/home/greg/Documents/CLIMER/Firmware/lpc_chip_11cxx_lib/Debug/liblpc_chip_11cxx_lib.a(ring_buffer.o)
                              /home/greg/Documents/CLIMER/Firmware/lpc_chip_11cxx_lib/Debug/liblpc_chip_11cxx_lib.a(uart_11xx.o) (RingBuffer_Insert)
/home/greg/Documents/CLIMER/Firmware/lpc_chip_11cxx_lib/Debug/liblpc_chip_11cxx_lib.a(sysctl_11xx.o)
                              /home/greg/Documents/CLIMER/Firmware/lpc_chip_11cxx_lib/Debug/liblpc_chip_11cxx_lib.a(sysinit_11xx.o) (Chip_SYSCTL_PowerDown)
/usr/local/mcuxpressoide-10.1.1_606/ide/tools/bin/../lib/gcc/arm-none-eabi/6.3.1/../../../../arm-none-eabi/lib/thumb/v6-m/libcr_c.a(memcpy.o)
                              /home/greg/Documents/CLIMER/Firmware/lpc_chip_11cxx_lib/Debug/liblpc_chip_11cxx_lib.a(ring_buffer.o) (memcpy)
/usr/local/mcuxpressoide-10.1.1_606/ide/tools/bin/../lib/gcc/arm-none-eabi/6.3.1/../../../../arm-none-eabi/lib/thumb/v6-m/libcr_c.a(__weak__main.o)
                              ./src/cr_startup_lpc11xx.o (__main)
/usr/local/mcuxpressoide-10.1.1_606/ide/tools/bin/../lib/gcc/arm-none-eabi/6.3.1/thumb/v6-m/libcr_eabihelpers.a(division_32.o)
                              ./src/CAN_UART_1.o (__aeabi_uidiv)
/usr/local/mcuxpressoide-10.1.1_606/ide/tools/bin/../lib/gcc/arm-none-eabi/6.3.1/thumb/v6-m/libcr_eabihelpers.a(division_idiv0.o)
                              /usr/local/mcuxpressoide-10.1.1_606/ide/tools/bin/../lib/gcc/arm-none-eabi/6.3.1/thumb/v6-m/libcr_eabihelpers.a(division_32.o) (__aeabi_idiv0)
/usr/local/mcuxpressoide-10.1.1_606/ide/tools/bin/../lib/gcc/arm-none-eabi/6.3.1/thumb/v6-m/libcr_eabihelpers.a(memcpy.o)
                              /usr/local/mcuxpressoide-10.1.1_606/ide/tools/bin/../lib/gcc/arm-none-eabi/6.3.1/../../../../arm-none-eabi/lib/thumb/v6-m/libcr_c.a(memcpy.o) (__aeabi_memcpy)

Allocating common symbols
Common symbol       size              file

SystemCoreClock     0x4               /home/greg/Documents/CLIMER/Firmware/lpc_chip_11cxx_lib/Debug/liblpc_chip_11cxx_lib.a(chip_11xx.o)

Discarded input sections

 .group         0x0000000000000000        0x8 ./src/CAN_UART_1.o
 .group         0x0000000000000000        0x8 ./src/CAN_UART_1.o
 .group         0x0000000000000000        0x8 ./src/CAN_UART_1.o
 .group         0x0000000000000000        0x8 ./src/CAN_UART_1.o
 .group         0x0000000000000000        0x8 ./src/CAN_UART_1.o
 .group         0x0000000000000000        0x8 ./src/CAN_UART_1.o
 .group         0x0000000000000000        0x8 ./src/CAN_UART_1.o
 .group         0x0000000000000000        0x8 ./src/CAN_UART_1.o
 .group         0x0000000000000000        0x8 ./src/CAN_UART_1.o
 .group         0x0000000000000000        0x8 ./src/CAN_UART_1.o
 .group         0x0000000000000000        0x8 ./src/CAN_UART_1.o
 .group         0x0000000000000000        0x8 ./src/CAN_UART_1.o
 .group         0x0000000000000000        0x8 ./src/CAN_UART_1.o
 .group         0x0000000000000000        0x8 ./src/CAN_UART_1.o
 .group         0x0000000000000000        0x8 ./src/CAN_UART_1.o
 .group         0x0000000000000000        0x8 ./src/CAN_UART_1.o
 .group         0x0000000000000000        0x8 ./src/CAN_UART_1.o
 .group         0x0000000000000000        0x8 ./src/CAN_UART_1.o
 .group         0x0000000000000000        0x8 ./src/CAN_UART_1.o
 .group         0x0000000000000000        0x8 ./src/CAN_UART_1.o
 .group         0x0000000000000000        0x8 ./src/CAN_UART_1.o
 .group         0x0000000000000000        0x8 ./src/CAN_UART_1.o
 .group         0x0000000000000000        0x8 ./src/CAN_UART_1.o
 .group         0x0000000000000000        0x8 ./src/CAN_UART_1.o
 .group         0x0000000000000000        0x8 ./src/CAN_UART_1.o
 .text          0x0000000000000000        0x0 ./src/CAN_UART_1.o
 .data          0x0000000000000000        0x0 ./src/CAN_UART_1.o
 .bss           0x0000000000000000        0x0 ./src/CAN_UART_1.o
 .bss.data      0x0000000000000000        0x1 ./src/CAN_UART_1.o
 .text.delay    0x0000000000000000       0x28 ./src/CAN_UART_1.o
 .group         0x0000000000000000        0x8 ./src/cr_startup_lpc11xx.o
 .text          0x0000000000000000        0x0 ./src/cr_startup_lpc11xx.o
 .data          0x0000000000000000        0x0 ./src/cr_startup_lpc11xx.o
 .bss           0x0000000000000000        0x0 ./src/cr_startup_lpc11xx.o
 .debug_macro   0x0000000000000000      0x8c2 ./src/cr_startup_lpc11xx.o
 .group         0x0000000000000000        0x8 ./src/crp.o
 .group         0x0000000000000000        0x8 ./src/crp.o
 .text          0x0000000000000000        0x0 ./src/crp.o
 .data          0x0000000000000000        0x0 ./src/crp.o
 .bss           0x0000000000000000        0x0 ./src/crp.o
 .crp           0x0000000000000000        0x4 ./src/crp.o
 .debug_info    0x0000000000000000       0x3f ./src/crp.o
 .debug_abbrev  0x0000000000000000       0x36 ./src/crp.o
 .debug_aranges
                0x0000000000000000       0x18 ./src/crp.o
 .debug_macro   0x0000000000000000       0x1a ./src/crp.o
 .debug_macro   0x0000000000000000      0x8c2 ./src/crp.o
 .debug_macro   0x0000000000000000       0x34 ./src/crp.o
 .debug_line    0x0000000000000000       0x79 ./src/crp.o
 .debug_str     0x0000000000000000     0x25f1 ./src/crp.o
 .comment       0x0000000000000000       0x80 ./src/crp.o
 .ARM.attributes
                0x0000000000000000       0x31 ./src/crp.o
 .group         0x0000000000000000        0x8 ./src/sysinit.o
 .group         0x0000000000000000        0x8 ./src/sysinit.o
 .group         0x0000000000000000        0x8 ./src/sysinit.o
 .group         0x0000000000000000        0x8 ./src/sysinit.o
 .group         0x0000000000000000        0x8 ./src/sysinit.o
 .group         0x0000000000000000        0x8 ./src/sysinit.o
 .group         0x0000000000000000        0x8 ./src/sysinit.o
 .group         0x0000000000000000        0x8 ./src/sysinit.o
 .group         0x0000000000000000        0x8 ./src/sysinit.o
 .group         0x0000000000000000        0x8 ./src/sysinit.o
 .group         0x0000000000000000        0x8 ./src/sysinit.o
 .group         0x0000000000000000        0x8 ./src/sysinit.o
 .group         0x0000000000000000        0x8 ./src/sysinit.o
 .group         0x0000000000000000        0x8 ./src/sysinit.o
 .group         0x0000000000000000        0x8 ./src/sysinit.o
 .group         0x0000000000000000        0x8 ./src/sysinit.o
 .group         0x0000000000000000        0x8 ./src/sysinit.o
 .group         0x0000000000000000        0x8 ./src/sysinit.o
 .group         0x0000000000000000        0x8 ./src/sysinit.o
 .group         0x0000000000000000        0x8 ./src/sysinit.o
 .group         0x0000000000000000        0x8 ./src/sysinit.o
 .group         0x0000000000000000        0x8 ./src/sysinit.o
 .group         0x0000000000000000        0x8 ./src/sysinit.o
 .group         0x0000000000000000        0x8 ./src/sysinit.o
 .text          0x0000000000000000        0x0 ./src/sysinit.o
 .data          0x0000000000000000        0x0 ./src/sysinit.o
 .bss           0x0000000000000000        0x0 ./src/sysinit.o
 .rodata.ExtRateIn
                0x0000000000000000        0x4 ./src/sysinit.o
 .debug_macro   0x0000000000000000      0x8c2 ./src/sysinit.o
 .debug_macro   0x0000000000000000       0x10 ./src/sysinit.o
 .debug_macro   0x0000000000000000      0x12d ./src/sysinit.o
 .debug_macro   0x0000000000000000      0x5b2 ./src/sysinit.o
 .debug_macro   0x0000000000000000       0x22 ./src/sysinit.o
 .debug_macro   0x0000000000000000       0x7b ./src/sysinit.o
 .debug_macro   0x0000000000000000       0x10 ./src/sysinit.o
 .debug_macro   0x0000000000000000       0x1f ./src/sysinit.o
 .debug_macro   0x0000000000000000       0x3a ./src/sysinit.o
 .debug_macro   0x0000000000000000      0x241 ./src/sysinit.o
 .debug_macro   0x0000000000000000      0x117 ./src/sysinit.o
 .debug_macro   0x0000000000000000       0x22 ./src/sysinit.o
 .debug_macro   0x0000000000000000       0xb2 ./src/sysinit.o
 .debug_macro   0x0000000000000000       0x10 ./src/sysinit.o
 .debug_macro   0x0000000000000000      0x137 ./src/sysinit.o
 .debug_macro   0x0000000000000000       0x4c ./src/sysinit.o
 .debug_macro   0x0000000000000000       0x16 ./src/sysinit.o
 .debug_macro   0x0000000000000000      0x31a ./src/sysinit.o
 .debug_macro   0x0000000000000000       0x2e ./src/sysinit.o
 .debug_macro   0x0000000000000000       0xb8 ./src/sysinit.o
 .debug_macro   0x0000000000000000       0x11 ./src/sysinit.o
 .debug_macro   0x0000000000000000       0x7c ./src/sysinit.o
 .debug_macro   0x0000000000000000      0x21c ./src/sysinit.o
 .debug_macro   0x0000000000000000      0x113 ./src/sysinit.o
 .group         0x0000000000000000        0x8 /home/greg/Documents/CLIMER/Firmware/lpc_chip_11cxx_lib/Debug/liblpc_chip_11cxx_lib.a(chip_11xx.o)
 .group         0x0000000000000000        0x8 /home/greg/Documents/CLIMER/Firmware/lpc_chip_11cxx_lib/Debug/liblpc_chip_11cxx_lib.a(chip_11xx.o)
 .group         0x0000000000000000        0x8 /home/greg/Documents/CLIMER/Firmware/lpc_chip_11cxx_lib/Debug/liblpc_chip_11cxx_lib.a(chip_11xx.o)
 .group         0x0000000000000000        0x8 /home/greg/Documents/CLIMER/Firmware/lpc_chip_11cxx_lib/Debug/liblpc_chip_11cxx_lib.a(chip_11xx.o)
 .group         0x0000000000000000        0x8 /home/greg/Documents/CLIMER/Firmware/lpc_chip_11cxx_lib/Debug/liblpc_chip_11cxx_lib.a(chip_11xx.o)
 .group         0x0000000000000000        0x8 /home/greg/Documents/CLIMER/Firmware/lpc_chip_11cxx_lib/Debug/liblpc_chip_11cxx_lib.a(chip_11xx.o)
 .group         0x0000000000000000        0x8 /home/greg/Documents/CLIMER/Firmware/lpc_chip_11cxx_lib/Debug/liblpc_chip_11cxx_lib.a(chip_11xx.o)
 .group         0x0000000000000000        0x8 /home/greg/Documents/CLIMER/Firmware/lpc_chip_11cxx_lib/Debug/liblpc_chip_11cxx_lib.a(chip_11xx.o)
 .group         0x0000000000000000        0x8 /home/greg/Documents/CLIMER/Firmware/lpc_chip_11cxx_lib/Debug/liblpc_chip_11cxx_lib.a(chip_11xx.o)
 .group         0x0000000000000000        0x8 /home/greg/Documents/CLIMER/Firmware/lpc_chip_11cxx_lib/Debug/liblpc_chip_11cxx_lib.a(chip_11xx.o)
 .group         0x0000000000000000        0x8 /home/greg/Documents/CLIMER/Firmware/lpc_chip_11cxx_lib/Debug/liblpc_chip_11cxx_lib.a(chip_11xx.o)
 .group         0x0000000000000000        0x8 /home/greg/Documents/CLIMER/Firmware/lpc_chip_11cxx_lib/Debug/liblpc_chip_11cxx_lib.a(chip_11xx.o)
 .group         0x0000000000000000        0x8 /home/greg/Documents/CLIMER/Firmware/lpc_chip_11cxx_lib/Debug/liblpc_chip_11cxx_lib.a(chip_11xx.o)
 .group         0x0000000000000000        0x8 /home/greg/Documents/CLIMER/Firmware/lpc_chip_11cxx_lib/Debug/liblpc_chip_11cxx_lib.a(chip_11xx.o)
 .group         0x0000000000000000        0x8 /home/greg/Documents/CLIMER/Firmware/lpc_chip_11cxx_lib/Debug/liblpc_chip_11cxx_lib.a(chip_11xx.o)
 .group         0x0000000000000000        0x8 /home/greg/Documents/CLIMER/Firmware/lpc_chip_11cxx_lib/Debug/liblpc_chip_11cxx_lib.a(chip_11xx.o)
 .group         0x0000000000000000        0x8 /home/greg/Documents/CLIMER/Firmware/lpc_chip_11cxx_lib/Debug/liblpc_chip_11cxx_lib.a(chip_11xx.o)
 .group         0x0000000000000000        0x8 /home/greg/Documents/CLIMER/Firmware/lpc_chip_11cxx_lib/Debug/liblpc_chip_11cxx_lib.a(chip_11xx.o)
 .group         0x0000000000000000        0x8 /home/greg/Documents/CLIMER/Firmware/lpc_chip_11cxx_lib/Debug/liblpc_chip_11cxx_lib.a(chip_11xx.o)
 .group         0x0000000000000000        0x8 /home/greg/Documents/CLIMER/Firmware/lpc_chip_11cxx_lib/Debug/liblpc_chip_11cxx_lib.a(chip_11xx.o)
 .group         0x0000000000000000        0x8 /home/greg/Documents/CLIMER/Firmware/lpc_chip_11cxx_lib/Debug/liblpc_chip_11cxx_lib.a(chip_11xx.o)
 .group         0x0000000000000000        0x8 /home/greg/Documents/CLIMER/Firmware/lpc_chip_11cxx_lib/Debug/liblpc_chip_11cxx_lib.a(chip_11xx.o)
 .group         0x0000000000000000        0x8 /home/greg/Documents/CLIMER/Firmware/lpc_chip_11cxx_lib/Debug/liblpc_chip_11cxx_lib.a(chip_11xx.o)
 .group         0x0000000000000000        0x8 /home/greg/Documents/CLIMER/Firmware/lpc_chip_11cxx_lib/Debug/liblpc_chip_11cxx_lib.a(chip_11xx.o)
 .text          0x0000000000000000        0x0 /home/greg/Documents/CLIMER/Firmware/lpc_chip_11cxx_lib/Debug/liblpc_chip_11cxx_lib.a(chip_11xx.o)
 .data          0x0000000000000000        0x0 /home/greg/Documents/CLIMER/Firmware/lpc_chip_11cxx_lib/Debug/liblpc_chip_11cxx_lib.a(chip_11xx.o)
 .bss           0x0000000000000000        0x0 /home/greg/Documents/CLIMER/Firmware/lpc_chip_11cxx_lib/Debug/liblpc_chip_11cxx_lib.a(chip_11xx.o)
 .debug_macro   0x0000000000000000       0x10 /home/greg/Documents/CLIMER/Firmware/lpc_chip_11cxx_lib/Debug/liblpc_chip_11cxx_lib.a(chip_11xx.o)
 .debug_macro   0x0000000000000000      0x12d /home/greg/Documents/CLIMER/Firmware/lpc_chip_11cxx_lib/Debug/liblpc_chip_11cxx_lib.a(chip_11xx.o)
 .debug_macro   0x0000000000000000      0x5b2 /home/greg/Documents/CLIMER/Firmware/lpc_chip_11cxx_lib/Debug/liblpc_chip_11cxx_lib.a(chip_11xx.o)
 .debug_macro   0x0000000000000000       0x22 /home/greg/Documents/CLIMER/Firmware/lpc_chip_11cxx_lib/Debug/liblpc_chip_11cxx_lib.a(chip_11xx.o)
 .debug_macro   0x0000000000000000       0x7b /home/greg/Documents/CLIMER/Firmware/lpc_chip_11cxx_lib/Debug/liblpc_chip_11cxx_lib.a(chip_11xx.o)
 .debug_macro   0x0000000000000000       0x10 /home/greg/Documents/CLIMER/Firmware/lpc_chip_11cxx_lib/Debug/liblpc_chip_11cxx_lib.a(chip_11xx.o)
 .debug_macro   0x0000000000000000       0x1f /home/greg/Documents/CLIMER/Firmware/lpc_chip_11cxx_lib/Debug/liblpc_chip_11cxx_lib.a(chip_11xx.o)
 .debug_macro   0x0000000000000000       0x3a /home/greg/Documents/CLIMER/Firmware/lpc_chip_11cxx_lib/Debug/liblpc_chip_11cxx_lib.a(chip_11xx.o)
 .debug_macro   0x0000000000000000      0x241 /home/greg/Documents/CLIMER/Firmware/lpc_chip_11cxx_lib/Debug/liblpc_chip_11cxx_lib.a(chip_11xx.o)
 .debug_macro   0x0000000000000000      0x117 /home/greg/Documents/CLIMER/Firmware/lpc_chip_11cxx_lib/Debug/liblpc_chip_11cxx_lib.a(chip_11xx.o)
 .debug_macro   0x0000000000000000       0x22 /home/greg/Documents/CLIMER/Firmware/lpc_chip_11cxx_lib/Debug/liblpc_chip_11cxx_lib.a(chip_11xx.o)
 .debug_macro   0x0000000000000000       0xb2 /home/greg/Documents/CLIMER/Firmware/lpc_chip_11cxx_lib/Debug/liblpc_chip_11cxx_lib.a(chip_11xx.o)
 .debug_macro   0x0000000000000000       0x10 /home/greg/Documents/CLIMER/Firmware/lpc_chip_11cxx_lib/Debug/liblpc_chip_11cxx_lib.a(chip_11xx.o)
 .debug_macro   0x0000000000000000      0x137 /home/greg/Documents/CLIMER/Firmware/lpc_chip_11cxx_lib/Debug/liblpc_chip_11cxx_lib.a(chip_11xx.o)
 .debug_macro   0x0000000000000000       0x4c /home/greg/Documents/CLIMER/Firmware/lpc_chip_11cxx_lib/Debug/liblpc_chip_11cxx_lib.a(chip_11xx.o)
 .debug_macro   0x0000000000000000       0x16 /home/greg/Documents/CLIMER/Firmware/lpc_chip_11cxx_lib/Debug/liblpc_chip_11cxx_lib.a(chip_11xx.o)
 .debug_macro   0x0000000000000000      0x31a /home/greg/Documents/CLIMER/Firmware/lpc_chip_11cxx_lib/Debug/liblpc_chip_11cxx_lib.a(chip_11xx.o)
 .debug_macro   0x0000000000000000       0x2e /home/greg/Documents/CLIMER/Firmware/lpc_chip_11cxx_lib/Debug/liblpc_chip_11cxx_lib.a(chip_11xx.o)
 .debug_macro   0x0000000000000000       0xb8 /home/greg/Documents/CLIMER/Firmware/lpc_chip_11cxx_lib/Debug/liblpc_chip_11cxx_lib.a(chip_11xx.o)
 .debug_macro   0x0000000000000000       0x11 /home/greg/Documents/CLIMER/Firmware/lpc_chip_11cxx_lib/Debug/liblpc_chip_11cxx_lib.a(chip_11xx.o)
 .debug_macro   0x0000000000000000       0x7c /home/greg/Documents/CLIMER/Firmware/lpc_chip_11cxx_lib/Debug/liblpc_chip_11cxx_lib.a(chip_11xx.o)
 .debug_macro   0x0000000000000000      0x21c /home/greg/Documents/CLIMER/Firmware/lpc_chip_11cxx_lib/Debug/liblpc_chip_11cxx_lib.a(chip_11xx.o)
 .debug_macro   0x0000000000000000      0x113 /home/greg/Documents/CLIMER/Firmware/lpc_chip_11cxx_lib/Debug/liblpc_chip_11cxx_lib.a(chip_11xx.o)
 .group         0x0000000000000000        0x8 /home/greg/Documents/CLIMER/Firmware/lpc_chip_11cxx_lib/Debug/liblpc_chip_11cxx_lib.a(clock_11xx.o)
 .group         0x0000000000000000        0x8 /home/greg/Documents/CLIMER/Firmware/lpc_chip_11cxx_lib/Debug/liblpc_chip_11cxx_lib.a(clock_11xx.o)
 .group         0x0000000000000000        0x8 /home/greg/Documents/CLIMER/Firmware/lpc_chip_11cxx_lib/Debug/liblpc_chip_11cxx_lib.a(clock_11xx.o)
 .group         0x0000000000000000        0x8 /home/greg/Documents/CLIMER/Firmware/lpc_chip_11cxx_lib/Debug/liblpc_chip_11cxx_lib.a(clock_11xx.o)
 .group         0x0000000000000000        0x8 /home/greg/Documents/CLIMER/Firmware/lpc_chip_11cxx_lib/Debug/liblpc_chip_11cxx_lib.a(clock_11xx.o)
 .group         0x0000000000000000        0x8 /home/greg/Documents/CLIMER/Firmware/lpc_chip_11cxx_lib/Debug/liblpc_chip_11cxx_lib.a(clock_11xx.o)
 .group         0x0000000000000000        0x8 /home/greg/Documents/CLIMER/Firmware/lpc_chip_11cxx_lib/Debug/liblpc_chip_11cxx_lib.a(clock_11xx.o)
 .group         0x0000000000000000        0x8 /home/greg/Documents/CLIMER/Firmware/lpc_chip_11cxx_lib/Debug/liblpc_chip_11cxx_lib.a(clock_11xx.o)
 .group         0x0000000000000000        0x8 /home/greg/Documents/CLIMER/Firmware/lpc_chip_11cxx_lib/Debug/liblpc_chip_11cxx_lib.a(clock_11xx.o)
 .group         0x0000000000000000        0x8 /home/greg/Documents/CLIMER/Firmware/lpc_chip_11cxx_lib/Debug/liblpc_chip_11cxx_lib.a(clock_11xx.o)
 .group         0x0000000000000000        0x8 /home/greg/Documents/CLIMER/Firmware/lpc_chip_11cxx_lib/Debug/liblpc_chip_11cxx_lib.a(clock_11xx.o)
 .group         0x0000000000000000        0x8 /home/greg/Documents/CLIMER/Firmware/lpc_chip_11cxx_lib/Debug/liblpc_chip_11cxx_lib.a(clock_11xx.o)
 .group         0x0000000000000000        0x8 /home/greg/Documents/CLIMER/Firmware/lpc_chip_11cxx_lib/Debug/liblpc_chip_11cxx_lib.a(clock_11xx.o)
 .group         0x0000000000000000        0x8 /home/greg/Documents/CLIMER/Firmware/lpc_chip_11cxx_lib/Debug/liblpc_chip_11cxx_lib.a(clock_11xx.o)
 .group         0x0000000000000000        0x8 /home/greg/Documents/CLIMER/Firmware/lpc_chip_11cxx_lib/Debug/liblpc_chip_11cxx_lib.a(clock_11xx.o)
 .group         0x0000000000000000        0x8 /home/greg/Documents/CLIMER/Firmware/lpc_chip_11cxx_lib/Debug/liblpc_chip_11cxx_lib.a(clock_11xx.o)
 .group         0x0000000000000000        0x8 /home/greg/Documents/CLIMER/Firmware/lpc_chip_11cxx_lib/Debug/liblpc_chip_11cxx_lib.a(clock_11xx.o)
 .group         0x0000000000000000        0x8 /home/greg/Documents/CLIMER/Firmware/lpc_chip_11cxx_lib/Debug/liblpc_chip_11cxx_lib.a(clock_11xx.o)
 .group         0x0000000000000000        0x8 /home/greg/Documents/CLIMER/Firmware/lpc_chip_11cxx_lib/Debug/liblpc_chip_11cxx_lib.a(clock_11xx.o)
 .group         0x0000000000000000        0x8 /home/greg/Documents/CLIMER/Firmware/lpc_chip_11cxx_lib/Debug/liblpc_chip_11cxx_lib.a(clock_11xx.o)
 .group         0x0000000000000000        0x8 /home/greg/Documents/CLIMER/Firmware/lpc_chip_11cxx_lib/Debug/liblpc_chip_11cxx_lib.a(clock_11xx.o)
 .group         0x0000000000000000        0x8 /home/greg/Documents/CLIMER/Firmware/lpc_chip_11cxx_lib/Debug/liblpc_chip_11cxx_lib.a(clock_11xx.o)
 .group         0x0000000000000000        0x8 /home/greg/Documents/CLIMER/Firmware/lpc_chip_11cxx_lib/Debug/liblpc_chip_11cxx_lib.a(clock_11xx.o)
 .group         0x0000000000000000        0x8 /home/greg/Documents/CLIMER/Firmware/lpc_chip_11cxx_lib/Debug/liblpc_chip_11cxx_lib.a(clock_11xx.o)
 .text          0x0000000000000000        0x0 /home/greg/Documents/CLIMER/Firmware/lpc_chip_11cxx_lib/Debug/liblpc_chip_11cxx_lib.a(clock_11xx.o)
 .data          0x0000000000000000        0x0 /home/greg/Documents/CLIMER/Firmware/lpc_chip_11cxx_lib/Debug/liblpc_chip_11cxx_lib.a(clock_11xx.o)
 .bss           0x0000000000000000        0x0 /home/greg/Documents/CLIMER/Firmware/lpc_chip_11cxx_lib/Debug/liblpc_chip_11cxx_lib.a(clock_11xx.o)
 .text.Chip_Clock_SetPLLBypass
                0x0000000000000000       0x48 /home/greg/Documents/CLIMER/Firmware/lpc_chip_11cxx_lib/Debug/liblpc_chip_11cxx_lib.a(clock_11xx.o)
 .text.Chip_Clock_SetWDTClockSource
                0x0000000000000000       0x3c /home/greg/Documents/CLIMER/Firmware/lpc_chip_11cxx_lib/Debug/liblpc_chip_11cxx_lib.a(clock_11xx.o)
 .text.Chip_Clock_SetCLKOUTSource
                0x0000000000000000       0x3c /home/greg/Documents/CLIMER/Firmware/lpc_chip_11cxx_lib/Debug/liblpc_chip_11cxx_lib.a(clock_11xx.o)
 .debug_macro   0x0000000000000000      0x8b0 /home/greg/Documents/CLIMER/Firmware/lpc_chip_11cxx_lib/Debug/liblpc_chip_11cxx_lib.a(clock_11xx.o)
 .debug_macro   0x0000000000000000       0x10 /home/greg/Documents/CLIMER/Firmware/lpc_chip_11cxx_lib/Debug/liblpc_chip_11cxx_lib.a(clock_11xx.o)
 .debug_macro   0x0000000000000000      0x12d /home/greg/Documents/CLIMER/Firmware/lpc_chip_11cxx_lib/Debug/liblpc_chip_11cxx_lib.a(clock_11xx.o)
 .debug_macro   0x0000000000000000      0x5b2 /home/greg/Documents/CLIMER/Firmware/lpc_chip_11cxx_lib/Debug/liblpc_chip_11cxx_lib.a(clock_11xx.o)
 .debug_macro   0x0000000000000000       0x22 /home/greg/Documents/CLIMER/Firmware/lpc_chip_11cxx_lib/Debug/liblpc_chip_11cxx_lib.a(clock_11xx.o)
 .debug_macro   0x0000000000000000       0x7b /home/greg/Documents/CLIMER/Firmware/lpc_chip_11cxx_lib/Debug/liblpc_chip_11cxx_lib.a(clock_11xx.o)
 .debug_macro   0x0000000000000000       0x10 /home/greg/Documents/CLIMER/Firmware/lpc_chip_11cxx_lib/Debug/liblpc_chip_11cxx_lib.a(clock_11xx.o)
 .debug_macro   0x0000000000000000       0x1f /home/greg/Documents/CLIMER/Firmware/lpc_chip_11cxx_lib/Debug/liblpc_chip_11cxx_lib.a(clock_11xx.o)
 .debug_macro   0x0000000000000000       0x3a /home/greg/Documents/CLIMER/Firmware/lpc_chip_11cxx_lib/Debug/liblpc_chip_11cxx_lib.a(clock_11xx.o)
 .debug_macro   0x0000000000000000      0x241 /home/greg/Documents/CLIMER/Firmware/lpc_chip_11cxx_lib/Debug/liblpc_chip_11cxx_lib.a(clock_11xx.o)
 .debug_macro   0x0000000000000000      0x117 /home/greg/Documents/CLIMER/Firmware/lpc_chip_11cxx_lib/Debug/liblpc_chip_11cxx_lib.a(clock_11xx.o)
 .debug_macro   0x0000000000000000       0x22 /home/greg/Documents/CLIMER/Firmware/lpc_chip_11cxx_lib/Debug/liblpc_chip_11cxx_lib.a(clock_11xx.o)
 .debug_macro   0x0000000000000000       0xb2 /home/greg/Documents/CLIMER/Firmware/lpc_chip_11cxx_lib/Debug/liblpc_chip_11cxx_lib.a(clock_11xx.o)
 .debug_macro   0x0000000000000000       0x10 /home/greg/Documents/CLIMER/Firmware/lpc_chip_11cxx_lib/Debug/liblpc_chip_11cxx_lib.a(clock_11xx.o)
 .debug_macro   0x0000000000000000      0x137 /home/greg/Documents/CLIMER/Firmware/lpc_chip_11cxx_lib/Debug/liblpc_chip_11cxx_lib.a(clock_11xx.o)
 .debug_macro   0x0000000000000000       0x4c /home/greg/Documents/CLIMER/Firmware/lpc_chip_11cxx_lib/Debug/liblpc_chip_11cxx_lib.a(clock_11xx.o)
 .debug_macro   0x0000000000000000       0x16 /home/greg/Documents/CLIMER/Firmware/lpc_chip_11cxx_lib/Debug/liblpc_chip_11cxx_lib.a(clock_11xx.o)
 .debug_macro   0x0000000000000000      0x31a /home/greg/Documents/CLIMER/Firmware/lpc_chip_11cxx_lib/Debug/liblpc_chip_11cxx_lib.a(clock_11xx.o)
 .debug_macro   0x0000000000000000       0x2e /home/greg/Documents/CLIMER/Firmware/lpc_chip_11cxx_lib/Debug/liblpc_chip_11cxx_lib.a(clock_11xx.o)
 .debug_macro   0x0000000000000000       0xb8 /home/greg/Documents/CLIMER/Firmware/lpc_chip_11cxx_lib/Debug/liblpc_chip_11cxx_lib.a(clock_11xx.o)
 .debug_macro   0x0000000000000000       0x11 /home/greg/Documents/CLIMER/Firmware/lpc_chip_11cxx_lib/Debug/liblpc_chip_11cxx_lib.a(clock_11xx.o)
 .debug_macro   0x0000000000000000       0x7c /home/greg/Documents/CLIMER/Firmware/lpc_chip_11cxx_lib/Debug/liblpc_chip_11cxx_lib.a(clock_11xx.o)
 .debug_macro   0x0000000000000000      0x21c /home/greg/Documents/CLIMER/Firmware/lpc_chip_11cxx_lib/Debug/liblpc_chip_11cxx_lib.a(clock_11xx.o)
 .debug_macro   0x0000000000000000      0x113 /home/greg/Documents/CLIMER/Firmware/lpc_chip_11cxx_lib/Debug/liblpc_chip_11cxx_lib.a(clock_11xx.o)
 .group         0x0000000000000000        0x8 /home/greg/Documents/CLIMER/Firmware/lpc_chip_11cxx_lib/Debug/liblpc_chip_11cxx_lib.a(sysinit_11xx.o)
 .group         0x0000000000000000        0x8 /home/greg/Documents/CLIMER/Firmware/lpc_chip_11cxx_lib/Debug/liblpc_chip_11cxx_lib.a(sysinit_11xx.o)
 .group         0x0000000000000000        0x8 /home/greg/Documents/CLIMER/Firmware/lpc_chip_11cxx_lib/Debug/liblpc_chip_11cxx_lib.a(sysinit_11xx.o)
 .group         0x0000000000000000        0x8 /home/greg/Documents/CLIMER/Firmware/lpc_chip_11cxx_lib/Debug/liblpc_chip_11cxx_lib.a(sysinit_11xx.o)
 .group         0x0000000000000000        0x8 /home/greg/Documents/CLIMER/Firmware/lpc_chip_11cxx_lib/Debug/liblpc_chip_11cxx_lib.a(sysinit_11xx.o)
 .group         0x0000000000000000        0x8 /home/greg/Documents/CLIMER/Firmware/lpc_chip_11cxx_lib/Debug/liblpc_chip_11cxx_lib.a(sysinit_11xx.o)
 .group         0x0000000000000000        0x8 /home/greg/Documents/CLIMER/Firmware/lpc_chip_11cxx_lib/Debug/liblpc_chip_11cxx_lib.a(sysinit_11xx.o)
 .group         0x0000000000000000        0x8 /home/greg/Documents/CLIMER/Firmware/lpc_chip_11cxx_lib/Debug/liblpc_chip_11cxx_lib.a(sysinit_11xx.o)
 .group         0x0000000000000000        0x8 /home/greg/Documents/CLIMER/Firmware/lpc_chip_11cxx_lib/Debug/liblpc_chip_11cxx_lib.a(sysinit_11xx.o)
 .group         0x0000000000000000        0x8 /home/greg/Documents/CLIMER/Firmware/lpc_chip_11cxx_lib/Debug/liblpc_chip_11cxx_lib.a(sysinit_11xx.o)
 .group         0x0000000000000000        0x8 /home/greg/Documents/CLIMER/Firmware/lpc_chip_11cxx_lib/Debug/liblpc_chip_11cxx_lib.a(sysinit_11xx.o)
 .group         0x0000000000000000        0x8 /home/greg/Documents/CLIMER/Firmware/lpc_chip_11cxx_lib/Debug/liblpc_chip_11cxx_lib.a(sysinit_11xx.o)
 .group         0x0000000000000000        0x8 /home/greg/Documents/CLIMER/Firmware/lpc_chip_11cxx_lib/Debug/liblpc_chip_11cxx_lib.a(sysinit_11xx.o)
 .group         0x0000000000000000        0x8 /home/greg/Documents/CLIMER/Firmware/lpc_chip_11cxx_lib/Debug/liblpc_chip_11cxx_lib.a(sysinit_11xx.o)
 .group         0x0000000000000000        0x8 /home/greg/Documents/CLIMER/Firmware/lpc_chip_11cxx_lib/Debug/liblpc_chip_11cxx_lib.a(sysinit_11xx.o)
 .group         0x0000000000000000        0x8 /home/greg/Documents/CLIMER/Firmware/lpc_chip_11cxx_lib/Debug/liblpc_chip_11cxx_lib.a(sysinit_11xx.o)
 .group         0x0000000000000000        0x8 /home/greg/Documents/CLIMER/Firmware/lpc_chip_11cxx_lib/Debug/liblpc_chip_11cxx_lib.a(sysinit_11xx.o)
 .group         0x0000000000000000        0x8 /home/greg/Documents/CLIMER/Firmware/lpc_chip_11cxx_lib/Debug/liblpc_chip_11cxx_lib.a(sysinit_11xx.o)
 .group         0x0000000000000000        0x8 /home/greg/Documents/CLIMER/Firmware/lpc_chip_11cxx_lib/Debug/liblpc_chip_11cxx_lib.a(sysinit_11xx.o)
 .group         0x0000000000000000        0x8 /home/greg/Documents/CLIMER/Firmware/lpc_chip_11cxx_lib/Debug/liblpc_chip_11cxx_lib.a(sysinit_11xx.o)
 .group         0x0000000000000000        0x8 /home/greg/Documents/CLIMER/Firmware/lpc_chip_11cxx_lib/Debug/liblpc_chip_11cxx_lib.a(sysinit_11xx.o)
 .group         0x0000000000000000        0x8 /home/greg/Documents/CLIMER/Firmware/lpc_chip_11cxx_lib/Debug/liblpc_chip_11cxx_lib.a(sysinit_11xx.o)
 .group         0x0000000000000000        0x8 /home/greg/Documents/CLIMER/Firmware/lpc_chip_11cxx_lib/Debug/liblpc_chip_11cxx_lib.a(sysinit_11xx.o)
 .group         0x0000000000000000        0x8 /home/greg/Documents/CLIMER/Firmware/lpc_chip_11cxx_lib/Debug/liblpc_chip_11cxx_lib.a(sysinit_11xx.o)
 .text          0x0000000000000000        0x0 /home/greg/Documents/CLIMER/Firmware/lpc_chip_11cxx_lib/Debug/liblpc_chip_11cxx_lib.a(sysinit_11xx.o)
 .data          0x0000000000000000        0x0 /home/greg/Documents/CLIMER/Firmware/lpc_chip_11cxx_lib/Debug/liblpc_chip_11cxx_lib.a(sysinit_11xx.o)
 .bss           0x0000000000000000        0x0 /home/greg/Documents/CLIMER/Firmware/lpc_chip_11cxx_lib/Debug/liblpc_chip_11cxx_lib.a(sysinit_11xx.o)
 .debug_macro   0x0000000000000000      0x8b0 /home/greg/Documents/CLIMER/Firmware/lpc_chip_11cxx_lib/Debug/liblpc_chip_11cxx_lib.a(sysinit_11xx.o)
 .debug_macro   0x0000000000000000       0x10 /home/greg/Documents/CLIMER/Firmware/lpc_chip_11cxx_lib/Debug/liblpc_chip_11cxx_lib.a(sysinit_11xx.o)
 .debug_macro   0x0000000000000000      0x12d /home/greg/Documents/CLIMER/Firmware/lpc_chip_11cxx_lib/Debug/liblpc_chip_11cxx_lib.a(sysinit_11xx.o)
 .debug_macro   0x0000000000000000      0x5b2 /home/greg/Documents/CLIMER/Firmware/lpc_chip_11cxx_lib/Debug/liblpc_chip_11cxx_lib.a(sysinit_11xx.o)
 .debug_macro   0x0000000000000000       0x22 /home/greg/Documents/CLIMER/Firmware/lpc_chip_11cxx_lib/Debug/liblpc_chip_11cxx_lib.a(sysinit_11xx.o)
 .debug_macro   0x0000000000000000       0x7b /home/greg/Documents/CLIMER/Firmware/lpc_chip_11cxx_lib/Debug/liblpc_chip_11cxx_lib.a(sysinit_11xx.o)
 .debug_macro   0x0000000000000000       0x10 /home/greg/Documents/CLIMER/Firmware/lpc_chip_11cxx_lib/Debug/liblpc_chip_11cxx_lib.a(sysinit_11xx.o)
 .debug_macro   0x0000000000000000       0x1f /home/greg/Documents/CLIMER/Firmware/lpc_chip_11cxx_lib/Debug/liblpc_chip_11cxx_lib.a(sysinit_11xx.o)
 .debug_macro   0x0000000000000000       0x3a /home/greg/Documents/CLIMER/Firmware/lpc_chip_11cxx_lib/Debug/liblpc_chip_11cxx_lib.a(sysinit_11xx.o)
 .debug_macro   0x0000000000000000      0x241 /home/greg/Documents/CLIMER/Firmware/lpc_chip_11cxx_lib/Debug/liblpc_chip_11cxx_lib.a(sysinit_11xx.o)
 .debug_macro   0x0000000000000000      0x117 /home/greg/Documents/CLIMER/Firmware/lpc_chip_11cxx_lib/Debug/liblpc_chip_11cxx_lib.a(sysinit_11xx.o)
 .debug_macro   0x0000000000000000       0x22 /home/greg/Documents/CLIMER/Firmware/lpc_chip_11cxx_lib/Debug/liblpc_chip_11cxx_lib.a(sysinit_11xx.o)
 .debug_macro   0x0000000000000000       0xb2 /home/greg/Documents/CLIMER/Firmware/lpc_chip_11cxx_lib/Debug/liblpc_chip_11cxx_lib.a(sysinit_11xx.o)
 .debug_macro   0x0000000000000000       0x10 /home/greg/Documents/CLIMER/Firmware/lpc_chip_11cxx_lib/Debug/liblpc_chip_11cxx_lib.a(sysinit_11xx.o)
 .debug_macro   0x0000000000000000      0x137 /home/greg/Documents/CLIMER/Firmware/lpc_chip_11cxx_lib/Debug/liblpc_chip_11cxx_lib.a(sysinit_11xx.o)
 .debug_macro   0x0000000000000000       0x4c /home/greg/Documents/CLIMER/Firmware/lpc_chip_11cxx_lib/Debug/liblpc_chip_11cxx_lib.a(sysinit_11xx.o)
 .debug_macro   0x0000000000000000       0x16 /home/greg/Documents/CLIMER/Firmware/lpc_chip_11cxx_lib/Debug/liblpc_chip_11cxx_lib.a(sysinit_11xx.o)
 .debug_macro   0x0000000000000000      0x31a /home/greg/Documents/CLIMER/Firmware/lpc_chip_11cxx_lib/Debug/liblpc_chip_11cxx_lib.a(sysinit_11xx.o)
 .debug_macro   0x0000000000000000       0x2e /home/greg/Documents/CLIMER/Firmware/lpc_chip_11cxx_lib/Debug/liblpc_chip_11cxx_lib.a(sysinit_11xx.o)
 .debug_macro   0x0000000000000000       0xb8 /home/greg/Documents/CLIMER/Firmware/lpc_chip_11cxx_lib/Debug/liblpc_chip_11cxx_lib.a(sysinit_11xx.o)
 .debug_macro   0x0000000000000000       0x11 /home/greg/Documents/CLIMER/Firmware/lpc_chip_11cxx_lib/Debug/liblpc_chip_11cxx_lib.a(sysinit_11xx.o)
 .debug_macro   0x0000000000000000       0x7c /home/greg/Documents/CLIMER/Firmware/lpc_chip_11cxx_lib/Debug/liblpc_chip_11cxx_lib.a(sysinit_11xx.o)
 .debug_macro   0x0000000000000000      0x21c /home/greg/Documents/CLIMER/Firmware/lpc_chip_11cxx_lib/Debug/liblpc_chip_11cxx_lib.a(sysinit_11xx.o)
 .debug_macro   0x0000000000000000      0x113 /home/greg/Documents/CLIMER/Firmware/lpc_chip_11cxx_lib/Debug/liblpc_chip_11cxx_lib.a(sysinit_11xx.o)
 .group         0x0000000000000000        0x8 /home/greg/Documents/CLIMER/Firmware/lpc_chip_11cxx_lib/Debug/liblpc_chip_11cxx_lib.a(uart_11xx.o)
 .group         0x0000000000000000        0x8 /home/greg/Documents/CLIMER/Firmware/lpc_chip_11cxx_lib/Debug/liblpc_chip_11cxx_lib.a(uart_11xx.o)
 .group         0x0000000000000000        0x8 /home/greg/Documents/CLIMER/Firmware/lpc_chip_11cxx_lib/Debug/liblpc_chip_11cxx_lib.a(uart_11xx.o)
 .group         0x0000000000000000        0x8 /home/greg/Documents/CLIMER/Firmware/lpc_chip_11cxx_lib/Debug/liblpc_chip_11cxx_lib.a(uart_11xx.o)
 .group         0x0000000000000000        0x8 /home/greg/Documents/CLIMER/Firmware/lpc_chip_11cxx_lib/Debug/liblpc_chip_11cxx_lib.a(uart_11xx.o)
 .group         0x0000000000000000        0x8 /home/greg/Documents/CLIMER/Firmware/lpc_chip_11cxx_lib/Debug/liblpc_chip_11cxx_lib.a(uart_11xx.o)
 .group         0x0000000000000000        0x8 /home/greg/Documents/CLIMER/Firmware/lpc_chip_11cxx_lib/Debug/liblpc_chip_11cxx_lib.a(uart_11xx.o)
 .group         0x0000000000000000        0x8 /home/greg/Documents/CLIMER/Firmware/lpc_chip_11cxx_lib/Debug/liblpc_chip_11cxx_lib.a(uart_11xx.o)
 .group         0x0000000000000000        0x8 /home/greg/Documents/CLIMER/Firmware/lpc_chip_11cxx_lib/Debug/liblpc_chip_11cxx_lib.a(uart_11xx.o)
 .group         0x0000000000000000        0x8 /home/greg/Documents/CLIMER/Firmware/lpc_chip_11cxx_lib/Debug/liblpc_chip_11cxx_lib.a(uart_11xx.o)
 .group         0x0000000000000000        0x8 /home/greg/Documents/CLIMER/Firmware/lpc_chip_11cxx_lib/Debug/liblpc_chip_11cxx_lib.a(uart_11xx.o)
 .group         0x0000000000000000        0x8 /home/greg/Documents/CLIMER/Firmware/lpc_chip_11cxx_lib/Debug/liblpc_chip_11cxx_lib.a(uart_11xx.o)
 .group         0x0000000000000000        0x8 /home/greg/Documents/CLIMER/Firmware/lpc_chip_11cxx_lib/Debug/liblpc_chip_11cxx_lib.a(uart_11xx.o)
 .group         0x0000000000000000        0x8 /home/greg/Documents/CLIMER/Firmware/lpc_chip_11cxx_lib/Debug/liblpc_chip_11cxx_lib.a(uart_11xx.o)
 .group         0x0000000000000000        0x8 /home/greg/Documents/CLIMER/Firmware/lpc_chip_11cxx_lib/Debug/liblpc_chip_11cxx_lib.a(uart_11xx.o)
 .group         0x0000000000000000        0x8 /home/greg/Documents/CLIMER/Firmware/lpc_chip_11cxx_lib/Debug/liblpc_chip_11cxx_lib.a(uart_11xx.o)
 .group         0x0000000000000000        0x8 /home/greg/Documents/CLIMER/Firmware/lpc_chip_11cxx_lib/Debug/liblpc_chip_11cxx_lib.a(uart_11xx.o)
 .group         0x0000000000000000        0x8 /home/greg/Documents/CLIMER/Firmware/lpc_chip_11cxx_lib/Debug/liblpc_chip_11cxx_lib.a(uart_11xx.o)
 .group         0x0000000000000000        0x8 /home/greg/Documents/CLIMER/Firmware/lpc_chip_11cxx_lib/Debug/liblpc_chip_11cxx_lib.a(uart_11xx.o)
 .group         0x0000000000000000        0x8 /home/greg/Documents/CLIMER/Firmware/lpc_chip_11cxx_lib/Debug/liblpc_chip_11cxx_lib.a(uart_11xx.o)
 .group         0x0000000000000000        0x8 /home/greg/Documents/CLIMER/Firmware/lpc_chip_11cxx_lib/Debug/liblpc_chip_11cxx_lib.a(uart_11xx.o)
 .group         0x0000000000000000        0x8 /home/greg/Documents/CLIMER/Firmware/lpc_chip_11cxx_lib/Debug/liblpc_chip_11cxx_lib.a(uart_11xx.o)
 .group         0x0000000000000000        0x8 /home/greg/Documents/CLIMER/Firmware/lpc_chip_11cxx_lib/Debug/liblpc_chip_11cxx_lib.a(uart_11xx.o)
 .group         0x0000000000000000        0x8 /home/greg/Documents/CLIMER/Firmware/lpc_chip_11cxx_lib/Debug/liblpc_chip_11cxx_lib.a(uart_11xx.o)
 .text          0x0000000000000000        0x0 /home/greg/Documents/CLIMER/Firmware/lpc_chip_11cxx_lib/Debug/liblpc_chip_11cxx_lib.a(uart_11xx.o)
 .data          0x0000000000000000        0x0 /home/greg/Documents/CLIMER/Firmware/lpc_chip_11cxx_lib/Debug/liblpc_chip_11cxx_lib.a(uart_11xx.o)
 .bss           0x0000000000000000        0x0 /home/greg/Documents/CLIMER/Firmware/lpc_chip_11cxx_lib/Debug/liblpc_chip_11cxx_lib.a(uart_11xx.o)
 .text.Chip_Clock_DisablePeriphClock
                0x0000000000000000       0x34 /home/greg/Documents/CLIMER/Firmware/lpc_chip_11cxx_lib/Debug/liblpc_chip_11cxx_lib.a(uart_11xx.o)
 .text.RingBuffer_IsEmpty
                0x0000000000000000       0x24 /home/greg/Documents/CLIMER/Firmware/lpc_chip_11cxx_lib/Debug/liblpc_chip_11cxx_lib.a(uart_11xx.o)
 .text.Chip_UART_ReadByte
                0x0000000000000000       0x16 /home/greg/Documents/CLIMER/Firmware/lpc_chip_11cxx_lib/Debug/liblpc_chip_11cxx_lib.a(uart_11xx.o)
 .text.Chip_UART_IntEnable
                0x0000000000000000       0x1e /home/greg/Documents/CLIMER/Firmware/lpc_chip_11cxx_lib/Debug/liblpc_chip_11cxx_lib.a(uart_11xx.o)
 .text.Chip_UART_IntDisable
                0x0000000000000000       0x20 /home/greg/Documents/CLIMER/Firmware/lpc_chip_11cxx_lib/Debug/liblpc_chip_11cxx_lib.a(uart_11xx.o)
 .text.Chip_UART_DeInit
                0x0000000000000000       0x16 /home/greg/Documents/CLIMER/Firmware/lpc_chip_11cxx_lib/Debug/liblpc_chip_11cxx_lib.a(uart_11xx.o)
 .text.Chip_UART_Read
                0x0000000000000000       0x54 /home/greg/Documents/CLIMER/Firmware/lpc_chip_11cxx_lib/Debug/liblpc_chip_11cxx_lib.a(uart_11xx.o)
 .text.Chip_UART_ReadBlocking
                0x0000000000000000       0x50 /home/greg/Documents/CLIMER/Firmware/lpc_chip_11cxx_lib/Debug/liblpc_chip_11cxx_lib.a(uart_11xx.o)
 .text.Chip_UART_RXIntHandlerRB
                0x0000000000000000       0x44 /home/greg/Documents/CLIMER/Firmware/lpc_chip_11cxx_lib/Debug/liblpc_chip_11cxx_lib.a(uart_11xx.o)
 .text.Chip_UART_TXIntHandlerRB
                0x0000000000000000       0x46 /home/greg/Documents/CLIMER/Firmware/lpc_chip_11cxx_lib/Debug/liblpc_chip_11cxx_lib.a(uart_11xx.o)
 .text.Chip_UART_SendRB
                0x0000000000000000       0x6c /home/greg/Documents/CLIMER/Firmware/lpc_chip_11cxx_lib/Debug/liblpc_chip_11cxx_lib.a(uart_11xx.o)
 .text.Chip_UART_ReadRB
                0x0000000000000000       0x24 /home/greg/Documents/CLIMER/Firmware/lpc_chip_11cxx_lib/Debug/liblpc_chip_11cxx_lib.a(uart_11xx.o)
 .text.Chip_UART_IRQRBHandler
                0x0000000000000000       0x4c /home/greg/Documents/CLIMER/Firmware/lpc_chip_11cxx_lib/Debug/liblpc_chip_11cxx_lib.a(uart_11xx.o)
 .text.Chip_UART_SetBaudFDR
                0x0000000000000000       0xe0 /home/greg/Documents/CLIMER/Firmware/lpc_chip_11cxx_lib/Debug/liblpc_chip_11cxx_lib.a(uart_11xx.o)
 .debug_macro   0x0000000000000000      0x8b0 /home/greg/Documents/CLIMER/Firmware/lpc_chip_11cxx_lib/Debug/liblpc_chip_11cxx_lib.a(uart_11xx.o)
 .debug_macro   0x0000000000000000       0x10 /home/greg/Documents/CLIMER/Firmware/lpc_chip_11cxx_lib/Debug/liblpc_chip_11cxx_lib.a(uart_11xx.o)
 .debug_macro   0x0000000000000000      0x12d /home/greg/Documents/CLIMER/Firmware/lpc_chip_11cxx_lib/Debug/liblpc_chip_11cxx_lib.a(uart_11xx.o)
 .debug_macro   0x0000000000000000      0x5b2 /home/greg/Documents/CLIMER/Firmware/lpc_chip_11cxx_lib/Debug/liblpc_chip_11cxx_lib.a(uart_11xx.o)
 .debug_macro   0x0000000000000000       0x22 /home/greg/Documents/CLIMER/Firmware/lpc_chip_11cxx_lib/Debug/liblpc_chip_11cxx_lib.a(uart_11xx.o)
 .debug_macro   0x0000000000000000       0x7b /home/greg/Documents/CLIMER/Firmware/lpc_chip_11cxx_lib/Debug/liblpc_chip_11cxx_lib.a(uart_11xx.o)
 .debug_macro   0x0000000000000000       0x10 /home/greg/Documents/CLIMER/Firmware/lpc_chip_11cxx_lib/Debug/liblpc_chip_11cxx_lib.a(uart_11xx.o)
 .debug_macro   0x0000000000000000       0x1f /home/greg/Documents/CLIMER/Firmware/lpc_chip_11cxx_lib/Debug/liblpc_chip_11cxx_lib.a(uart_11xx.o)
 .debug_macro   0x0000000000000000       0x3a /home/greg/Documents/CLIMER/Firmware/lpc_chip_11cxx_lib/Debug/liblpc_chip_11cxx_lib.a(uart_11xx.o)
 .debug_macro   0x0000000000000000      0x241 /home/greg/Documents/CLIMER/Firmware/lpc_chip_11cxx_lib/Debug/liblpc_chip_11cxx_lib.a(uart_11xx.o)
 .debug_macro   0x0000000000000000      0x117 /home/greg/Documents/CLIMER/Firmware/lpc_chip_11cxx_lib/Debug/liblpc_chip_11cxx_lib.a(uart_11xx.o)
 .debug_macro   0x0000000000000000       0x22 /home/greg/Documents/CLIMER/Firmware/lpc_chip_11cxx_lib/Debug/liblpc_chip_11cxx_lib.a(uart_11xx.o)
 .debug_macro   0x0000000000000000       0xb2 /home/greg/Documents/CLIMER/Firmware/lpc_chip_11cxx_lib/Debug/liblpc_chip_11cxx_lib.a(uart_11xx.o)
 .debug_macro   0x0000000000000000       0x10 /home/greg/Documents/CLIMER/Firmware/lpc_chip_11cxx_lib/Debug/liblpc_chip_11cxx_lib.a(uart_11xx.o)
 .debug_macro   0x0000000000000000      0x137 /home/greg/Documents/CLIMER/Firmware/lpc_chip_11cxx_lib/Debug/liblpc_chip_11cxx_lib.a(uart_11xx.o)
 .debug_macro   0x0000000000000000       0x4c /home/greg/Documents/CLIMER/Firmware/lpc_chip_11cxx_lib/Debug/liblpc_chip_11cxx_lib.a(uart_11xx.o)
 .debug_macro   0x0000000000000000       0x16 /home/greg/Documents/CLIMER/Firmware/lpc_chip_11cxx_lib/Debug/liblpc_chip_11cxx_lib.a(uart_11xx.o)
 .debug_macro   0x0000000000000000      0x31a /home/greg/Documents/CLIMER/Firmware/lpc_chip_11cxx_lib/Debug/liblpc_chip_11cxx_lib.a(uart_11xx.o)
 .debug_macro   0x0000000000000000       0x2e /home/greg/Documents/CLIMER/Firmware/lpc_chip_11cxx_lib/Debug/liblpc_chip_11cxx_lib.a(uart_11xx.o)
 .debug_macro   0x0000000000000000       0xb8 /home/greg/Documents/CLIMER/Firmware/lpc_chip_11cxx_lib/Debug/liblpc_chip_11cxx_lib.a(uart_11xx.o)
 .debug_macro   0x0000000000000000       0x11 /home/greg/Documents/CLIMER/Firmware/lpc_chip_11cxx_lib/Debug/liblpc_chip_11cxx_lib.a(uart_11xx.o)
 .debug_macro   0x0000000000000000       0x7c /home/greg/Documents/CLIMER/Firmware/lpc_chip_11cxx_lib/Debug/liblpc_chip_11cxx_lib.a(uart_11xx.o)
 .debug_macro   0x0000000000000000      0x21c /home/greg/Documents/CLIMER/Firmware/lpc_chip_11cxx_lib/Debug/liblpc_chip_11cxx_lib.a(uart_11xx.o)
 .debug_macro   0x0000000000000000      0x113 /home/greg/Documents/CLIMER/Firmware/lpc_chip_11cxx_lib/Debug/liblpc_chip_11cxx_lib.a(uart_11xx.o)
 .group         0x0000000000000000        0x8 /home/greg/Documents/CLIMER/Firmware/lpc_chip_11cxx_lib/Debug/liblpc_chip_11cxx_lib.a(ring_buffer.o)
 .group         0x0000000000000000        0x8 /home/greg/Documents/CLIMER/Firmware/lpc_chip_11cxx_lib/Debug/liblpc_chip_11cxx_lib.a(ring_buffer.o)
 .group         0x0000000000000000        0x8 /home/greg/Documents/CLIMER/Firmware/lpc_chip_11cxx_lib/Debug/liblpc_chip_11cxx_lib.a(ring_buffer.o)
 .group         0x0000000000000000        0x8 /home/greg/Documents/CLIMER/Firmware/lpc_chip_11cxx_lib/Debug/liblpc_chip_11cxx_lib.a(ring_buffer.o)
 .group         0x0000000000000000        0x8 /home/greg/Documents/CLIMER/Firmware/lpc_chip_11cxx_lib/Debug/liblpc_chip_11cxx_lib.a(ring_buffer.o)
 .group         0x0000000000000000        0x8 /home/greg/Documents/CLIMER/Firmware/lpc_chip_11cxx_lib/Debug/liblpc_chip_11cxx_lib.a(ring_buffer.o)
 .group         0x0000000000000000        0x8 /home/greg/Documents/CLIMER/Firmware/lpc_chip_11cxx_lib/Debug/liblpc_chip_11cxx_lib.a(ring_buffer.o)
 .text          0x0000000000000000        0x0 /home/greg/Documents/CLIMER/Firmware/lpc_chip_11cxx_lib/Debug/liblpc_chip_11cxx_lib.a(ring_buffer.o)
 .data          0x0000000000000000        0x0 /home/greg/Documents/CLIMER/Firmware/lpc_chip_11cxx_lib/Debug/liblpc_chip_11cxx_lib.a(ring_buffer.o)
 .bss           0x0000000000000000        0x0 /home/greg/Documents/CLIMER/Firmware/lpc_chip_11cxx_lib/Debug/liblpc_chip_11cxx_lib.a(ring_buffer.o)
 .text.RingBuffer_GetCount
                0x0000000000000000       0x1e /home/greg/Documents/CLIMER/Firmware/lpc_chip_11cxx_lib/Debug/liblpc_chip_11cxx_lib.a(ring_buffer.o)
 .text.RingBuffer_GetFree
                0x0000000000000000       0x20 /home/greg/Documents/CLIMER/Firmware/lpc_chip_11cxx_lib/Debug/liblpc_chip_11cxx_lib.a(ring_buffer.o)
 .text.RingBuffer_IsFull
                0x0000000000000000       0x2a /home/greg/Documents/CLIMER/Firmware/lpc_chip_11cxx_lib/Debug/liblpc_chip_11cxx_lib.a(ring_buffer.o)
 .text.RingBuffer_IsEmpty
                0x0000000000000000       0x24 /home/greg/Documents/CLIMER/Firmware/lpc_chip_11cxx_lib/Debug/liblpc_chip_11cxx_lib.a(ring_buffer.o)
 .text.RingBuffer_Init
                0x0000000000000000       0x38 /home/greg/Documents/CLIMER/Firmware/lpc_chip_11cxx_lib/Debug/liblpc_chip_11cxx_lib.a(ring_buffer.o)
 .text.RingBuffer_Insert
                0x0000000000000000       0x5c /home/greg/Documents/CLIMER/Firmware/lpc_chip_11cxx_lib/Debug/liblpc_chip_11cxx_lib.a(ring_buffer.o)
 .text.RingBuffer_InsertMult
                0x0000000000000000      0x120 /home/greg/Documents/CLIMER/Firmware/lpc_chip_11cxx_lib/Debug/liblpc_chip_11cxx_lib.a(ring_buffer.o)
 .text.RingBuffer_Pop
                0x0000000000000000       0x5c /home/greg/Documents/CLIMER/Firmware/lpc_chip_11cxx_lib/Debug/liblpc_chip_11cxx_lib.a(ring_buffer.o)
 .text.RingBuffer_PopMult
                0x0000000000000000      0x120 /home/greg/Documents/CLIMER/Firmware/lpc_chip_11cxx_lib/Debug/liblpc_chip_11cxx_lib.a(ring_buffer.o)
 .debug_info    0x0000000000000000      0x380 /home/greg/Documents/CLIMER/Firmware/lpc_chip_11cxx_lib/Debug/liblpc_chip_11cxx_lib.a(ring_buffer.o)
 .debug_abbrev  0x0000000000000000      0x162 /home/greg/Documents/CLIMER/Firmware/lpc_chip_11cxx_lib/Debug/liblpc_chip_11cxx_lib.a(ring_buffer.o)
 .debug_aranges
                0x0000000000000000       0x60 /home/greg/Documents/CLIMER/Firmware/lpc_chip_11cxx_lib/Debug/liblpc_chip_11cxx_lib.a(ring_buffer.o)
 .debug_ranges  0x0000000000000000       0x50 /home/greg/Documents/CLIMER/Firmware/lpc_chip_11cxx_lib/Debug/liblpc_chip_11cxx_lib.a(ring_buffer.o)
 .debug_macro   0x0000000000000000       0x83 /home/greg/Documents/CLIMER/Firmware/lpc_chip_11cxx_lib/Debug/liblpc_chip_11cxx_lib.a(ring_buffer.o)
 .debug_macro   0x0000000000000000      0x8b0 /home/greg/Documents/CLIMER/Firmware/lpc_chip_11cxx_lib/Debug/liblpc_chip_11cxx_lib.a(ring_buffer.o)
 .debug_macro   0x0000000000000000       0x10 /home/greg/Documents/CLIMER/Firmware/lpc_chip_11cxx_lib/Debug/liblpc_chip_11cxx_lib.a(ring_buffer.o)
 .debug_macro   0x0000000000000000      0x12d /home/greg/Documents/CLIMER/Firmware/lpc_chip_11cxx_lib/Debug/liblpc_chip_11cxx_lib.a(ring_buffer.o)
 .debug_macro   0x0000000000000000      0x5b2 /home/greg/Documents/CLIMER/Firmware/lpc_chip_11cxx_lib/Debug/liblpc_chip_11cxx_lib.a(ring_buffer.o)
 .debug_macro   0x0000000000000000       0x22 /home/greg/Documents/CLIMER/Firmware/lpc_chip_11cxx_lib/Debug/liblpc_chip_11cxx_lib.a(ring_buffer.o)
 .debug_macro   0x0000000000000000       0x74 /home/greg/Documents/CLIMER/Firmware/lpc_chip_11cxx_lib/Debug/liblpc_chip_11cxx_lib.a(ring_buffer.o)
 .debug_macro   0x0000000000000000       0x10 /home/greg/Documents/CLIMER/Firmware/lpc_chip_11cxx_lib/Debug/liblpc_chip_11cxx_lib.a(ring_buffer.o)
 .debug_line    0x0000000000000000      0x249 /home/greg/Documents/CLIMER/Firmware/lpc_chip_11cxx_lib/Debug/liblpc_chip_11cxx_lib.a(ring_buffer.o)
 .debug_str     0x0000000000000000     0x3fdf /home/greg/Documents/CLIMER/Firmware/lpc_chip_11cxx_lib/Debug/liblpc_chip_11cxx_lib.a(ring_buffer.o)
 .comment       0x0000000000000000       0x80 /home/greg/Documents/CLIMER/Firmware/lpc_chip_11cxx_lib/Debug/liblpc_chip_11cxx_lib.a(ring_buffer.o)
 .debug_frame   0x0000000000000000      0x130 /home/greg/Documents/CLIMER/Firmware/lpc_chip_11cxx_lib/Debug/liblpc_chip_11cxx_lib.a(ring_buffer.o)
 .ARM.attributes
                0x0000000000000000       0x31 /home/greg/Documents/CLIMER/Firmware/lpc_chip_11cxx_lib/Debug/liblpc_chip_11cxx_lib.a(ring_buffer.o)
 .group         0x0000000000000000        0x8 /home/greg/Documents/CLIMER/Firmware/lpc_chip_11cxx_lib/Debug/liblpc_chip_11cxx_lib.a(sysctl_11xx.o)
 .group         0x0000000000000000        0x8 /home/greg/Documents/CLIMER/Firmware/lpc_chip_11cxx_lib/Debug/liblpc_chip_11cxx_lib.a(sysctl_11xx.o)
 .group         0x0000000000000000        0x8 /home/greg/Documents/CLIMER/Firmware/lpc_chip_11cxx_lib/Debug/liblpc_chip_11cxx_lib.a(sysctl_11xx.o)
 .group         0x0000000000000000        0x8 /home/greg/Documents/CLIMER/Firmware/lpc_chip_11cxx_lib/Debug/liblpc_chip_11cxx_lib.a(sysctl_11xx.o)
 .group         0x0000000000000000        0x8 /home/greg/Documents/CLIMER/Firmware/lpc_chip_11cxx_lib/Debug/liblpc_chip_11cxx_lib.a(sysctl_11xx.o)
 .group         0x0000000000000000        0x8 /home/greg/Documents/CLIMER/Firmware/lpc_chip_11cxx_lib/Debug/liblpc_chip_11cxx_lib.a(sysctl_11xx.o)
 .group         0x0000000000000000        0x8 /home/greg/Documents/CLIMER/Firmware/lpc_chip_11cxx_lib/Debug/liblpc_chip_11cxx_lib.a(sysctl_11xx.o)
 .group         0x0000000000000000        0x8 /home/greg/Documents/CLIMER/Firmware/lpc_chip_11cxx_lib/Debug/liblpc_chip_11cxx_lib.a(sysctl_11xx.o)
 .group         0x0000000000000000        0x8 /home/greg/Documents/CLIMER/Firmware/lpc_chip_11cxx_lib/Debug/liblpc_chip_11cxx_lib.a(sysctl_11xx.o)
 .group         0x0000000000000000        0x8 /home/greg/Documents/CLIMER/Firmware/lpc_chip_11cxx_lib/Debug/liblpc_chip_11cxx_lib.a(sysctl_11xx.o)
 .group         0x0000000000000000        0x8 /home/greg/Documents/CLIMER/Firmware/lpc_chip_11cxx_lib/Debug/liblpc_chip_11cxx_lib.a(sysctl_11xx.o)
 .group         0x0000000000000000        0x8 /home/greg/Documents/CLIMER/Firmware/lpc_chip_11cxx_lib/Debug/liblpc_chip_11cxx_lib.a(sysctl_11xx.o)
 .group         0x0000000000000000        0x8 /home/greg/Documents/CLIMER/Firmware/lpc_chip_11cxx_lib/Debug/liblpc_chip_11cxx_lib.a(sysctl_11xx.o)
 .group         0x0000000000000000        0x8 /home/greg/Documents/CLIMER/Firmware/lpc_chip_11cxx_lib/Debug/liblpc_chip_11cxx_lib.a(sysctl_11xx.o)
 .group         0x0000000000000000        0x8 /home/greg/Documents/CLIMER/Firmware/lpc_chip_11cxx_lib/Debug/liblpc_chip_11cxx_lib.a(sysctl_11xx.o)
 .group         0x0000000000000000        0x8 /home/greg/Documents/CLIMER/Firmware/lpc_chip_11cxx_lib/Debug/liblpc_chip_11cxx_lib.a(sysctl_11xx.o)
 .group         0x0000000000000000        0x8 /home/greg/Documents/CLIMER/Firmware/lpc_chip_11cxx_lib/Debug/liblpc_chip_11cxx_lib.a(sysctl_11xx.o)
 .group         0x0000000000000000        0x8 /home/greg/Documents/CLIMER/Firmware/lpc_chip_11cxx_lib/Debug/liblpc_chip_11cxx_lib.a(sysctl_11xx.o)
 .group         0x0000000000000000        0x8 /home/greg/Documents/CLIMER/Firmware/lpc_chip_11cxx_lib/Debug/liblpc_chip_11cxx_lib.a(sysctl_11xx.o)
 .group         0x0000000000000000        0x8 /home/greg/Documents/CLIMER/Firmware/lpc_chip_11cxx_lib/Debug/liblpc_chip_11cxx_lib.a(sysctl_11xx.o)
 .group         0x0000000000000000        0x8 /home/greg/Documents/CLIMER/Firmware/lpc_chip_11cxx_lib/Debug/liblpc_chip_11cxx_lib.a(sysctl_11xx.o)
 .group         0x0000000000000000        0x8 /home/greg/Documents/CLIMER/Firmware/lpc_chip_11cxx_lib/Debug/liblpc_chip_11cxx_lib.a(sysctl_11xx.o)
 .group         0x0000000000000000        0x8 /home/greg/Documents/CLIMER/Firmware/lpc_chip_11cxx_lib/Debug/liblpc_chip_11cxx_lib.a(sysctl_11xx.o)
 .group         0x0000000000000000        0x8 /home/greg/Documents/CLIMER/Firmware/lpc_chip_11cxx_lib/Debug/liblpc_chip_11cxx_lib.a(sysctl_11xx.o)
 .text          0x0000000000000000        0x0 /home/greg/Documents/CLIMER/Firmware/lpc_chip_11cxx_lib/Debug/liblpc_chip_11cxx_lib.a(sysctl_11xx.o)
 .data          0x0000000000000000        0x0 /home/greg/Documents/CLIMER/Firmware/lpc_chip_11cxx_lib/Debug/liblpc_chip_11cxx_lib.a(sysctl_11xx.o)
 .bss           0x0000000000000000        0x0 /home/greg/Documents/CLIMER/Firmware/lpc_chip_11cxx_lib/Debug/liblpc_chip_11cxx_lib.a(sysctl_11xx.o)
 .text.Chip_SYSCTL_SetDeepSleepPD
                0x0000000000000000       0x2c /home/greg/Documents/CLIMER/Firmware/lpc_chip_11cxx_lib/Debug/liblpc_chip_11cxx_lib.a(sysctl_11xx.o)
 .text.Chip_SYSCTL_SetWakeup
                0x0000000000000000       0x28 /home/greg/Documents/CLIMER/Firmware/lpc_chip_11cxx_lib/Debug/liblpc_chip_11cxx_lib.a(sysctl_11xx.o)
 .debug_macro   0x0000000000000000      0x8b0 /home/greg/Documents/CLIMER/Firmware/lpc_chip_11cxx_lib/Debug/liblpc_chip_11cxx_lib.a(sysctl_11xx.o)
 .debug_macro   0x0000000000000000       0x10 /home/greg/Documents/CLIMER/Firmware/lpc_chip_11cxx_lib/Debug/liblpc_chip_11cxx_lib.a(sysctl_11xx.o)
 .debug_macro   0x0000000000000000      0x12d /home/greg/Documents/CLIMER/Firmware/lpc_chip_11cxx_lib/Debug/liblpc_chip_11cxx_lib.a(sysctl_11xx.o)
 .debug_macro   0x0000000000000000      0x5b2 /home/greg/Documents/CLIMER/Firmware/lpc_chip_11cxx_lib/Debug/liblpc_chip_11cxx_lib.a(sysctl_11xx.o)
 .debug_macro   0x0000000000000000       0x22 /home/greg/Documents/CLIMER/Firmware/lpc_chip_11cxx_lib/Debug/liblpc_chip_11cxx_lib.a(sysctl_11xx.o)
 .debug_macro   0x0000000000000000       0x7b /home/greg/Documents/CLIMER/Firmware/lpc_chip_11cxx_lib/Debug/liblpc_chip_11cxx_lib.a(sysctl_11xx.o)
 .debug_macro   0x0000000000000000       0x10 /home/greg/Documents/CLIMER/Firmware/lpc_chip_11cxx_lib/Debug/liblpc_chip_11cxx_lib.a(sysctl_11xx.o)
 .debug_macro   0x0000000000000000       0x1f /home/greg/Documents/CLIMER/Firmware/lpc_chip_11cxx_lib/Debug/liblpc_chip_11cxx_lib.a(sysctl_11xx.o)
 .debug_macro   0x0000000000000000       0x3a /home/greg/Documents/CLIMER/Firmware/lpc_chip_11cxx_lib/Debug/liblpc_chip_11cxx_lib.a(sysctl_11xx.o)
 .debug_macro   0x0000000000000000      0x241 /home/greg/Documents/CLIMER/Firmware/lpc_chip_11cxx_lib/Debug/liblpc_chip_11cxx_lib.a(sysctl_11xx.o)
 .debug_macro   0x0000000000000000      0x117 /home/greg/Documents/CLIMER/Firmware/lpc_chip_11cxx_lib/Debug/liblpc_chip_11cxx_lib.a(sysctl_11xx.o)
 .debug_macro   0x0000000000000000       0x22 /home/greg/Documents/CLIMER/Firmware/lpc_chip_11cxx_lib/Debug/liblpc_chip_11cxx_lib.a(sysctl_11xx.o)
 .debug_macro   0x0000000000000000       0xb2 /home/greg/Documents/CLIMER/Firmware/lpc_chip_11cxx_lib/Debug/liblpc_chip_11cxx_lib.a(sysctl_11xx.o)
 .debug_macro   0x0000000000000000       0x10 /home/greg/Documents/CLIMER/Firmware/lpc_chip_11cxx_lib/Debug/liblpc_chip_11cxx_lib.a(sysctl_11xx.o)
 .debug_macro   0x0000000000000000      0x137 /home/greg/Documents/CLIMER/Firmware/lpc_chip_11cxx_lib/Debug/liblpc_chip_11cxx_lib.a(sysctl_11xx.o)
 .debug_macro   0x0000000000000000       0x4c /home/greg/Documents/CLIMER/Firmware/lpc_chip_11cxx_lib/Debug/liblpc_chip_11cxx_lib.a(sysctl_11xx.o)
 .debug_macro   0x0000000000000000       0x16 /home/greg/Documents/CLIMER/Firmware/lpc_chip_11cxx_lib/Debug/liblpc_chip_11cxx_lib.a(sysctl_11xx.o)
 .debug_macro   0x0000000000000000      0x31a /home/greg/Documents/CLIMER/Firmware/lpc_chip_11cxx_lib/Debug/liblpc_chip_11cxx_lib.a(sysctl_11xx.o)
 .debug_macro   0x0000000000000000       0x2e /home/greg/Documents/CLIMER/Firmware/lpc_chip_11cxx_lib/Debug/liblpc_chip_11cxx_lib.a(sysctl_11xx.o)
 .debug_macro   0x0000000000000000       0xb8 /home/greg/Documents/CLIMER/Firmware/lpc_chip_11cxx_lib/Debug/liblpc_chip_11cxx_lib.a(sysctl_11xx.o)
 .debug_macro   0x0000000000000000       0x11 /home/greg/Documents/CLIMER/Firmware/lpc_chip_11cxx_lib/Debug/liblpc_chip_11cxx_lib.a(sysctl_11xx.o)
 .debug_macro   0x0000000000000000       0x7c /home/greg/Documents/CLIMER/Firmware/lpc_chip_11cxx_lib/Debug/liblpc_chip_11cxx_lib.a(sysctl_11xx.o)
 .debug_macro   0x0000000000000000      0x21c /home/greg/Documents/CLIMER/Firmware/lpc_chip_11cxx_lib/Debug/liblpc_chip_11cxx_lib.a(sysctl_11xx.o)
 .debug_macro   0x0000000000000000      0x113 /home/greg/Documents/CLIMER/Firmware/lpc_chip_11cxx_lib/Debug/liblpc_chip_11cxx_lib.a(sysctl_11xx.o)
 .text          0x0000000000000000        0x0 /usr/local/mcuxpressoide-10.1.1_606/ide/tools/bin/../lib/gcc/arm-none-eabi/6.3.1/../../../../arm-none-eabi/lib/thumb/v6-m/libcr_c.a(memcpy.o)
 .data          0x0000000000000000        0x0 /usr/local/mcuxpressoide-10.1.1_606/ide/tools/bin/../lib/gcc/arm-none-eabi/6.3.1/../../../../arm-none-eabi/lib/thumb/v6-m/libcr_c.a(memcpy.o)
 .bss           0x0000000000000000        0x0 /usr/local/mcuxpressoide-10.1.1_606/ide/tools/bin/../lib/gcc/arm-none-eabi/6.3.1/../../../../arm-none-eabi/lib/thumb/v6-m/libcr_c.a(memcpy.o)
 .text.memcpy   0x0000000000000000        0x8 /usr/local/mcuxpressoide-10.1.1_606/ide/tools/bin/../lib/gcc/arm-none-eabi/6.3.1/../../../../arm-none-eabi/lib/thumb/v6-m/libcr_c.a(memcpy.o)
 .comment       0x0000000000000000       0x80 /usr/local/mcuxpressoide-10.1.1_606/ide/tools/bin/../lib/gcc/arm-none-eabi/6.3.1/../../../../arm-none-eabi/lib/thumb/v6-m/libcr_c.a(memcpy.o)
 .ARM.attributes
                0x0000000000000000       0x31 /usr/local/mcuxpressoide-10.1.1_606/ide/tools/bin/../lib/gcc/arm-none-eabi/6.3.1/../../../../arm-none-eabi/lib/thumb/v6-m/libcr_c.a(memcpy.o)
 .text          0x0000000000000000        0x0 /usr/local/mcuxpressoide-10.1.1_606/ide/tools/bin/../lib/gcc/arm-none-eabi/6.3.1/../../../../arm-none-eabi/lib/thumb/v6-m/libcr_c.a(__weak__main.o)
 .data          0x0000000000000000        0x0 /usr/local/mcuxpressoide-10.1.1_606/ide/tools/bin/../lib/gcc/arm-none-eabi/6.3.1/../../../../arm-none-eabi/lib/thumb/v6-m/libcr_c.a(__weak__main.o)
 .bss           0x0000000000000000        0x0 /usr/local/mcuxpressoide-10.1.1_606/ide/tools/bin/../lib/gcc/arm-none-eabi/6.3.1/../../../../arm-none-eabi/lib/thumb/v6-m/libcr_c.a(__weak__main.o)
 .text          0x0000000000000000        0x0 /usr/local/mcuxpressoide-10.1.1_606/ide/tools/bin/../lib/gcc/arm-none-eabi/6.3.1/thumb/v6-m/libcr_eabihelpers.a(division_32.o)
 .data          0x0000000000000000        0x0 /usr/local/mcuxpressoide-10.1.1_606/ide/tools/bin/../lib/gcc/arm-none-eabi/6.3.1/thumb/v6-m/libcr_eabihelpers.a(division_32.o)
 .bss           0x0000000000000000        0x0 /usr/local/mcuxpressoide-10.1.1_606/ide/tools/bin/../lib/gcc/arm-none-eabi/6.3.1/thumb/v6-m/libcr_eabihelpers.a(division_32.o)
 .text          0x0000000000000000        0x0 /usr/local/mcuxpressoide-10.1.1_606/ide/tools/bin/../lib/gcc/arm-none-eabi/6.3.1/thumb/v6-m/libcr_eabihelpers.a(division_idiv0.o)
 .data          0x0000000000000000        0x0 /usr/local/mcuxpressoide-10.1.1_606/ide/tools/bin/../lib/gcc/arm-none-eabi/6.3.1/thumb/v6-m/libcr_eabihelpers.a(division_idiv0.o)
 .bss           0x0000000000000000        0x0 /usr/local/mcuxpressoide-10.1.1_606/ide/tools/bin/../lib/gcc/arm-none-eabi/6.3.1/thumb/v6-m/libcr_eabihelpers.a(division_idiv0.o)
 .text          0x0000000000000000        0x0 /usr/local/mcuxpressoide-10.1.1_606/ide/tools/bin/../lib/gcc/arm-none-eabi/6.3.1/thumb/v6-m/libcr_eabihelpers.a(memcpy.o)
 .data          0x0000000000000000        0x0 /usr/local/mcuxpressoide-10.1.1_606/ide/tools/bin/../lib/gcc/arm-none-eabi/6.3.1/thumb/v6-m/libcr_eabihelpers.a(memcpy.o)
 .bss           0x0000000000000000        0x0 /usr/local/mcuxpressoide-10.1.1_606/ide/tools/bin/../lib/gcc/arm-none-eabi/6.3.1/thumb/v6-m/libcr_eabihelpers.a(memcpy.o)
 .text.__aeabi_memcpy
                0x0000000000000000       0x2c /usr/local/mcuxpressoide-10.1.1_606/ide/tools/bin/../lib/gcc/arm-none-eabi/6.3.1/thumb/v6-m/libcr_eabihelpers.a(memcpy.o)
 .text.__aeabi_memmove
                0x0000000000000000       0x1c /usr/local/mcuxpressoide-10.1.1_606/ide/tools/bin/../lib/gcc/arm-none-eabi/6.3.1/thumb/v6-m/libcr_eabihelpers.a(memcpy.o)
 .text.__aeabi_memset_lowlevel
                0x0000000000000000       0x2a /usr/local/mcuxpressoide-10.1.1_606/ide/tools/bin/../lib/gcc/arm-none-eabi/6.3.1/thumb/v6-m/libcr_eabihelpers.a(memcpy.o)
 .text.__aeabi_memclr
                0x0000000000000000        0x6 /usr/local/mcuxpressoide-10.1.1_606/ide/tools/bin/../lib/gcc/arm-none-eabi/6.3.1/thumb/v6-m/libcr_eabihelpers.a(memcpy.o)
 .text.__aeabi_memset
                0x0000000000000000        0x8 /usr/local/mcuxpressoide-10.1.1_606/ide/tools/bin/../lib/gcc/arm-none-eabi/6.3.1/thumb/v6-m/libcr_eabihelpers.a(memcpy.o)
 .ARM.attributes
                0x0000000000000000       0x21 /usr/local/mcuxpressoide-10.1.1_606/ide/tools/bin/../lib/gcc/arm-none-eabi/6.3.1/thumb/v6-m/libcr_eabihelpers.a(memcpy.o)

Memory Configuration

Name             Origin             Length             Attributes
MFlash32         0x0000000000000000 0x0000000000008000 xr
RamLoc8          0x0000000010000100 0x0000000000001f00 xrw
RAM_00           0x0000000010000000 0x0000000000000100 xrw
*default*        0x0000000000000000 0xffffffffffffffff

Linker script and memory map

LOAD ./src/CAN_UART_1.o
LOAD ./src/cr_startup_lpc11xx.o
LOAD ./src/crp.o
LOAD ./src/sysinit.o
LOAD /home/greg/Documents/CLIMER/Firmware/lpc_chip_11cxx_lib/Debug/liblpc_chip_11cxx_lib.a
START GROUP
LOAD /usr/local/mcuxpressoide-10.1.1_606/ide/tools/bin/../lib/gcc/arm-none-eabi/6.3.1/../../../../arm-none-eabi/lib/thumb/v6-m/libcr_c.a
LOAD /usr/local/mcuxpressoide-10.1.1_606/ide/tools/bin/../lib/gcc/arm-none-eabi/6.3.1/thumb/v6-m/libcr_eabihelpers.a
END GROUP
                0x0000000000000000                __base_MFlash32 = 0x0
                0x0000000000000000                __base_Flash = 0x0
                0x0000000000008000                __top_MFlash32 = 0x8000
                0x0000000000008000                __top_Flash = 0x8000
                0x0000000010000100                __base_RamLoc8 = 0x10000100
                0x0000000010000100                __base_RAM = 0x10000100
                0x0000000010002000                __top_RamLoc8 = 0x10002000
                0x0000000010002000                __top_RAM = 0x10002000
                0x0000000010000000                __base_RAM_00 = 0x10000000
                0x0000000010000000                __base_RAM2 = 0x10000000
                0x0000000010000100                __top_RAM_00 = 0x10000100
                0x0000000010000100                __top_RAM2 = 0x10000100

.text           0x0000000000000000      0xce0
 FILL mask 0xff
                0x0000000000000000                __vectors_start__ = ABSOLUTE (.)
 *(.isr_vector)
 .isr_vector    0x0000000000000000       0xc0 ./src/cr_startup_lpc11xx.o
                0x0000000000000000                g_pfnVectors
                0x00000000000000c0                . = ALIGN (0x4)
                0x00000000000000c0                __section_table_start = .
                0x00000000000000c0                __data_section_table = .
                0x00000000000000c0        0x4 LONG 0xce0 LOADADDR (.data)
                0x00000000000000c4        0x4 LONG 0x10000100 ADDR (.data)
                0x00000000000000c8        0x4 LONG 0x20 SIZEOF (.data)
                0x00000000000000cc        0x4 LONG 0xce0 LOADADDR (.data_RAM2)
                0x00000000000000d0        0x4 LONG 0x10000000 ADDR (.data_RAM2)
                0x00000000000000d4        0x4 LONG 0x0 SIZEOF (.data_RAM2)
                0x00000000000000d8                __data_section_table_end = .
                0x00000000000000d8                __bss_section_table = .
                0x00000000000000d8        0x4 LONG 0x10000120 ADDR (.bss)
                0x00000000000000dc        0x4 LONG 0x20 SIZEOF (.bss)
                0x00000000000000e0        0x4 LONG 0x10000000 ADDR (.bss_RAM2)
                0x00000000000000e4        0x4 LONG 0x0 SIZEOF (.bss_RAM2)
                0x00000000000000e8                __bss_section_table_end = .
                0x00000000000000e8                __section_table_end = .
 *(.after_vectors*)
 .after_vectors
                0x00000000000000e8      0x118 ./src/cr_startup_lpc11xx.o
                0x00000000000000e8                data_init
                0x0000000000000128                bss_init
                0x000000000000015c                ResetISR
                0x00000000000001dc                NMI_Handler
                0x00000000000001e2                HardFault_Handler
                0x00000000000001e8                SVC_Handler
                0x00000000000001ee                PendSV_Handler
                0x00000000000001f4                SysTick_Handler
                0x00000000000001fa                TIMER16_0_IRQHandler
                0x00000000000001fa                UART_IRQHandler
                0x00000000000001fa                TIMER32_0_IRQHandler
                0x00000000000001fa                TIMER32_1_IRQHandler
                0x00000000000001fa                IntDefaultHandler
                0x00000000000001fa                PIOINT1_IRQHandler
                0x00000000000001fa                SSP0_IRQHandler
                0x00000000000001fa                TIMER16_1_IRQHandler
                0x00000000000001fa                ADC_IRQHandler
                0x00000000000001fa                SSP1_IRQHandler
                0x00000000000001fa                PIOINT2_IRQHandler
                0x00000000000001fa                BOD_IRQHandler
                0x00000000000001fa                WAKEUP_IRQHandler
                0x00000000000001fa                PIOINT0_IRQHandler
                0x00000000000001fa                I2C_IRQHandler
                0x00000000000001fa                WDT_IRQHandler
                0x00000000000001fa                PIOINT3_IRQHandler
 *(.text*)
 .text.NVIC_EnableIRQ
                0x0000000000000200       0x2c ./src/CAN_UART_1.o
 .text.Chip_IOCON_PinMuxSet
                0x000000000000022c       0x28 ./src/CAN_UART_1.o
 .text.Chip_UART_TXEnable
                0x0000000000000254       0x16 ./src/CAN_UART_1.o
 .text.Chip_UART_SetupFIFOS
                0x000000000000026a       0x18 ./src/CAN_UART_1.o
 .text.Chip_UART_ConfigData
                0x0000000000000282       0x18 ./src/CAN_UART_1.o
 *fill*         0x000000000000029a        0x2 ff
 .text.main     0x000000000000029c       0xac ./src/CAN_UART_1.o
                0x000000000000029c                main
 .text.UART_Init
                0x0000000000000348       0x60 ./src/CAN_UART_1.o
                0x0000000000000348                UART_Init
 .text.CAN_Init
                0x00000000000003a8      0x108 ./src/CAN_UART_1.o
                0x00000000000003a8                CAN_Init
 .text.CAN_IRQHandler
                0x00000000000004b0       0x18 ./src/CAN_UART_1.o
                0x00000000000004b0                CAN_IRQHandler
 .text.CAN_rx   0x00000000000004c8       0x5c ./src/CAN_UART_1.o
                0x00000000000004c8                CAN_rx
 .text.CAN_tx   0x0000000000000524       0x38 ./src/CAN_UART_1.o
                0x0000000000000524                CAN_tx
 .text.CAN_error
                0x000000000000055c       0x10 ./src/CAN_UART_1.o
                0x000000000000055c                CAN_error
 .text.LED_Init
                0x000000000000056c       0x54 ./src/CAN_UART_1.o
                0x000000000000056c                LED_Init
 .text.LED_setvalue
                0x00000000000005c0       0x40 ./src/CAN_UART_1.o
                0x00000000000005c0                LED_setvalue
 .text.SystemInit
                0x0000000000000600        0xe ./src/sysinit.o
                0x0000000000000600                SystemInit
 *fill*         0x000000000000060e        0x2 ff
 .text.SystemCoreClockUpdate
                0x0000000000000610       0x18 /home/greg/Documents/CLIMER/Firmware/lpc_chip_11cxx_lib/Debug/liblpc_chip_11cxx_lib.a(chip_11xx.o)
                0x0000000000000610                SystemCoreClockUpdate
 .text.Chip_Clock_GetMainOscRate
                0x0000000000000628       0x14 /home/greg/Documents/CLIMER/Firmware/lpc_chip_11cxx_lib/Debug/liblpc_chip_11cxx_lib.a(clock_11xx.o)
 .text.Chip_Clock_GetIntOscRate
                0x000000000000063c       0x10 /home/greg/Documents/CLIMER/Firmware/lpc_chip_11cxx_lib/Debug/liblpc_chip_11cxx_lib.a(clock_11xx.o)
 .text.Chip_Clock_GetWDTLFORate
                0x000000000000064c       0x48 /home/greg/Documents/CLIMER/Firmware/lpc_chip_11cxx_lib/Debug/liblpc_chip_11cxx_lib.a(clock_11xx.o)
 .text.Chip_Clock_GetPLLFreq
                0x0000000000000694       0x22 /home/greg/Documents/CLIMER/Firmware/lpc_chip_11cxx_lib/Debug/liblpc_chip_11cxx_lib.a(clock_11xx.o)
 *fill*         0x00000000000006b6        0x2 ff
 .text.Chip_Clock_SetSystemPLLSource
                0x00000000000006b8       0x2c /home/greg/Documents/CLIMER/Firmware/lpc_chip_11cxx_lib/Debug/liblpc_chip_11cxx_lib.a(clock_11xx.o)
                0x00000000000006b8                Chip_Clock_SetSystemPLLSource
 .text.Chip_Clock_SetMainClockSource
                0x00000000000006e4       0x2c /home/greg/Documents/CLIMER/Firmware/lpc_chip_11cxx_lib/Debug/liblpc_chip_11cxx_lib.a(clock_11xx.o)
                0x00000000000006e4                Chip_Clock_SetMainClockSource
 .text.Chip_Clock_GetWDTOSCRate
                0x0000000000000710       0x1c /home/greg/Documents/CLIMER/Firmware/lpc_chip_11cxx_lib/Debug/liblpc_chip_11cxx_lib.a(clock_11xx.o)
                0x0000000000000710                Chip_Clock_GetWDTOSCRate
 .text.Chip_Clock_GetSystemPLLInClockRate
                0x000000000000072c       0x40 /home/greg/Documents/CLIMER/Firmware/lpc_chip_11cxx_lib/Debug/liblpc_chip_11cxx_lib.a(clock_11xx.o)
                0x000000000000072c                Chip_Clock_GetSystemPLLInClockRate
 .text.Chip_Clock_GetSystemPLLOutClockRate
                0x000000000000076c       0x24 /home/greg/Documents/CLIMER/Firmware/lpc_chip_11cxx_lib/Debug/liblpc_chip_11cxx_lib.a(clock_11xx.o)
                0x000000000000076c                Chip_Clock_GetSystemPLLOutClockRate
 .text.Chip_Clock_GetMainClockRate
                0x0000000000000790       0x64 /home/greg/Documents/CLIMER/Firmware/lpc_chip_11cxx_lib/Debug/liblpc_chip_11cxx_lib.a(clock_11xx.o)
                0x0000000000000790                Chip_Clock_GetMainClockRate
 .text.Chip_Clock_GetSystemClockRate
                0x00000000000007f4       0x24 /home/greg/Documents/CLIMER/Firmware/lpc_chip_11cxx_lib/Debug/liblpc_chip_11cxx_lib.a(clock_11xx.o)
                0x00000000000007f4                Chip_Clock_GetSystemClockRate
 .text.Chip_FMC_SetFLASHAccess
                0x0000000000000818       0x30 /home/greg/Documents/CLIMER/Firmware/lpc_chip_11cxx_lib/Debug/liblpc_chip_11cxx_lib.a(sysinit_11xx.o)
 .text.Chip_Clock_SetupSystemPLL
                0x0000000000000848       0x38 /home/greg/Documents/CLIMER/Firmware/lpc_chip_11cxx_lib/Debug/liblpc_chip_11cxx_lib.a(sysinit_11xx.o)
 .text.Chip_Clock_IsSystemPLLLocked
                0x0000000000000880       0x1c /home/greg/Documents/CLIMER/Firmware/lpc_chip_11cxx_lib/Debug/liblpc_chip_11cxx_lib.a(sysinit_11xx.o)
 .text.Chip_Clock_SetSysClockDiv
                0x000000000000089c       0x1c /home/greg/Documents/CLIMER/Firmware/lpc_chip_11cxx_lib/Debug/liblpc_chip_11cxx_lib.a(sysinit_11xx.o)
 .text.Chip_Clock_EnablePeriphClock
                0x00000000000008b8       0x30 /home/greg/Documents/CLIMER/Firmware/lpc_chip_11cxx_lib/Debug/liblpc_chip_11cxx_lib.a(sysinit_11xx.o)
 .text.Chip_SystemInit
                0x00000000000008e8       0x5c /home/greg/Documents/CLIMER/Firmware/lpc_chip_11cxx_lib/Debug/liblpc_chip_11cxx_lib.a(sysinit_11xx.o)
                0x00000000000008e8                Chip_SystemInit
 .text.Chip_Clock_EnablePeriphClock
                0x0000000000000944       0x30 /home/greg/Documents/CLIMER/Firmware/lpc_chip_11cxx_lib/Debug/liblpc_chip_11cxx_lib.a(uart_11xx.o)
 .text.Chip_Clock_SetUARTClockDiv
                0x0000000000000974       0x1c /home/greg/Documents/CLIMER/Firmware/lpc_chip_11cxx_lib/Debug/liblpc_chip_11cxx_lib.a(uart_11xx.o)
 .text.Chip_UART_SendByte
                0x0000000000000990       0x1e /home/greg/Documents/CLIMER/Firmware/lpc_chip_11cxx_lib/Debug/liblpc_chip_11cxx_lib.a(uart_11xx.o)
 .text.Chip_UART_SetupFIFOS
                0x00000000000009ae       0x18 /home/greg/Documents/CLIMER/Firmware/lpc_chip_11cxx_lib/Debug/liblpc_chip_11cxx_lib.a(uart_11xx.o)
 .text.Chip_UART_ConfigData
                0x00000000000009c6       0x18 /home/greg/Documents/CLIMER/Firmware/lpc_chip_11cxx_lib/Debug/liblpc_chip_11cxx_lib.a(uart_11xx.o)
 .text.Chip_UART_EnableDivisorAccess
                0x00000000000009de       0x1c /home/greg/Documents/CLIMER/Firmware/lpc_chip_11cxx_lib/Debug/liblpc_chip_11cxx_lib.a(uart_11xx.o)
 .text.Chip_UART_DisableDivisorAccess
                0x00000000000009fa       0x1e /home/greg/Documents/CLIMER/Firmware/lpc_chip_11cxx_lib/Debug/liblpc_chip_11cxx_lib.a(uart_11xx.o)
 .text.Chip_UART_SetDivisorLatches
                0x0000000000000a18       0x30 /home/greg/Documents/CLIMER/Firmware/lpc_chip_11cxx_lib/Debug/liblpc_chip_11cxx_lib.a(uart_11xx.o)
 .text.Chip_UART_ReadLineStatus
                0x0000000000000a48       0x14 /home/greg/Documents/CLIMER/Firmware/lpc_chip_11cxx_lib/Debug/liblpc_chip_11cxx_lib.a(uart_11xx.o)
 .text.Chip_UART_Init
                0x0000000000000a5c       0x36 /home/greg/Documents/CLIMER/Firmware/lpc_chip_11cxx_lib/Debug/liblpc_chip_11cxx_lib.a(uart_11xx.o)
                0x0000000000000a5c                Chip_UART_Init
 .text.Chip_UART_Send
                0x0000000000000a92       0x52 /home/greg/Documents/CLIMER/Firmware/lpc_chip_11cxx_lib/Debug/liblpc_chip_11cxx_lib.a(uart_11xx.o)
                0x0000000000000a92                Chip_UART_Send
 .text.Chip_UART_SendBlocking
                0x0000000000000ae4       0x4e /home/greg/Documents/CLIMER/Firmware/lpc_chip_11cxx_lib/Debug/liblpc_chip_11cxx_lib.a(uart_11xx.o)
                0x0000000000000ae4                Chip_UART_SendBlocking
 .text.Chip_UART_SetBaud
                0x0000000000000b32       0x64 /home/greg/Documents/CLIMER/Firmware/lpc_chip_11cxx_lib/Debug/liblpc_chip_11cxx_lib.a(uart_11xx.o)
                0x0000000000000b32                Chip_UART_SetBaud
 *fill*         0x0000000000000b96        0x2 ff
 .text.Chip_SYSCTL_PowerDown
                0x0000000000000b98       0x40 /home/greg/Documents/CLIMER/Firmware/lpc_chip_11cxx_lib/Debug/liblpc_chip_11cxx_lib.a(sysctl_11xx.o)
                0x0000000000000b98                Chip_SYSCTL_PowerDown
 .text.Chip_SYSCTL_PowerUp
                0x0000000000000bd8       0x40 /home/greg/Documents/CLIMER/Firmware/lpc_chip_11cxx_lib/Debug/liblpc_chip_11cxx_lib.a(sysctl_11xx.o)
                0x0000000000000bd8                Chip_SYSCTL_PowerUp
 .text.__weak_main
                0x0000000000000c18        0x8 /usr/local/mcuxpressoide-10.1.1_606/ide/tools/bin/../lib/gcc/arm-none-eabi/6.3.1/../../../../arm-none-eabi/lib/thumb/v6-m/libcr_c.a(__weak__main.o)
                0x0000000000000c18                __main
                0x0000000000000c18                __weak_main
 .text.__aeabi_division_idivmod
                0x0000000000000c20       0x78 /usr/local/mcuxpressoide-10.1.1_606/ide/tools/bin/../lib/gcc/arm-none-eabi/6.3.1/thumb/v6-m/libcr_eabihelpers.a(division_32.o)
                0x0000000000000c20                __aeabi_idiv
                0x0000000000000c20                __aeabi_idivmod
                0x0000000000000c26                __aeabi_uidiv
                0x0000000000000c26                __aeabi_uidivmod
 .text.__aeabi_division_idiv0
                0x0000000000000c98        0x2 /usr/local/mcuxpressoide-10.1.1_606/ide/tools/bin/../lib/gcc/arm-none-eabi/6.3.1/thumb/v6-m/libcr_eabihelpers.a(division_idiv0.o)
                0x0000000000000c98                __aeabi_idiv0
 *(.rodata .rodata.* .constdata .constdata.*)
 *fill*         0x0000000000000c9a        0x2 ff
 .rodata.OscRateIn
                0x0000000000000c9c        0x4 ./src/sysinit.o
                0x0000000000000c9c                OscRateIn
 .rodata.wdtOSCRate
                0x0000000000000ca0       0x40 /home/greg/Documents/CLIMER/Firmware/lpc_chip_11cxx_lib/Debug/liblpc_chip_11cxx_lib.a(clock_11xx.o)
                0x0000000000000ce0                . = ALIGN (0x4)

.glue_7         0x0000000000000ce0        0x0
 .glue_7        0x0000000000000ce0        0x0 linker stubs

.glue_7t        0x0000000000000ce0        0x0
 .glue_7t       0x0000000000000ce0        0x0 linker stubs

.vfp11_veneer   0x0000000000000ce0        0x0
 .vfp11_veneer  0x0000000000000ce0        0x0 linker stubs

.v4_bx          0x0000000000000ce0        0x0
 .v4_bx         0x0000000000000ce0        0x0 linker stubs

.iplt           0x0000000000000ce0        0x0
 .iplt          0x0000000000000ce0        0x0 ./src/CAN_UART_1.o

.rel.dyn        0x0000000000000ce0        0x0
 .rel.iplt      0x0000000000000ce0        0x0 ./src/CAN_UART_1.o

.ARM.extab
 *(.ARM.extab* .gnu.linkonce.armextab.*)
                0x0000000000000ce0                __exidx_start = .

.ARM.exidx
 *(.ARM.exidx* .gnu.linkonce.armexidx.*)
                0x0000000000000ce0                __exidx_end = .
                0x0000000000000ce0                _etext = .

.data_RAM2      0x0000000010000000        0x0 load address 0x0000000000000ce0
 FILL mask 0xff
                [!provide]                        PROVIDE (__start_data_RAM2, .)
 *(.ramfunc.$RAM2)
 *(.ramfunc.$RAM_00)
 *(.data.$RAM2*)
 *(.data.$RAM_00*)
                0x0000000010000000                . = ALIGN (0x4)
                [!provide]                        PROVIDE (__end_data_RAM2, .)

.uninit_RESERVED
                0x0000000010000100        0x0
 *(.bss.$RESERVED*)
                0x0000000010000100                . = ALIGN (0x4)
                0x0000000010000100                _end_uninit_RESERVED = .

.data           0x0000000010000100       0x20 load address 0x0000000000000ce0
 FILL mask 0xff
                0x0000000010000100                _data = .
 *(vtable)
 *(.ramfunc*)
 *(.data*)
 .data.callbacks
                0x0000000010000100       0x20 ./src/CAN_UART_1.o
                0x0000000010000100                callbacks
                0x0000000010000120                . = ALIGN (0x4)
                0x0000000010000120                _edata = .

.igot.plt       0x0000000010000120        0x0 load address 0x0000000000000d00
 .igot.plt      0x0000000010000120        0x0 ./src/CAN_UART_1.o

.bss_RAM2       0x0000000010000000        0x0
                [!provide]                        PROVIDE (__start_bss_RAM2, .)
 *(.bss.$RAM2*)
 *(.bss.$RAM_00*)
                0x0000000010000000                . = ALIGN ((. != 0x0)?0x4:0x1)
                [!provide]                        PROVIDE (__end_bss_RAM2, .)

.bss            0x0000000010000120       0x20
                0x0000000010000120                _bss = .
 *(.bss*)
 .bss.CanApiClkInitTable
                0x0000000010000120        0x8 ./src/CAN_UART_1.o
                0x0000000010000120                CanApiClkInitTable
 .bss.msg_obj   0x0000000010000128       0x14 ./src/CAN_UART_1.o
                0x0000000010000128                msg_obj
 *(COMMON)
 COMMON         0x000000001000013c        0x4 /home/greg/Documents/CLIMER/Firmware/lpc_chip_11cxx_lib/Debug/liblpc_chip_11cxx_lib.a(chip_11xx.o)
                0x000000001000013c                SystemCoreClock
                0x0000000010000140                . = ALIGN (0x4)
                0x0000000010000140                _ebss = .
                [!provide]                        PROVIDE (end, .)

.noinit_RAM2    0x0000000010000000        0x0
 *(.noinit.$RAM2*)
 *(.noinit.$RAM_00*)
                0x0000000010000000                . = ALIGN (0x4)

.noinit         0x0000000010000140        0x0
                0x0000000010000140                _noinit = .
 *(.noinit*)
                0x0000000010000140                . = ALIGN (0x4)
                0x0000000010000140                _end_noinit = .
                [!provide]                        PROVIDE (_pvHeapStart, DEFINED (__user_heap_base)?__user_heap_base:.)
                0x0000000010002000                PROVIDE (_vStackTop, DEFINED (__user_stack_top)?__user_stack_top:(__top_RamLoc8 - 0x0))
                0xffffffffefffdae3                PROVIDE (__valid_user_code_checksum, (0x0 - (((_vStackTop + (ResetISR + 0x1)) + (DEFINED (NMI_Handler)?NMI_Handler:M0_NMI_Handler + 0x1)) + (DEFINED (HardFault_Handler)?HardFault_Handler:M0_HardFault_Handler + 0x1))))
                0x0000000000000000                _image_start = LOADADDR (.text)
                0x0000000000000d00                _image_end = (LOADADDR (.data) + SIZEOF (.data))
                0x0000000000000d00                _image_size = (_image_end - _image_start)
OUTPUT(CAN_UART_1.axf elf32-littlearm)

.debug_info     0x0000000000000000     0x3cce
 .debug_info    0x0000000000000000     0x1327 ./src/CAN_UART_1.o
 .debug_info    0x0000000000001327      0x20b ./src/cr_startup_lpc11xx.o
 .debug_info    0x0000000000001532      0x117 ./src/sysinit.o
 .debug_info    0x0000000000001649      0x10a /home/greg/Documents/CLIMER/Firmware/lpc_chip_11cxx_lib/Debug/liblpc_chip_11cxx_lib.a(chip_11xx.o)
 .debug_info    0x0000000000001753      0x8d0 /home/greg/Documents/CLIMER/Firmware/lpc_chip_11cxx_lib/Debug/liblpc_chip_11cxx_lib.a(clock_11xx.o)
 .debug_info    0x0000000000002023      0x820 /home/greg/Documents/CLIMER/Firmware/lpc_chip_11cxx_lib/Debug/liblpc_chip_11cxx_lib.a(sysinit_11xx.o)
 .debug_info    0x0000000000002843      0xebf /home/greg/Documents/CLIMER/Firmware/lpc_chip_11cxx_lib/Debug/liblpc_chip_11cxx_lib.a(uart_11xx.o)
 .debug_info    0x0000000000003702      0x5cc /home/greg/Documents/CLIMER/Firmware/lpc_chip_11cxx_lib/Debug/liblpc_chip_11cxx_lib.a(sysctl_11xx.o)

.debug_abbrev   0x0000000000000000      0xc1d
 .debug_abbrev  0x0000000000000000      0x308 ./src/CAN_UART_1.o
 .debug_abbrev  0x0000000000000308       0xf4 ./src/cr_startup_lpc11xx.o
 .debug_abbrev  0x00000000000003fc       0xa6 ./src/sysinit.o
 .debug_abbrev  0x00000000000004a2       0xa6 /home/greg/Documents/CLIMER/Firmware/lpc_chip_11cxx_lib/Debug/liblpc_chip_11cxx_lib.a(chip_11xx.o)
 .debug_abbrev  0x0000000000000548      0x1e6 /home/greg/Documents/CLIMER/Firmware/lpc_chip_11cxx_lib/Debug/liblpc_chip_11cxx_lib.a(clock_11xx.o)
 .debug_abbrev  0x000000000000072e      0x1ad /home/greg/Documents/CLIMER/Firmware/lpc_chip_11cxx_lib/Debug/liblpc_chip_11cxx_lib.a(sysinit_11xx.o)
 .debug_abbrev  0x00000000000008db      0x236 /home/greg/Documents/CLIMER/Firmware/lpc_chip_11cxx_lib/Debug/liblpc_chip_11cxx_lib.a(uart_11xx.o)
 .debug_abbrev  0x0000000000000b11      0x10c /home/greg/Documents/CLIMER/Firmware/lpc_chip_11cxx_lib/Debug/liblpc_chip_11cxx_lib.a(sysctl_11xx.o)

.debug_aranges  0x0000000000000000      0x328
 .debug_aranges
                0x0000000000000000       0x90 ./src/CAN_UART_1.o
 .debug_aranges
                0x0000000000000090       0x60 ./src/cr_startup_lpc11xx.o
 .debug_aranges
                0x00000000000000f0       0x20 ./src/sysinit.o
 .debug_aranges
                0x0000000000000110       0x20 /home/greg/Documents/CLIMER/Firmware/lpc_chip_11cxx_lib/Debug/liblpc_chip_11cxx_lib.a(chip_11xx.o)
 .debug_aranges
                0x0000000000000130       0x88 /home/greg/Documents/CLIMER/Firmware/lpc_chip_11cxx_lib/Debug/liblpc_chip_11cxx_lib.a(clock_11xx.o)
 .debug_aranges
                0x00000000000001b8       0x48 /home/greg/Documents/CLIMER/Firmware/lpc_chip_11cxx_lib/Debug/liblpc_chip_11cxx_lib.a(sysinit_11xx.o)
 .debug_aranges
                0x0000000000000200       0xf0 /home/greg/Documents/CLIMER/Firmware/lpc_chip_11cxx_lib/Debug/liblpc_chip_11cxx_lib.a(uart_11xx.o)
 .debug_aranges
                0x00000000000002f0       0x38 /home/greg/Documents/CLIMER/Firmware/lpc_chip_11cxx_lib/Debug/liblpc_chip_11cxx_lib.a(sysctl_11xx.o)

.debug_ranges   0x0000000000000000      0x2a8
 .debug_ranges  0x0000000000000000       0x80 ./src/CAN_UART_1.o
 .debug_ranges  0x0000000000000080       0x50 ./src/cr_startup_lpc11xx.o
 .debug_ranges  0x00000000000000d0       0x10 ./src/sysinit.o
 .debug_ranges  0x00000000000000e0       0x10 /home/greg/Documents/CLIMER/Firmware/lpc_chip_11cxx_lib/Debug/liblpc_chip_11cxx_lib.a(chip_11xx.o)
 .debug_ranges  0x00000000000000f0       0x78 /home/greg/Documents/CLIMER/Firmware/lpc_chip_11cxx_lib/Debug/liblpc_chip_11cxx_lib.a(clock_11xx.o)
 .debug_ranges  0x0000000000000168       0x38 /home/greg/Documents/CLIMER/Firmware/lpc_chip_11cxx_lib/Debug/liblpc_chip_11cxx_lib.a(sysinit_11xx.o)
 .debug_ranges  0x00000000000001a0       0xe0 /home/greg/Documents/CLIMER/Firmware/lpc_chip_11cxx_lib/Debug/liblpc_chip_11cxx_lib.a(uart_11xx.o)
 .debug_ranges  0x0000000000000280       0x28 /home/greg/Documents/CLIMER/Firmware/lpc_chip_11cxx_lib/Debug/liblpc_chip_11cxx_lib.a(sysctl_11xx.o)

.debug_macro    0x0000000000000000     0x30f2
 .debug_macro   0x0000000000000000      0x181 ./src/CAN_UART_1.o
 .debug_macro   0x0000000000000181      0x8c2 ./src/CAN_UART_1.o
 .debug_macro   0x0000000000000a43       0x10 ./src/CAN_UART_1.o
 .debug_macro   0x0000000000000a53      0x12d ./src/CAN_UART_1.o
 .debug_macro   0x0000000000000b80      0x5b2 ./src/CAN_UART_1.o
 .debug_macro   0x0000000000001132       0x22 ./src/CAN_UART_1.o
 .debug_macro   0x0000000000001154       0x7b ./src/CAN_UART_1.o
 .debug_macro   0x00000000000011cf       0x10 ./src/CAN_UART_1.o
 .debug_macro   0x00000000000011df       0x1f ./src/CAN_UART_1.o
 .debug_macro   0x00000000000011fe       0x3a ./src/CAN_UART_1.o
 .debug_macro   0x0000000000001238      0x241 ./src/CAN_UART_1.o
 .debug_macro   0x0000000000001479      0x117 ./src/CAN_UART_1.o
 .debug_macro   0x0000000000001590       0x22 ./src/CAN_UART_1.o
 .debug_macro   0x00000000000015b2       0xb2 ./src/CAN_UART_1.o
 .debug_macro   0x0000000000001664       0x10 ./src/CAN_UART_1.o
 .debug_macro   0x0000000000001674      0x137 ./src/CAN_UART_1.o
 .debug_macro   0x00000000000017ab       0x4c ./src/CAN_UART_1.o
 .debug_macro   0x00000000000017f7       0x16 ./src/CAN_UART_1.o
 .debug_macro   0x000000000000180d      0x31a ./src/CAN_UART_1.o
 .debug_macro   0x0000000000001b27       0x2e ./src/CAN_UART_1.o
 .debug_macro   0x0000000000001b55       0xb8 ./src/CAN_UART_1.o
 .debug_macro   0x0000000000001c0d       0x11 ./src/CAN_UART_1.o
 .debug_macro   0x0000000000001c1e       0x7c ./src/CAN_UART_1.o
 .debug_macro   0x0000000000001c9a      0x21c ./src/CAN_UART_1.o
 .debug_macro   0x0000000000001eb6      0x113 ./src/CAN_UART_1.o
 .debug_macro   0x0000000000001fc9       0x82 ./src/CAN_UART_1.o
 .debug_macro   0x000000000000204b       0x1d ./src/cr_startup_lpc11xx.o
 .debug_macro   0x0000000000002068      0x148 ./src/sysinit.o
 .debug_macro   0x00000000000021b0      0x148 /home/greg/Documents/CLIMER/Firmware/lpc_chip_11cxx_lib/Debug/liblpc_chip_11cxx_lib.a(chip_11xx.o)
 .debug_macro   0x00000000000022f8      0x8b0 /home/greg/Documents/CLIMER/Firmware/lpc_chip_11cxx_lib/Debug/liblpc_chip_11cxx_lib.a(chip_11xx.o)
 .debug_macro   0x0000000000002ba8      0x148 /home/greg/Documents/CLIMER/Firmware/lpc_chip_11cxx_lib/Debug/liblpc_chip_11cxx_lib.a(clock_11xx.o)
 .debug_macro   0x0000000000002cf0      0x148 /home/greg/Documents/CLIMER/Firmware/lpc_chip_11cxx_lib/Debug/liblpc_chip_11cxx_lib.a(sysinit_11xx.o)
 .debug_macro   0x0000000000002e38      0x148 /home/greg/Documents/CLIMER/Firmware/lpc_chip_11cxx_lib/Debug/liblpc_chip_11cxx_lib.a(uart_11xx.o)
 .debug_macro   0x0000000000002f80      0x172 /home/greg/Documents/CLIMER/Firmware/lpc_chip_11cxx_lib/Debug/liblpc_chip_11cxx_lib.a(sysctl_11xx.o)

.debug_line     0x0000000000000000     0x19d8
 .debug_line    0x0000000000000000      0x48f ./src/CAN_UART_1.o
 .debug_line    0x000000000000048f       0xb8 ./src/cr_startup_lpc11xx.o
 .debug_line    0x0000000000000547      0x2b4 ./src/sysinit.o
 .debug_line    0x00000000000007fb      0x2b6 /home/greg/Documents/CLIMER/Firmware/lpc_chip_11cxx_lib/Debug/liblpc_chip_11cxx_lib.a(chip_11xx.o)
 .debug_line    0x0000000000000ab1      0x3e1 /home/greg/Documents/CLIMER/Firmware/lpc_chip_11cxx_lib/Debug/liblpc_chip_11cxx_lib.a(clock_11xx.o)
 .debug_line    0x0000000000000e92      0x32d /home/greg/Documents/CLIMER/Firmware/lpc_chip_11cxx_lib/Debug/liblpc_chip_11cxx_lib.a(sysinit_11xx.o)
 .debug_line    0x00000000000011bf      0x526 /home/greg/Documents/CLIMER/Firmware/lpc_chip_11cxx_lib/Debug/liblpc_chip_11cxx_lib.a(uart_11xx.o)
 .debug_line    0x00000000000016e5      0x2f3 /home/greg/Documents/CLIMER/Firmware/lpc_chip_11cxx_lib/Debug/liblpc_chip_11cxx_lib.a(sysctl_11xx.o)

.debug_str      0x0000000000000000     0x9c94
 .debug_str     0x0000000000000000     0x8edc ./src/CAN_UART_1.o
                                       0x900e (size before relaxing)
 .debug_str     0x0000000000008edc      0x18c ./src/cr_startup_lpc11xx.o
                                       0x26a3 (size before relaxing)
 .debug_str     0x0000000000009068       0x11 ./src/sysinit.o
                                       0x7e7a (size before relaxing)
 .debug_str     0x0000000000009079      0x114 /home/greg/Documents/CLIMER/Firmware/lpc_chip_11cxx_lib/Debug/liblpc_chip_11cxx_lib.a(chip_11xx.o)
                                       0x7e4b (size before relaxing)
 .debug_str     0x000000000000918d      0x555 /home/greg/Documents/CLIMER/Firmware/lpc_chip_11cxx_lib/Debug/liblpc_chip_11cxx_lib.a(clock_11xx.o)
                                       0x861f (size before relaxing)
 .debug_str     0x00000000000096e2      0x167 /home/greg/Documents/CLIMER/Firmware/lpc_chip_11cxx_lib/Debug/liblpc_chip_11cxx_lib.a(sysinit_11xx.o)
                                       0x84c2 (size before relaxing)
 .debug_str     0x0000000000009849      0x2ac /home/greg/Documents/CLIMER/Firmware/lpc_chip_11cxx_lib/Debug/liblpc_chip_11cxx_lib.a(uart_11xx.o)
                                       0x85d3 (size before relaxing)
 .debug_str     0x0000000000009af5      0x19f /home/greg/Documents/CLIMER/Firmware/lpc_chip_11cxx_lib/Debug/liblpc_chip_11cxx_lib.a(sysctl_11xx.o)
                                       0x8269 (size before relaxing)

.comment        0x0000000000000000       0x7f
 .comment       0x0000000000000000       0x7f ./src/CAN_UART_1.o
                                         0x80 (size before relaxing)
 .comment       0x000000000000007f       0x80 ./src/cr_startup_lpc11xx.o
 .comment       0x000000000000007f       0x80 ./src/sysinit.o
 .comment       0x000000000000007f       0x80 /home/greg/Documents/CLIMER/Firmware/lpc_chip_11cxx_lib/Debug/liblpc_chip_11cxx_lib.a(chip_11xx.o)
 .comment       0x000000000000007f       0x80 /home/greg/Documents/CLIMER/Firmware/lpc_chip_11cxx_lib/Debug/liblpc_chip_11cxx_lib.a(clock_11xx.o)
 .comment       0x000000000000007f       0x80 /home/greg/Documents/CLIMER/Firmware/lpc_chip_11cxx_lib/Debug/liblpc_chip_11cxx_lib.a(sysinit_11xx.o)
 .comment       0x000000000000007f       0x80 /home/greg/Documents/CLIMER/Firmware/lpc_chip_11cxx_lib/Debug/liblpc_chip_11cxx_lib.a(uart_11xx.o)
 .comment       0x000000000000007f       0x80 /home/greg/Documents/CLIMER/Firmware/lpc_chip_11cxx_lib/Debug/liblpc_chip_11cxx_lib.a(sysctl_11xx.o)
 .comment       0x000000000000007f       0x80 /usr/local/mcuxpressoide-10.1.1_606/ide/tools/bin/../lib/gcc/arm-none-eabi/6.3.1/../../../../arm-none-eabi/lib/thumb/v6-m/libcr_c.a(__weak__main.o)

.ARM.attributes
                0x0000000000000000       0x2f
 .ARM.attributes
                0x0000000000000000       0x31 ./src/CAN_UART_1.o
 .ARM.attributes
                0x0000000000000031       0x31 ./src/cr_startup_lpc11xx.o
 .ARM.attributes
                0x0000000000000062       0x31 ./src/sysinit.o
 .ARM.attributes
                0x0000000000000093       0x31 /home/greg/Documents/CLIMER/Firmware/lpc_chip_11cxx_lib/Debug/liblpc_chip_11cxx_lib.a(chip_11xx.o)
 .ARM.attributes
                0x00000000000000c4       0x31 /home/greg/Documents/CLIMER/Firmware/lpc_chip_11cxx_lib/Debug/liblpc_chip_11cxx_lib.a(clock_11xx.o)
 .ARM.attributes
                0x00000000000000f5       0x31 /home/greg/Documents/CLIMER/Firmware/lpc_chip_11cxx_lib/Debug/liblpc_chip_11cxx_lib.a(sysinit_11xx.o)
 .ARM.attributes
                0x0000000000000126       0x31 /home/greg/Documents/CLIMER/Firmware/lpc_chip_11cxx_lib/Debug/liblpc_chip_11cxx_lib.a(uart_11xx.o)
 .ARM.attributes
                0x0000000000000157       0x31 /home/greg/Documents/CLIMER/Firmware/lpc_chip_11cxx_lib/Debug/liblpc_chip_11cxx_lib.a(sysctl_11xx.o)
 .ARM.attributes
                0x0000000000000188       0x31 /usr/local/mcuxpressoide-10.1.1_606/ide/tools/bin/../lib/gcc/arm-none-eabi/6.3.1/../../../../arm-none-eabi/lib/thumb/v6-m/libcr_c.a(__weak__main.o)
 .ARM.attributes
                0x00000000000001b9       0x21 /usr/local/mcuxpressoide-10.1.1_606/ide/tools/bin/../lib/gcc/arm-none-eabi/6.3.1/thumb/v6-m/libcr_eabihelpers.a(division_32.o)
 .ARM.attributes
                0x00000000000001da       0x21 /usr/local/mcuxpressoide-10.1.1_606/ide/tools/bin/../lib/gcc/arm-none-eabi/6.3.1/thumb/v6-m/libcr_eabihelpers.a(division_idiv0.o)

.debug_frame    0x0000000000000000      0x9e0
 .debug_frame   0x0000000000000000      0x1e8 ./src/CAN_UART_1.o
 .debug_frame   0x00000000000001e8      0x118 ./src/cr_startup_lpc11xx.o
 .debug_frame   0x0000000000000300       0x2c ./src/sysinit.o
 .debug_frame   0x000000000000032c       0x2c /home/greg/Documents/CLIMER/Firmware/lpc_chip_11cxx_lib/Debug/liblpc_chip_11cxx_lib.a(chip_11xx.o)
 .debug_frame   0x0000000000000358      0x1c0 /home/greg/Documents/CLIMER/Firmware/lpc_chip_11cxx_lib/Debug/liblpc_chip_11cxx_lib.a(clock_11xx.o)
 .debug_frame   0x0000000000000518       0xc8 /home/greg/Documents/CLIMER/Firmware/lpc_chip_11cxx_lib/Debug/liblpc_chip_11cxx_lib.a(sysinit_11xx.o)
 .debug_frame   0x00000000000005e0      0x370 /home/greg/Documents/CLIMER/Firmware/lpc_chip_11cxx_lib/Debug/liblpc_chip_11cxx_lib.a(uart_11xx.o)
 .debug_frame   0x0000000000000950       0x90 /home/greg/Documents/CLIMER/Firmware/lpc_chip_11cxx_lib/Debug/liblpc_chip_11cxx_lib.a(sysctl_11xx.o)
