Archive member included to satisfy reference by file (symbol)

C:\Users\aiellog\Documents\MCUXpressoIDE_10.0.2_411\workspace\lpc_chip_11cxx_lib\Debug\liblpc_chip_11cxx_lib.a(chip_11xx.o)
                              ./src/CAN_UART.o (SystemCoreClockUpdate)
C:\Users\aiellog\Documents\MCUXpressoIDE_10.0.2_411\workspace\lpc_chip_11cxx_lib\Debug\liblpc_chip_11cxx_lib.a(clock_11xx.o)
                              ./src/CAN_UART.o (Chip_Clock_GetMainClockRate)
C:\Users\aiellog\Documents\MCUXpressoIDE_10.0.2_411\workspace\lpc_chip_11cxx_lib\Debug\liblpc_chip_11cxx_lib.a(sysinit_11xx.o)
                              ./src/sysinit.o (Chip_SystemInit)
C:\Users\aiellog\Documents\MCUXpressoIDE_10.0.2_411\workspace\lpc_chip_11cxx_lib\Debug\liblpc_chip_11cxx_lib.a(uart_11xx.o)
                              ./src/CAN_UART.o (Chip_UART_Init)
C:\Users\aiellog\Documents\MCUXpressoIDE_10.0.2_411\workspace\lpc_chip_11cxx_lib\Debug\liblpc_chip_11cxx_lib.a(ring_buffer.o)
                              C:\Users\aiellog\Documents\MCUXpressoIDE_10.0.2_411\workspace\lpc_chip_11cxx_lib\Debug\liblpc_chip_11cxx_lib.a(uart_11xx.o) (RingBuffer_Insert)
C:\Users\aiellog\Documents\MCUXpressoIDE_10.0.2_411\workspace\lpc_chip_11cxx_lib\Debug\liblpc_chip_11cxx_lib.a(sysctl_11xx.o)
                              C:\Users\aiellog\Documents\MCUXpressoIDE_10.0.2_411\workspace\lpc_chip_11cxx_lib\Debug\liblpc_chip_11cxx_lib.a(sysinit_11xx.o) (Chip_SYSCTL_PowerDown)
c:/nxp/mcuxpressoide_10.0.2_411/ide/tools/bin/../lib/gcc/arm-none-eabi/5.4.1/../../../../arm-none-eabi/lib/armv6-m\libcr_c.a(memcpy.o)
                              C:\Users\aiellog\Documents\MCUXpressoIDE_10.0.2_411\workspace\lpc_chip_11cxx_lib\Debug\liblpc_chip_11cxx_lib.a(ring_buffer.o) (memcpy)
c:/nxp/mcuxpressoide_10.0.2_411/ide/tools/bin/../lib/gcc/arm-none-eabi/5.4.1/../../../../arm-none-eabi/lib/armv6-m\libcr_c.a(__weak__main.o)
                              ./src/cr_startup_lpc11xx.o (__main)
c:/nxp/mcuxpressoide_10.0.2_411/ide/tools/bin/../lib/gcc/arm-none-eabi/5.4.1/armv6-m\libcr_eabihelpers.a(division_32.o)
                              ./src/CAN_UART.o (__aeabi_uidiv)
c:/nxp/mcuxpressoide_10.0.2_411/ide/tools/bin/../lib/gcc/arm-none-eabi/5.4.1/armv6-m\libcr_eabihelpers.a(division_idiv0.o)
                              c:/nxp/mcuxpressoide_10.0.2_411/ide/tools/bin/../lib/gcc/arm-none-eabi/5.4.1/armv6-m\libcr_eabihelpers.a(division_32.o) (__aeabi_idiv0)
c:/nxp/mcuxpressoide_10.0.2_411/ide/tools/bin/../lib/gcc/arm-none-eabi/5.4.1/armv6-m\libcr_eabihelpers.a(memcpy.o)
                              c:/nxp/mcuxpressoide_10.0.2_411/ide/tools/bin/../lib/gcc/arm-none-eabi/5.4.1/../../../../arm-none-eabi/lib/armv6-m\libcr_c.a(memcpy.o) (__aeabi_memcpy)

Allocating common symbols
Common symbol       size              file

SystemCoreClock     0x4               C:\Users\aiellog\Documents\MCUXpressoIDE_10.0.2_411\workspace\lpc_chip_11cxx_lib\Debug\liblpc_chip_11cxx_lib.a(chip_11xx.o)

Discarded input sections

 .group         0x00000000        0x8 ./src/CAN_UART.o
 .group         0x00000000        0x8 ./src/CAN_UART.o
 .group         0x00000000        0x8 ./src/CAN_UART.o
 .group         0x00000000        0x8 ./src/CAN_UART.o
 .group         0x00000000        0x8 ./src/CAN_UART.o
 .group         0x00000000        0x8 ./src/CAN_UART.o
 .group         0x00000000        0x8 ./src/CAN_UART.o
 .group         0x00000000        0x8 ./src/CAN_UART.o
 .group         0x00000000        0x8 ./src/CAN_UART.o
 .group         0x00000000        0x8 ./src/CAN_UART.o
 .group         0x00000000        0x8 ./src/CAN_UART.o
 .group         0x00000000        0x8 ./src/CAN_UART.o
 .group         0x00000000        0x8 ./src/CAN_UART.o
 .group         0x00000000        0x8 ./src/CAN_UART.o
 .group         0x00000000        0x8 ./src/CAN_UART.o
 .group         0x00000000        0x8 ./src/CAN_UART.o
 .group         0x00000000        0x8 ./src/CAN_UART.o
 .group         0x00000000        0x8 ./src/CAN_UART.o
 .group         0x00000000        0x8 ./src/CAN_UART.o
 .group         0x00000000        0x8 ./src/CAN_UART.o
 .group         0x00000000        0x8 ./src/CAN_UART.o
 .group         0x00000000        0x8 ./src/CAN_UART.o
 .group         0x00000000        0x8 ./src/CAN_UART.o
 .group         0x00000000        0x8 ./src/CAN_UART.o
 .group         0x00000000        0x8 ./src/CAN_UART.o
 .text          0x00000000        0x0 ./src/CAN_UART.o
 .data          0x00000000        0x0 ./src/CAN_UART.o
 .bss           0x00000000        0x0 ./src/CAN_UART.o
 .bss.data      0x00000000        0x1 ./src/CAN_UART.o
 .data.callbacks
                0x00000000       0x20 ./src/CAN_UART.o
 .text.CAN_rx   0x00000000       0x14 ./src/CAN_UART.o
 .text.CAN_tx   0x00000000       0x14 ./src/CAN_UART.o
 .text.CAN_error
                0x00000000       0x10 ./src/CAN_UART.o
 .group         0x00000000        0x8 ./src/cr_startup_lpc11xx.o
 .text          0x00000000        0x0 ./src/cr_startup_lpc11xx.o
 .data          0x00000000        0x0 ./src/cr_startup_lpc11xx.o
 .bss           0x00000000        0x0 ./src/cr_startup_lpc11xx.o
 .debug_macro   0x00000000      0x84a ./src/cr_startup_lpc11xx.o
 .group         0x00000000        0x8 ./src/crp.o
 .group         0x00000000        0x8 ./src/crp.o
 .text          0x00000000        0x0 ./src/crp.o
 .data          0x00000000        0x0 ./src/crp.o
 .bss           0x00000000        0x0 ./src/crp.o
 .crp           0x00000000        0x4 ./src/crp.o
 .debug_info    0x00000000       0x3f ./src/crp.o
 .debug_abbrev  0x00000000       0x36 ./src/crp.o
 .debug_aranges
                0x00000000       0x18 ./src/crp.o
 .debug_macro   0x00000000       0x1a ./src/crp.o
 .debug_macro   0x00000000      0x84a ./src/crp.o
 .debug_macro   0x00000000       0x34 ./src/crp.o
 .debug_line    0x00000000       0x75 ./src/crp.o
 .debug_str     0x00000000     0x2493 ./src/crp.o
 .comment       0x00000000       0x6f ./src/crp.o
 .ARM.attributes
                0x00000000       0x31 ./src/crp.o
 .group         0x00000000        0x8 ./src/sysinit.o
 .group         0x00000000        0x8 ./src/sysinit.o
 .group         0x00000000        0x8 ./src/sysinit.o
 .group         0x00000000        0x8 ./src/sysinit.o
 .group         0x00000000        0x8 ./src/sysinit.o
 .group         0x00000000        0x8 ./src/sysinit.o
 .group         0x00000000        0x8 ./src/sysinit.o
 .group         0x00000000        0x8 ./src/sysinit.o
 .group         0x00000000        0x8 ./src/sysinit.o
 .group         0x00000000        0x8 ./src/sysinit.o
 .group         0x00000000        0x8 ./src/sysinit.o
 .group         0x00000000        0x8 ./src/sysinit.o
 .group         0x00000000        0x8 ./src/sysinit.o
 .group         0x00000000        0x8 ./src/sysinit.o
 .group         0x00000000        0x8 ./src/sysinit.o
 .group         0x00000000        0x8 ./src/sysinit.o
 .group         0x00000000        0x8 ./src/sysinit.o
 .group         0x00000000        0x8 ./src/sysinit.o
 .group         0x00000000        0x8 ./src/sysinit.o
 .group         0x00000000        0x8 ./src/sysinit.o
 .group         0x00000000        0x8 ./src/sysinit.o
 .group         0x00000000        0x8 ./src/sysinit.o
 .group         0x00000000        0x8 ./src/sysinit.o
 .group         0x00000000        0x8 ./src/sysinit.o
 .text          0x00000000        0x0 ./src/sysinit.o
 .data          0x00000000        0x0 ./src/sysinit.o
 .bss           0x00000000        0x0 ./src/sysinit.o
 .rodata.ExtRateIn
                0x00000000        0x4 ./src/sysinit.o
 .debug_macro   0x00000000      0x84a ./src/sysinit.o
 .debug_macro   0x00000000       0x10 ./src/sysinit.o
 .debug_macro   0x00000000      0x12d ./src/sysinit.o
 .debug_macro   0x00000000      0x5b2 ./src/sysinit.o
 .debug_macro   0x00000000       0x22 ./src/sysinit.o
 .debug_macro   0x00000000       0x7b ./src/sysinit.o
 .debug_macro   0x00000000       0x10 ./src/sysinit.o
 .debug_macro   0x00000000       0x1f ./src/sysinit.o
 .debug_macro   0x00000000       0x3a ./src/sysinit.o
 .debug_macro   0x00000000      0x241 ./src/sysinit.o
 .debug_macro   0x00000000      0x117 ./src/sysinit.o
 .debug_macro   0x00000000       0x22 ./src/sysinit.o
 .debug_macro   0x00000000       0xb2 ./src/sysinit.o
 .debug_macro   0x00000000       0x10 ./src/sysinit.o
 .debug_macro   0x00000000      0x137 ./src/sysinit.o
 .debug_macro   0x00000000       0x4c ./src/sysinit.o
 .debug_macro   0x00000000       0x16 ./src/sysinit.o
 .debug_macro   0x00000000      0x31a ./src/sysinit.o
 .debug_macro   0x00000000       0x2e ./src/sysinit.o
 .debug_macro   0x00000000       0xb8 ./src/sysinit.o
 .debug_macro   0x00000000       0x11 ./src/sysinit.o
 .debug_macro   0x00000000       0x7c ./src/sysinit.o
 .debug_macro   0x00000000      0x21c ./src/sysinit.o
 .debug_macro   0x00000000      0x113 ./src/sysinit.o
 .group         0x00000000        0x8 C:\Users\aiellog\Documents\MCUXpressoIDE_10.0.2_411\workspace\lpc_chip_11cxx_lib\Debug\liblpc_chip_11cxx_lib.a(chip_11xx.o)
 .group         0x00000000        0x8 C:\Users\aiellog\Documents\MCUXpressoIDE_10.0.2_411\workspace\lpc_chip_11cxx_lib\Debug\liblpc_chip_11cxx_lib.a(chip_11xx.o)
 .group         0x00000000        0x8 C:\Users\aiellog\Documents\MCUXpressoIDE_10.0.2_411\workspace\lpc_chip_11cxx_lib\Debug\liblpc_chip_11cxx_lib.a(chip_11xx.o)
 .group         0x00000000        0x8 C:\Users\aiellog\Documents\MCUXpressoIDE_10.0.2_411\workspace\lpc_chip_11cxx_lib\Debug\liblpc_chip_11cxx_lib.a(chip_11xx.o)
 .group         0x00000000        0x8 C:\Users\aiellog\Documents\MCUXpressoIDE_10.0.2_411\workspace\lpc_chip_11cxx_lib\Debug\liblpc_chip_11cxx_lib.a(chip_11xx.o)
 .group         0x00000000        0x8 C:\Users\aiellog\Documents\MCUXpressoIDE_10.0.2_411\workspace\lpc_chip_11cxx_lib\Debug\liblpc_chip_11cxx_lib.a(chip_11xx.o)
 .group         0x00000000        0x8 C:\Users\aiellog\Documents\MCUXpressoIDE_10.0.2_411\workspace\lpc_chip_11cxx_lib\Debug\liblpc_chip_11cxx_lib.a(chip_11xx.o)
 .group         0x00000000        0x8 C:\Users\aiellog\Documents\MCUXpressoIDE_10.0.2_411\workspace\lpc_chip_11cxx_lib\Debug\liblpc_chip_11cxx_lib.a(chip_11xx.o)
 .group         0x00000000        0x8 C:\Users\aiellog\Documents\MCUXpressoIDE_10.0.2_411\workspace\lpc_chip_11cxx_lib\Debug\liblpc_chip_11cxx_lib.a(chip_11xx.o)
 .group         0x00000000        0x8 C:\Users\aiellog\Documents\MCUXpressoIDE_10.0.2_411\workspace\lpc_chip_11cxx_lib\Debug\liblpc_chip_11cxx_lib.a(chip_11xx.o)
 .group         0x00000000        0x8 C:\Users\aiellog\Documents\MCUXpressoIDE_10.0.2_411\workspace\lpc_chip_11cxx_lib\Debug\liblpc_chip_11cxx_lib.a(chip_11xx.o)
 .group         0x00000000        0x8 C:\Users\aiellog\Documents\MCUXpressoIDE_10.0.2_411\workspace\lpc_chip_11cxx_lib\Debug\liblpc_chip_11cxx_lib.a(chip_11xx.o)
 .group         0x00000000        0x8 C:\Users\aiellog\Documents\MCUXpressoIDE_10.0.2_411\workspace\lpc_chip_11cxx_lib\Debug\liblpc_chip_11cxx_lib.a(chip_11xx.o)
 .group         0x00000000        0x8 C:\Users\aiellog\Documents\MCUXpressoIDE_10.0.2_411\workspace\lpc_chip_11cxx_lib\Debug\liblpc_chip_11cxx_lib.a(chip_11xx.o)
 .group         0x00000000        0x8 C:\Users\aiellog\Documents\MCUXpressoIDE_10.0.2_411\workspace\lpc_chip_11cxx_lib\Debug\liblpc_chip_11cxx_lib.a(chip_11xx.o)
 .group         0x00000000        0x8 C:\Users\aiellog\Documents\MCUXpressoIDE_10.0.2_411\workspace\lpc_chip_11cxx_lib\Debug\liblpc_chip_11cxx_lib.a(chip_11xx.o)
 .group         0x00000000        0x8 C:\Users\aiellog\Documents\MCUXpressoIDE_10.0.2_411\workspace\lpc_chip_11cxx_lib\Debug\liblpc_chip_11cxx_lib.a(chip_11xx.o)
 .group         0x00000000        0x8 C:\Users\aiellog\Documents\MCUXpressoIDE_10.0.2_411\workspace\lpc_chip_11cxx_lib\Debug\liblpc_chip_11cxx_lib.a(chip_11xx.o)
 .group         0x00000000        0x8 C:\Users\aiellog\Documents\MCUXpressoIDE_10.0.2_411\workspace\lpc_chip_11cxx_lib\Debug\liblpc_chip_11cxx_lib.a(chip_11xx.o)
 .group         0x00000000        0x8 C:\Users\aiellog\Documents\MCUXpressoIDE_10.0.2_411\workspace\lpc_chip_11cxx_lib\Debug\liblpc_chip_11cxx_lib.a(chip_11xx.o)
 .group         0x00000000        0x8 C:\Users\aiellog\Documents\MCUXpressoIDE_10.0.2_411\workspace\lpc_chip_11cxx_lib\Debug\liblpc_chip_11cxx_lib.a(chip_11xx.o)
 .group         0x00000000        0x8 C:\Users\aiellog\Documents\MCUXpressoIDE_10.0.2_411\workspace\lpc_chip_11cxx_lib\Debug\liblpc_chip_11cxx_lib.a(chip_11xx.o)
 .group         0x00000000        0x8 C:\Users\aiellog\Documents\MCUXpressoIDE_10.0.2_411\workspace\lpc_chip_11cxx_lib\Debug\liblpc_chip_11cxx_lib.a(chip_11xx.o)
 .group         0x00000000        0x8 C:\Users\aiellog\Documents\MCUXpressoIDE_10.0.2_411\workspace\lpc_chip_11cxx_lib\Debug\liblpc_chip_11cxx_lib.a(chip_11xx.o)
 .text          0x00000000        0x0 C:\Users\aiellog\Documents\MCUXpressoIDE_10.0.2_411\workspace\lpc_chip_11cxx_lib\Debug\liblpc_chip_11cxx_lib.a(chip_11xx.o)
 .data          0x00000000        0x0 C:\Users\aiellog\Documents\MCUXpressoIDE_10.0.2_411\workspace\lpc_chip_11cxx_lib\Debug\liblpc_chip_11cxx_lib.a(chip_11xx.o)
 .bss           0x00000000        0x0 C:\Users\aiellog\Documents\MCUXpressoIDE_10.0.2_411\workspace\lpc_chip_11cxx_lib\Debug\liblpc_chip_11cxx_lib.a(chip_11xx.o)
 .debug_macro   0x00000000       0x10 C:\Users\aiellog\Documents\MCUXpressoIDE_10.0.2_411\workspace\lpc_chip_11cxx_lib\Debug\liblpc_chip_11cxx_lib.a(chip_11xx.o)
 .debug_macro   0x00000000      0x12d C:\Users\aiellog\Documents\MCUXpressoIDE_10.0.2_411\workspace\lpc_chip_11cxx_lib\Debug\liblpc_chip_11cxx_lib.a(chip_11xx.o)
 .debug_macro   0x00000000      0x5b2 C:\Users\aiellog\Documents\MCUXpressoIDE_10.0.2_411\workspace\lpc_chip_11cxx_lib\Debug\liblpc_chip_11cxx_lib.a(chip_11xx.o)
 .debug_macro   0x00000000       0x22 C:\Users\aiellog\Documents\MCUXpressoIDE_10.0.2_411\workspace\lpc_chip_11cxx_lib\Debug\liblpc_chip_11cxx_lib.a(chip_11xx.o)
 .debug_macro   0x00000000       0x7b C:\Users\aiellog\Documents\MCUXpressoIDE_10.0.2_411\workspace\lpc_chip_11cxx_lib\Debug\liblpc_chip_11cxx_lib.a(chip_11xx.o)
 .debug_macro   0x00000000       0x10 C:\Users\aiellog\Documents\MCUXpressoIDE_10.0.2_411\workspace\lpc_chip_11cxx_lib\Debug\liblpc_chip_11cxx_lib.a(chip_11xx.o)
 .debug_macro   0x00000000       0x1f C:\Users\aiellog\Documents\MCUXpressoIDE_10.0.2_411\workspace\lpc_chip_11cxx_lib\Debug\liblpc_chip_11cxx_lib.a(chip_11xx.o)
 .debug_macro   0x00000000       0x3a C:\Users\aiellog\Documents\MCUXpressoIDE_10.0.2_411\workspace\lpc_chip_11cxx_lib\Debug\liblpc_chip_11cxx_lib.a(chip_11xx.o)
 .debug_macro   0x00000000      0x241 C:\Users\aiellog\Documents\MCUXpressoIDE_10.0.2_411\workspace\lpc_chip_11cxx_lib\Debug\liblpc_chip_11cxx_lib.a(chip_11xx.o)
 .debug_macro   0x00000000      0x117 C:\Users\aiellog\Documents\MCUXpressoIDE_10.0.2_411\workspace\lpc_chip_11cxx_lib\Debug\liblpc_chip_11cxx_lib.a(chip_11xx.o)
 .debug_macro   0x00000000       0x22 C:\Users\aiellog\Documents\MCUXpressoIDE_10.0.2_411\workspace\lpc_chip_11cxx_lib\Debug\liblpc_chip_11cxx_lib.a(chip_11xx.o)
 .debug_macro   0x00000000       0xb2 C:\Users\aiellog\Documents\MCUXpressoIDE_10.0.2_411\workspace\lpc_chip_11cxx_lib\Debug\liblpc_chip_11cxx_lib.a(chip_11xx.o)
 .debug_macro   0x00000000       0x10 C:\Users\aiellog\Documents\MCUXpressoIDE_10.0.2_411\workspace\lpc_chip_11cxx_lib\Debug\liblpc_chip_11cxx_lib.a(chip_11xx.o)
 .debug_macro   0x00000000      0x137 C:\Users\aiellog\Documents\MCUXpressoIDE_10.0.2_411\workspace\lpc_chip_11cxx_lib\Debug\liblpc_chip_11cxx_lib.a(chip_11xx.o)
 .debug_macro   0x00000000       0x4c C:\Users\aiellog\Documents\MCUXpressoIDE_10.0.2_411\workspace\lpc_chip_11cxx_lib\Debug\liblpc_chip_11cxx_lib.a(chip_11xx.o)
 .debug_macro   0x00000000       0x16 C:\Users\aiellog\Documents\MCUXpressoIDE_10.0.2_411\workspace\lpc_chip_11cxx_lib\Debug\liblpc_chip_11cxx_lib.a(chip_11xx.o)
 .debug_macro   0x00000000      0x31a C:\Users\aiellog\Documents\MCUXpressoIDE_10.0.2_411\workspace\lpc_chip_11cxx_lib\Debug\liblpc_chip_11cxx_lib.a(chip_11xx.o)
 .debug_macro   0x00000000       0x2e C:\Users\aiellog\Documents\MCUXpressoIDE_10.0.2_411\workspace\lpc_chip_11cxx_lib\Debug\liblpc_chip_11cxx_lib.a(chip_11xx.o)
 .debug_macro   0x00000000       0xb8 C:\Users\aiellog\Documents\MCUXpressoIDE_10.0.2_411\workspace\lpc_chip_11cxx_lib\Debug\liblpc_chip_11cxx_lib.a(chip_11xx.o)
 .debug_macro   0x00000000       0x11 C:\Users\aiellog\Documents\MCUXpressoIDE_10.0.2_411\workspace\lpc_chip_11cxx_lib\Debug\liblpc_chip_11cxx_lib.a(chip_11xx.o)
 .debug_macro   0x00000000       0x7c C:\Users\aiellog\Documents\MCUXpressoIDE_10.0.2_411\workspace\lpc_chip_11cxx_lib\Debug\liblpc_chip_11cxx_lib.a(chip_11xx.o)
 .debug_macro   0x00000000      0x21c C:\Users\aiellog\Documents\MCUXpressoIDE_10.0.2_411\workspace\lpc_chip_11cxx_lib\Debug\liblpc_chip_11cxx_lib.a(chip_11xx.o)
 .debug_macro   0x00000000      0x113 C:\Users\aiellog\Documents\MCUXpressoIDE_10.0.2_411\workspace\lpc_chip_11cxx_lib\Debug\liblpc_chip_11cxx_lib.a(chip_11xx.o)
 .group         0x00000000        0x8 C:\Users\aiellog\Documents\MCUXpressoIDE_10.0.2_411\workspace\lpc_chip_11cxx_lib\Debug\liblpc_chip_11cxx_lib.a(clock_11xx.o)
 .group         0x00000000        0x8 C:\Users\aiellog\Documents\MCUXpressoIDE_10.0.2_411\workspace\lpc_chip_11cxx_lib\Debug\liblpc_chip_11cxx_lib.a(clock_11xx.o)
 .group         0x00000000        0x8 C:\Users\aiellog\Documents\MCUXpressoIDE_10.0.2_411\workspace\lpc_chip_11cxx_lib\Debug\liblpc_chip_11cxx_lib.a(clock_11xx.o)
 .group         0x00000000        0x8 C:\Users\aiellog\Documents\MCUXpressoIDE_10.0.2_411\workspace\lpc_chip_11cxx_lib\Debug\liblpc_chip_11cxx_lib.a(clock_11xx.o)
 .group         0x00000000        0x8 C:\Users\aiellog\Documents\MCUXpressoIDE_10.0.2_411\workspace\lpc_chip_11cxx_lib\Debug\liblpc_chip_11cxx_lib.a(clock_11xx.o)
 .group         0x00000000        0x8 C:\Users\aiellog\Documents\MCUXpressoIDE_10.0.2_411\workspace\lpc_chip_11cxx_lib\Debug\liblpc_chip_11cxx_lib.a(clock_11xx.o)
 .group         0x00000000        0x8 C:\Users\aiellog\Documents\MCUXpressoIDE_10.0.2_411\workspace\lpc_chip_11cxx_lib\Debug\liblpc_chip_11cxx_lib.a(clock_11xx.o)
 .group         0x00000000        0x8 C:\Users\aiellog\Documents\MCUXpressoIDE_10.0.2_411\workspace\lpc_chip_11cxx_lib\Debug\liblpc_chip_11cxx_lib.a(clock_11xx.o)
 .group         0x00000000        0x8 C:\Users\aiellog\Documents\MCUXpressoIDE_10.0.2_411\workspace\lpc_chip_11cxx_lib\Debug\liblpc_chip_11cxx_lib.a(clock_11xx.o)
 .group         0x00000000        0x8 C:\Users\aiellog\Documents\MCUXpressoIDE_10.0.2_411\workspace\lpc_chip_11cxx_lib\Debug\liblpc_chip_11cxx_lib.a(clock_11xx.o)
 .group         0x00000000        0x8 C:\Users\aiellog\Documents\MCUXpressoIDE_10.0.2_411\workspace\lpc_chip_11cxx_lib\Debug\liblpc_chip_11cxx_lib.a(clock_11xx.o)
 .group         0x00000000        0x8 C:\Users\aiellog\Documents\MCUXpressoIDE_10.0.2_411\workspace\lpc_chip_11cxx_lib\Debug\liblpc_chip_11cxx_lib.a(clock_11xx.o)
 .group         0x00000000        0x8 C:\Users\aiellog\Documents\MCUXpressoIDE_10.0.2_411\workspace\lpc_chip_11cxx_lib\Debug\liblpc_chip_11cxx_lib.a(clock_11xx.o)
 .group         0x00000000        0x8 C:\Users\aiellog\Documents\MCUXpressoIDE_10.0.2_411\workspace\lpc_chip_11cxx_lib\Debug\liblpc_chip_11cxx_lib.a(clock_11xx.o)
 .group         0x00000000        0x8 C:\Users\aiellog\Documents\MCUXpressoIDE_10.0.2_411\workspace\lpc_chip_11cxx_lib\Debug\liblpc_chip_11cxx_lib.a(clock_11xx.o)
 .group         0x00000000        0x8 C:\Users\aiellog\Documents\MCUXpressoIDE_10.0.2_411\workspace\lpc_chip_11cxx_lib\Debug\liblpc_chip_11cxx_lib.a(clock_11xx.o)
 .group         0x00000000        0x8 C:\Users\aiellog\Documents\MCUXpressoIDE_10.0.2_411\workspace\lpc_chip_11cxx_lib\Debug\liblpc_chip_11cxx_lib.a(clock_11xx.o)
 .group         0x00000000        0x8 C:\Users\aiellog\Documents\MCUXpressoIDE_10.0.2_411\workspace\lpc_chip_11cxx_lib\Debug\liblpc_chip_11cxx_lib.a(clock_11xx.o)
 .group         0x00000000        0x8 C:\Users\aiellog\Documents\MCUXpressoIDE_10.0.2_411\workspace\lpc_chip_11cxx_lib\Debug\liblpc_chip_11cxx_lib.a(clock_11xx.o)
 .group         0x00000000        0x8 C:\Users\aiellog\Documents\MCUXpressoIDE_10.0.2_411\workspace\lpc_chip_11cxx_lib\Debug\liblpc_chip_11cxx_lib.a(clock_11xx.o)
 .group         0x00000000        0x8 C:\Users\aiellog\Documents\MCUXpressoIDE_10.0.2_411\workspace\lpc_chip_11cxx_lib\Debug\liblpc_chip_11cxx_lib.a(clock_11xx.o)
 .group         0x00000000        0x8 C:\Users\aiellog\Documents\MCUXpressoIDE_10.0.2_411\workspace\lpc_chip_11cxx_lib\Debug\liblpc_chip_11cxx_lib.a(clock_11xx.o)
 .group         0x00000000        0x8 C:\Users\aiellog\Documents\MCUXpressoIDE_10.0.2_411\workspace\lpc_chip_11cxx_lib\Debug\liblpc_chip_11cxx_lib.a(clock_11xx.o)
 .group         0x00000000        0x8 C:\Users\aiellog\Documents\MCUXpressoIDE_10.0.2_411\workspace\lpc_chip_11cxx_lib\Debug\liblpc_chip_11cxx_lib.a(clock_11xx.o)
 .text          0x00000000        0x0 C:\Users\aiellog\Documents\MCUXpressoIDE_10.0.2_411\workspace\lpc_chip_11cxx_lib\Debug\liblpc_chip_11cxx_lib.a(clock_11xx.o)
 .data          0x00000000        0x0 C:\Users\aiellog\Documents\MCUXpressoIDE_10.0.2_411\workspace\lpc_chip_11cxx_lib\Debug\liblpc_chip_11cxx_lib.a(clock_11xx.o)
 .bss           0x00000000        0x0 C:\Users\aiellog\Documents\MCUXpressoIDE_10.0.2_411\workspace\lpc_chip_11cxx_lib\Debug\liblpc_chip_11cxx_lib.a(clock_11xx.o)
 .text.Chip_Clock_SetPLLBypass
                0x00000000       0x48 C:\Users\aiellog\Documents\MCUXpressoIDE_10.0.2_411\workspace\lpc_chip_11cxx_lib\Debug\liblpc_chip_11cxx_lib.a(clock_11xx.o)
 .text.Chip_Clock_SetWDTClockSource
                0x00000000       0x3c C:\Users\aiellog\Documents\MCUXpressoIDE_10.0.2_411\workspace\lpc_chip_11cxx_lib\Debug\liblpc_chip_11cxx_lib.a(clock_11xx.o)
 .text.Chip_Clock_SetCLKOUTSource
                0x00000000       0x3c C:\Users\aiellog\Documents\MCUXpressoIDE_10.0.2_411\workspace\lpc_chip_11cxx_lib\Debug\liblpc_chip_11cxx_lib.a(clock_11xx.o)
 .debug_macro   0x00000000      0x838 C:\Users\aiellog\Documents\MCUXpressoIDE_10.0.2_411\workspace\lpc_chip_11cxx_lib\Debug\liblpc_chip_11cxx_lib.a(clock_11xx.o)
 .debug_macro   0x00000000       0x10 C:\Users\aiellog\Documents\MCUXpressoIDE_10.0.2_411\workspace\lpc_chip_11cxx_lib\Debug\liblpc_chip_11cxx_lib.a(clock_11xx.o)
 .debug_macro   0x00000000      0x12d C:\Users\aiellog\Documents\MCUXpressoIDE_10.0.2_411\workspace\lpc_chip_11cxx_lib\Debug\liblpc_chip_11cxx_lib.a(clock_11xx.o)
 .debug_macro   0x00000000      0x5b2 C:\Users\aiellog\Documents\MCUXpressoIDE_10.0.2_411\workspace\lpc_chip_11cxx_lib\Debug\liblpc_chip_11cxx_lib.a(clock_11xx.o)
 .debug_macro   0x00000000       0x22 C:\Users\aiellog\Documents\MCUXpressoIDE_10.0.2_411\workspace\lpc_chip_11cxx_lib\Debug\liblpc_chip_11cxx_lib.a(clock_11xx.o)
 .debug_macro   0x00000000       0x7b C:\Users\aiellog\Documents\MCUXpressoIDE_10.0.2_411\workspace\lpc_chip_11cxx_lib\Debug\liblpc_chip_11cxx_lib.a(clock_11xx.o)
 .debug_macro   0x00000000       0x10 C:\Users\aiellog\Documents\MCUXpressoIDE_10.0.2_411\workspace\lpc_chip_11cxx_lib\Debug\liblpc_chip_11cxx_lib.a(clock_11xx.o)
 .debug_macro   0x00000000       0x1f C:\Users\aiellog\Documents\MCUXpressoIDE_10.0.2_411\workspace\lpc_chip_11cxx_lib\Debug\liblpc_chip_11cxx_lib.a(clock_11xx.o)
 .debug_macro   0x00000000       0x3a C:\Users\aiellog\Documents\MCUXpressoIDE_10.0.2_411\workspace\lpc_chip_11cxx_lib\Debug\liblpc_chip_11cxx_lib.a(clock_11xx.o)
 .debug_macro   0x00000000      0x241 C:\Users\aiellog\Documents\MCUXpressoIDE_10.0.2_411\workspace\lpc_chip_11cxx_lib\Debug\liblpc_chip_11cxx_lib.a(clock_11xx.o)
 .debug_macro   0x00000000      0x117 C:\Users\aiellog\Documents\MCUXpressoIDE_10.0.2_411\workspace\lpc_chip_11cxx_lib\Debug\liblpc_chip_11cxx_lib.a(clock_11xx.o)
 .debug_macro   0x00000000       0x22 C:\Users\aiellog\Documents\MCUXpressoIDE_10.0.2_411\workspace\lpc_chip_11cxx_lib\Debug\liblpc_chip_11cxx_lib.a(clock_11xx.o)
 .debug_macro   0x00000000       0xb2 C:\Users\aiellog\Documents\MCUXpressoIDE_10.0.2_411\workspace\lpc_chip_11cxx_lib\Debug\liblpc_chip_11cxx_lib.a(clock_11xx.o)
 .debug_macro   0x00000000       0x10 C:\Users\aiellog\Documents\MCUXpressoIDE_10.0.2_411\workspace\lpc_chip_11cxx_lib\Debug\liblpc_chip_11cxx_lib.a(clock_11xx.o)
 .debug_macro   0x00000000      0x137 C:\Users\aiellog\Documents\MCUXpressoIDE_10.0.2_411\workspace\lpc_chip_11cxx_lib\Debug\liblpc_chip_11cxx_lib.a(clock_11xx.o)
 .debug_macro   0x00000000       0x4c C:\Users\aiellog\Documents\MCUXpressoIDE_10.0.2_411\workspace\lpc_chip_11cxx_lib\Debug\liblpc_chip_11cxx_lib.a(clock_11xx.o)
 .debug_macro   0x00000000       0x16 C:\Users\aiellog\Documents\MCUXpressoIDE_10.0.2_411\workspace\lpc_chip_11cxx_lib\Debug\liblpc_chip_11cxx_lib.a(clock_11xx.o)
 .debug_macro   0x00000000      0x31a C:\Users\aiellog\Documents\MCUXpressoIDE_10.0.2_411\workspace\lpc_chip_11cxx_lib\Debug\liblpc_chip_11cxx_lib.a(clock_11xx.o)
 .debug_macro   0x00000000       0x2e C:\Users\aiellog\Documents\MCUXpressoIDE_10.0.2_411\workspace\lpc_chip_11cxx_lib\Debug\liblpc_chip_11cxx_lib.a(clock_11xx.o)
 .debug_macro   0x00000000       0xb8 C:\Users\aiellog\Documents\MCUXpressoIDE_10.0.2_411\workspace\lpc_chip_11cxx_lib\Debug\liblpc_chip_11cxx_lib.a(clock_11xx.o)
 .debug_macro   0x00000000       0x11 C:\Users\aiellog\Documents\MCUXpressoIDE_10.0.2_411\workspace\lpc_chip_11cxx_lib\Debug\liblpc_chip_11cxx_lib.a(clock_11xx.o)
 .debug_macro   0x00000000       0x7c C:\Users\aiellog\Documents\MCUXpressoIDE_10.0.2_411\workspace\lpc_chip_11cxx_lib\Debug\liblpc_chip_11cxx_lib.a(clock_11xx.o)
 .debug_macro   0x00000000      0x21c C:\Users\aiellog\Documents\MCUXpressoIDE_10.0.2_411\workspace\lpc_chip_11cxx_lib\Debug\liblpc_chip_11cxx_lib.a(clock_11xx.o)
 .debug_macro   0x00000000      0x113 C:\Users\aiellog\Documents\MCUXpressoIDE_10.0.2_411\workspace\lpc_chip_11cxx_lib\Debug\liblpc_chip_11cxx_lib.a(clock_11xx.o)
 .group         0x00000000        0x8 C:\Users\aiellog\Documents\MCUXpressoIDE_10.0.2_411\workspace\lpc_chip_11cxx_lib\Debug\liblpc_chip_11cxx_lib.a(sysinit_11xx.o)
 .group         0x00000000        0x8 C:\Users\aiellog\Documents\MCUXpressoIDE_10.0.2_411\workspace\lpc_chip_11cxx_lib\Debug\liblpc_chip_11cxx_lib.a(sysinit_11xx.o)
 .group         0x00000000        0x8 C:\Users\aiellog\Documents\MCUXpressoIDE_10.0.2_411\workspace\lpc_chip_11cxx_lib\Debug\liblpc_chip_11cxx_lib.a(sysinit_11xx.o)
 .group         0x00000000        0x8 C:\Users\aiellog\Documents\MCUXpressoIDE_10.0.2_411\workspace\lpc_chip_11cxx_lib\Debug\liblpc_chip_11cxx_lib.a(sysinit_11xx.o)
 .group         0x00000000        0x8 C:\Users\aiellog\Documents\MCUXpressoIDE_10.0.2_411\workspace\lpc_chip_11cxx_lib\Debug\liblpc_chip_11cxx_lib.a(sysinit_11xx.o)
 .group         0x00000000        0x8 C:\Users\aiellog\Documents\MCUXpressoIDE_10.0.2_411\workspace\lpc_chip_11cxx_lib\Debug\liblpc_chip_11cxx_lib.a(sysinit_11xx.o)
 .group         0x00000000        0x8 C:\Users\aiellog\Documents\MCUXpressoIDE_10.0.2_411\workspace\lpc_chip_11cxx_lib\Debug\liblpc_chip_11cxx_lib.a(sysinit_11xx.o)
 .group         0x00000000        0x8 C:\Users\aiellog\Documents\MCUXpressoIDE_10.0.2_411\workspace\lpc_chip_11cxx_lib\Debug\liblpc_chip_11cxx_lib.a(sysinit_11xx.o)
 .group         0x00000000        0x8 C:\Users\aiellog\Documents\MCUXpressoIDE_10.0.2_411\workspace\lpc_chip_11cxx_lib\Debug\liblpc_chip_11cxx_lib.a(sysinit_11xx.o)
 .group         0x00000000        0x8 C:\Users\aiellog\Documents\MCUXpressoIDE_10.0.2_411\workspace\lpc_chip_11cxx_lib\Debug\liblpc_chip_11cxx_lib.a(sysinit_11xx.o)
 .group         0x00000000        0x8 C:\Users\aiellog\Documents\MCUXpressoIDE_10.0.2_411\workspace\lpc_chip_11cxx_lib\Debug\liblpc_chip_11cxx_lib.a(sysinit_11xx.o)
 .group         0x00000000        0x8 C:\Users\aiellog\Documents\MCUXpressoIDE_10.0.2_411\workspace\lpc_chip_11cxx_lib\Debug\liblpc_chip_11cxx_lib.a(sysinit_11xx.o)
 .group         0x00000000        0x8 C:\Users\aiellog\Documents\MCUXpressoIDE_10.0.2_411\workspace\lpc_chip_11cxx_lib\Debug\liblpc_chip_11cxx_lib.a(sysinit_11xx.o)
 .group         0x00000000        0x8 C:\Users\aiellog\Documents\MCUXpressoIDE_10.0.2_411\workspace\lpc_chip_11cxx_lib\Debug\liblpc_chip_11cxx_lib.a(sysinit_11xx.o)
 .group         0x00000000        0x8 C:\Users\aiellog\Documents\MCUXpressoIDE_10.0.2_411\workspace\lpc_chip_11cxx_lib\Debug\liblpc_chip_11cxx_lib.a(sysinit_11xx.o)
 .group         0x00000000        0x8 C:\Users\aiellog\Documents\MCUXpressoIDE_10.0.2_411\workspace\lpc_chip_11cxx_lib\Debug\liblpc_chip_11cxx_lib.a(sysinit_11xx.o)
 .group         0x00000000        0x8 C:\Users\aiellog\Documents\MCUXpressoIDE_10.0.2_411\workspace\lpc_chip_11cxx_lib\Debug\liblpc_chip_11cxx_lib.a(sysinit_11xx.o)
 .group         0x00000000        0x8 C:\Users\aiellog\Documents\MCUXpressoIDE_10.0.2_411\workspace\lpc_chip_11cxx_lib\Debug\liblpc_chip_11cxx_lib.a(sysinit_11xx.o)
 .group         0x00000000        0x8 C:\Users\aiellog\Documents\MCUXpressoIDE_10.0.2_411\workspace\lpc_chip_11cxx_lib\Debug\liblpc_chip_11cxx_lib.a(sysinit_11xx.o)
 .group         0x00000000        0x8 C:\Users\aiellog\Documents\MCUXpressoIDE_10.0.2_411\workspace\lpc_chip_11cxx_lib\Debug\liblpc_chip_11cxx_lib.a(sysinit_11xx.o)
 .group         0x00000000        0x8 C:\Users\aiellog\Documents\MCUXpressoIDE_10.0.2_411\workspace\lpc_chip_11cxx_lib\Debug\liblpc_chip_11cxx_lib.a(sysinit_11xx.o)
 .group         0x00000000        0x8 C:\Users\aiellog\Documents\MCUXpressoIDE_10.0.2_411\workspace\lpc_chip_11cxx_lib\Debug\liblpc_chip_11cxx_lib.a(sysinit_11xx.o)
 .group         0x00000000        0x8 C:\Users\aiellog\Documents\MCUXpressoIDE_10.0.2_411\workspace\lpc_chip_11cxx_lib\Debug\liblpc_chip_11cxx_lib.a(sysinit_11xx.o)
 .group         0x00000000        0x8 C:\Users\aiellog\Documents\MCUXpressoIDE_10.0.2_411\workspace\lpc_chip_11cxx_lib\Debug\liblpc_chip_11cxx_lib.a(sysinit_11xx.o)
 .text          0x00000000        0x0 C:\Users\aiellog\Documents\MCUXpressoIDE_10.0.2_411\workspace\lpc_chip_11cxx_lib\Debug\liblpc_chip_11cxx_lib.a(sysinit_11xx.o)
 .data          0x00000000        0x0 C:\Users\aiellog\Documents\MCUXpressoIDE_10.0.2_411\workspace\lpc_chip_11cxx_lib\Debug\liblpc_chip_11cxx_lib.a(sysinit_11xx.o)
 .bss           0x00000000        0x0 C:\Users\aiellog\Documents\MCUXpressoIDE_10.0.2_411\workspace\lpc_chip_11cxx_lib\Debug\liblpc_chip_11cxx_lib.a(sysinit_11xx.o)
 .debug_macro   0x00000000      0x838 C:\Users\aiellog\Documents\MCUXpressoIDE_10.0.2_411\workspace\lpc_chip_11cxx_lib\Debug\liblpc_chip_11cxx_lib.a(sysinit_11xx.o)
 .debug_macro   0x00000000       0x10 C:\Users\aiellog\Documents\MCUXpressoIDE_10.0.2_411\workspace\lpc_chip_11cxx_lib\Debug\liblpc_chip_11cxx_lib.a(sysinit_11xx.o)
 .debug_macro   0x00000000      0x12d C:\Users\aiellog\Documents\MCUXpressoIDE_10.0.2_411\workspace\lpc_chip_11cxx_lib\Debug\liblpc_chip_11cxx_lib.a(sysinit_11xx.o)
 .debug_macro   0x00000000      0x5b2 C:\Users\aiellog\Documents\MCUXpressoIDE_10.0.2_411\workspace\lpc_chip_11cxx_lib\Debug\liblpc_chip_11cxx_lib.a(sysinit_11xx.o)
 .debug_macro   0x00000000       0x22 C:\Users\aiellog\Documents\MCUXpressoIDE_10.0.2_411\workspace\lpc_chip_11cxx_lib\Debug\liblpc_chip_11cxx_lib.a(sysinit_11xx.o)
 .debug_macro   0x00000000       0x7b C:\Users\aiellog\Documents\MCUXpressoIDE_10.0.2_411\workspace\lpc_chip_11cxx_lib\Debug\liblpc_chip_11cxx_lib.a(sysinit_11xx.o)
 .debug_macro   0x00000000       0x10 C:\Users\aiellog\Documents\MCUXpressoIDE_10.0.2_411\workspace\lpc_chip_11cxx_lib\Debug\liblpc_chip_11cxx_lib.a(sysinit_11xx.o)
 .debug_macro   0x00000000       0x1f C:\Users\aiellog\Documents\MCUXpressoIDE_10.0.2_411\workspace\lpc_chip_11cxx_lib\Debug\liblpc_chip_11cxx_lib.a(sysinit_11xx.o)
 .debug_macro   0x00000000       0x3a C:\Users\aiellog\Documents\MCUXpressoIDE_10.0.2_411\workspace\lpc_chip_11cxx_lib\Debug\liblpc_chip_11cxx_lib.a(sysinit_11xx.o)
 .debug_macro   0x00000000      0x241 C:\Users\aiellog\Documents\MCUXpressoIDE_10.0.2_411\workspace\lpc_chip_11cxx_lib\Debug\liblpc_chip_11cxx_lib.a(sysinit_11xx.o)
 .debug_macro   0x00000000      0x117 C:\Users\aiellog\Documents\MCUXpressoIDE_10.0.2_411\workspace\lpc_chip_11cxx_lib\Debug\liblpc_chip_11cxx_lib.a(sysinit_11xx.o)
 .debug_macro   0x00000000       0x22 C:\Users\aiellog\Documents\MCUXpressoIDE_10.0.2_411\workspace\lpc_chip_11cxx_lib\Debug\liblpc_chip_11cxx_lib.a(sysinit_11xx.o)
 .debug_macro   0x00000000       0xb2 C:\Users\aiellog\Documents\MCUXpressoIDE_10.0.2_411\workspace\lpc_chip_11cxx_lib\Debug\liblpc_chip_11cxx_lib.a(sysinit_11xx.o)
 .debug_macro   0x00000000       0x10 C:\Users\aiellog\Documents\MCUXpressoIDE_10.0.2_411\workspace\lpc_chip_11cxx_lib\Debug\liblpc_chip_11cxx_lib.a(sysinit_11xx.o)
 .debug_macro   0x00000000      0x137 C:\Users\aiellog\Documents\MCUXpressoIDE_10.0.2_411\workspace\lpc_chip_11cxx_lib\Debug\liblpc_chip_11cxx_lib.a(sysinit_11xx.o)
 .debug_macro   0x00000000       0x4c C:\Users\aiellog\Documents\MCUXpressoIDE_10.0.2_411\workspace\lpc_chip_11cxx_lib\Debug\liblpc_chip_11cxx_lib.a(sysinit_11xx.o)
 .debug_macro   0x00000000       0x16 C:\Users\aiellog\Documents\MCUXpressoIDE_10.0.2_411\workspace\lpc_chip_11cxx_lib\Debug\liblpc_chip_11cxx_lib.a(sysinit_11xx.o)
 .debug_macro   0x00000000      0x31a C:\Users\aiellog\Documents\MCUXpressoIDE_10.0.2_411\workspace\lpc_chip_11cxx_lib\Debug\liblpc_chip_11cxx_lib.a(sysinit_11xx.o)
 .debug_macro   0x00000000       0x2e C:\Users\aiellog\Documents\MCUXpressoIDE_10.0.2_411\workspace\lpc_chip_11cxx_lib\Debug\liblpc_chip_11cxx_lib.a(sysinit_11xx.o)
 .debug_macro   0x00000000       0xb8 C:\Users\aiellog\Documents\MCUXpressoIDE_10.0.2_411\workspace\lpc_chip_11cxx_lib\Debug\liblpc_chip_11cxx_lib.a(sysinit_11xx.o)
 .debug_macro   0x00000000       0x11 C:\Users\aiellog\Documents\MCUXpressoIDE_10.0.2_411\workspace\lpc_chip_11cxx_lib\Debug\liblpc_chip_11cxx_lib.a(sysinit_11xx.o)
 .debug_macro   0x00000000       0x7c C:\Users\aiellog\Documents\MCUXpressoIDE_10.0.2_411\workspace\lpc_chip_11cxx_lib\Debug\liblpc_chip_11cxx_lib.a(sysinit_11xx.o)
 .debug_macro   0x00000000      0x21c C:\Users\aiellog\Documents\MCUXpressoIDE_10.0.2_411\workspace\lpc_chip_11cxx_lib\Debug\liblpc_chip_11cxx_lib.a(sysinit_11xx.o)
 .debug_macro   0x00000000      0x113 C:\Users\aiellog\Documents\MCUXpressoIDE_10.0.2_411\workspace\lpc_chip_11cxx_lib\Debug\liblpc_chip_11cxx_lib.a(sysinit_11xx.o)
 .group         0x00000000        0x8 C:\Users\aiellog\Documents\MCUXpressoIDE_10.0.2_411\workspace\lpc_chip_11cxx_lib\Debug\liblpc_chip_11cxx_lib.a(uart_11xx.o)
 .group         0x00000000        0x8 C:\Users\aiellog\Documents\MCUXpressoIDE_10.0.2_411\workspace\lpc_chip_11cxx_lib\Debug\liblpc_chip_11cxx_lib.a(uart_11xx.o)
 .group         0x00000000        0x8 C:\Users\aiellog\Documents\MCUXpressoIDE_10.0.2_411\workspace\lpc_chip_11cxx_lib\Debug\liblpc_chip_11cxx_lib.a(uart_11xx.o)
 .group         0x00000000        0x8 C:\Users\aiellog\Documents\MCUXpressoIDE_10.0.2_411\workspace\lpc_chip_11cxx_lib\Debug\liblpc_chip_11cxx_lib.a(uart_11xx.o)
 .group         0x00000000        0x8 C:\Users\aiellog\Documents\MCUXpressoIDE_10.0.2_411\workspace\lpc_chip_11cxx_lib\Debug\liblpc_chip_11cxx_lib.a(uart_11xx.o)
 .group         0x00000000        0x8 C:\Users\aiellog\Documents\MCUXpressoIDE_10.0.2_411\workspace\lpc_chip_11cxx_lib\Debug\liblpc_chip_11cxx_lib.a(uart_11xx.o)
 .group         0x00000000        0x8 C:\Users\aiellog\Documents\MCUXpressoIDE_10.0.2_411\workspace\lpc_chip_11cxx_lib\Debug\liblpc_chip_11cxx_lib.a(uart_11xx.o)
 .group         0x00000000        0x8 C:\Users\aiellog\Documents\MCUXpressoIDE_10.0.2_411\workspace\lpc_chip_11cxx_lib\Debug\liblpc_chip_11cxx_lib.a(uart_11xx.o)
 .group         0x00000000        0x8 C:\Users\aiellog\Documents\MCUXpressoIDE_10.0.2_411\workspace\lpc_chip_11cxx_lib\Debug\liblpc_chip_11cxx_lib.a(uart_11xx.o)
 .group         0x00000000        0x8 C:\Users\aiellog\Documents\MCUXpressoIDE_10.0.2_411\workspace\lpc_chip_11cxx_lib\Debug\liblpc_chip_11cxx_lib.a(uart_11xx.o)
 .group         0x00000000        0x8 C:\Users\aiellog\Documents\MCUXpressoIDE_10.0.2_411\workspace\lpc_chip_11cxx_lib\Debug\liblpc_chip_11cxx_lib.a(uart_11xx.o)
 .group         0x00000000        0x8 C:\Users\aiellog\Documents\MCUXpressoIDE_10.0.2_411\workspace\lpc_chip_11cxx_lib\Debug\liblpc_chip_11cxx_lib.a(uart_11xx.o)
 .group         0x00000000        0x8 C:\Users\aiellog\Documents\MCUXpressoIDE_10.0.2_411\workspace\lpc_chip_11cxx_lib\Debug\liblpc_chip_11cxx_lib.a(uart_11xx.o)
 .group         0x00000000        0x8 C:\Users\aiellog\Documents\MCUXpressoIDE_10.0.2_411\workspace\lpc_chip_11cxx_lib\Debug\liblpc_chip_11cxx_lib.a(uart_11xx.o)
 .group         0x00000000        0x8 C:\Users\aiellog\Documents\MCUXpressoIDE_10.0.2_411\workspace\lpc_chip_11cxx_lib\Debug\liblpc_chip_11cxx_lib.a(uart_11xx.o)
 .group         0x00000000        0x8 C:\Users\aiellog\Documents\MCUXpressoIDE_10.0.2_411\workspace\lpc_chip_11cxx_lib\Debug\liblpc_chip_11cxx_lib.a(uart_11xx.o)
 .group         0x00000000        0x8 C:\Users\aiellog\Documents\MCUXpressoIDE_10.0.2_411\workspace\lpc_chip_11cxx_lib\Debug\liblpc_chip_11cxx_lib.a(uart_11xx.o)
 .group         0x00000000        0x8 C:\Users\aiellog\Documents\MCUXpressoIDE_10.0.2_411\workspace\lpc_chip_11cxx_lib\Debug\liblpc_chip_11cxx_lib.a(uart_11xx.o)
 .group         0x00000000        0x8 C:\Users\aiellog\Documents\MCUXpressoIDE_10.0.2_411\workspace\lpc_chip_11cxx_lib\Debug\liblpc_chip_11cxx_lib.a(uart_11xx.o)
 .group         0x00000000        0x8 C:\Users\aiellog\Documents\MCUXpressoIDE_10.0.2_411\workspace\lpc_chip_11cxx_lib\Debug\liblpc_chip_11cxx_lib.a(uart_11xx.o)
 .group         0x00000000        0x8 C:\Users\aiellog\Documents\MCUXpressoIDE_10.0.2_411\workspace\lpc_chip_11cxx_lib\Debug\liblpc_chip_11cxx_lib.a(uart_11xx.o)
 .group         0x00000000        0x8 C:\Users\aiellog\Documents\MCUXpressoIDE_10.0.2_411\workspace\lpc_chip_11cxx_lib\Debug\liblpc_chip_11cxx_lib.a(uart_11xx.o)
 .group         0x00000000        0x8 C:\Users\aiellog\Documents\MCUXpressoIDE_10.0.2_411\workspace\lpc_chip_11cxx_lib\Debug\liblpc_chip_11cxx_lib.a(uart_11xx.o)
 .group         0x00000000        0x8 C:\Users\aiellog\Documents\MCUXpressoIDE_10.0.2_411\workspace\lpc_chip_11cxx_lib\Debug\liblpc_chip_11cxx_lib.a(uart_11xx.o)
 .text          0x00000000        0x0 C:\Users\aiellog\Documents\MCUXpressoIDE_10.0.2_411\workspace\lpc_chip_11cxx_lib\Debug\liblpc_chip_11cxx_lib.a(uart_11xx.o)
 .data          0x00000000        0x0 C:\Users\aiellog\Documents\MCUXpressoIDE_10.0.2_411\workspace\lpc_chip_11cxx_lib\Debug\liblpc_chip_11cxx_lib.a(uart_11xx.o)
 .bss           0x00000000        0x0 C:\Users\aiellog\Documents\MCUXpressoIDE_10.0.2_411\workspace\lpc_chip_11cxx_lib\Debug\liblpc_chip_11cxx_lib.a(uart_11xx.o)
 .text.Chip_Clock_DisablePeriphClock
                0x00000000       0x34 C:\Users\aiellog\Documents\MCUXpressoIDE_10.0.2_411\workspace\lpc_chip_11cxx_lib\Debug\liblpc_chip_11cxx_lib.a(uart_11xx.o)
 .text.RingBuffer_IsEmpty
                0x00000000       0x24 C:\Users\aiellog\Documents\MCUXpressoIDE_10.0.2_411\workspace\lpc_chip_11cxx_lib\Debug\liblpc_chip_11cxx_lib.a(uart_11xx.o)
 .text.Chip_UART_ReadByte
                0x00000000       0x18 C:\Users\aiellog\Documents\MCUXpressoIDE_10.0.2_411\workspace\lpc_chip_11cxx_lib\Debug\liblpc_chip_11cxx_lib.a(uart_11xx.o)
 .text.Chip_UART_IntEnable
                0x00000000       0x20 C:\Users\aiellog\Documents\MCUXpressoIDE_10.0.2_411\workspace\lpc_chip_11cxx_lib\Debug\liblpc_chip_11cxx_lib.a(uart_11xx.o)
 .text.Chip_UART_IntDisable
                0x00000000       0x20 C:\Users\aiellog\Documents\MCUXpressoIDE_10.0.2_411\workspace\lpc_chip_11cxx_lib\Debug\liblpc_chip_11cxx_lib.a(uart_11xx.o)
 .text.Chip_UART_DeInit
                0x00000000       0x18 C:\Users\aiellog\Documents\MCUXpressoIDE_10.0.2_411\workspace\lpc_chip_11cxx_lib\Debug\liblpc_chip_11cxx_lib.a(uart_11xx.o)
 .text.Chip_UART_Read
                0x00000000       0x54 C:\Users\aiellog\Documents\MCUXpressoIDE_10.0.2_411\workspace\lpc_chip_11cxx_lib\Debug\liblpc_chip_11cxx_lib.a(uart_11xx.o)
 .text.Chip_UART_ReadBlocking
                0x00000000       0x50 C:\Users\aiellog\Documents\MCUXpressoIDE_10.0.2_411\workspace\lpc_chip_11cxx_lib\Debug\liblpc_chip_11cxx_lib.a(uart_11xx.o)
 .text.Chip_UART_RXIntHandlerRB
                0x00000000       0x44 C:\Users\aiellog\Documents\MCUXpressoIDE_10.0.2_411\workspace\lpc_chip_11cxx_lib\Debug\liblpc_chip_11cxx_lib.a(uart_11xx.o)
 .text.Chip_UART_TXIntHandlerRB
                0x00000000       0x48 C:\Users\aiellog\Documents\MCUXpressoIDE_10.0.2_411\workspace\lpc_chip_11cxx_lib\Debug\liblpc_chip_11cxx_lib.a(uart_11xx.o)
 .text.Chip_UART_SendRB
                0x00000000       0x6c C:\Users\aiellog\Documents\MCUXpressoIDE_10.0.2_411\workspace\lpc_chip_11cxx_lib\Debug\liblpc_chip_11cxx_lib.a(uart_11xx.o)
 .text.Chip_UART_ReadRB
                0x00000000       0x24 C:\Users\aiellog\Documents\MCUXpressoIDE_10.0.2_411\workspace\lpc_chip_11cxx_lib\Debug\liblpc_chip_11cxx_lib.a(uart_11xx.o)
 .text.Chip_UART_IRQRBHandler
                0x00000000       0x4c C:\Users\aiellog\Documents\MCUXpressoIDE_10.0.2_411\workspace\lpc_chip_11cxx_lib\Debug\liblpc_chip_11cxx_lib.a(uart_11xx.o)
 .text.Chip_UART_SetBaudFDR
                0x00000000       0xe0 C:\Users\aiellog\Documents\MCUXpressoIDE_10.0.2_411\workspace\lpc_chip_11cxx_lib\Debug\liblpc_chip_11cxx_lib.a(uart_11xx.o)
 .debug_macro   0x00000000      0x838 C:\Users\aiellog\Documents\MCUXpressoIDE_10.0.2_411\workspace\lpc_chip_11cxx_lib\Debug\liblpc_chip_11cxx_lib.a(uart_11xx.o)
 .debug_macro   0x00000000       0x10 C:\Users\aiellog\Documents\MCUXpressoIDE_10.0.2_411\workspace\lpc_chip_11cxx_lib\Debug\liblpc_chip_11cxx_lib.a(uart_11xx.o)
 .debug_macro   0x00000000      0x12d C:\Users\aiellog\Documents\MCUXpressoIDE_10.0.2_411\workspace\lpc_chip_11cxx_lib\Debug\liblpc_chip_11cxx_lib.a(uart_11xx.o)
 .debug_macro   0x00000000      0x5b2 C:\Users\aiellog\Documents\MCUXpressoIDE_10.0.2_411\workspace\lpc_chip_11cxx_lib\Debug\liblpc_chip_11cxx_lib.a(uart_11xx.o)
 .debug_macro   0x00000000       0x22 C:\Users\aiellog\Documents\MCUXpressoIDE_10.0.2_411\workspace\lpc_chip_11cxx_lib\Debug\liblpc_chip_11cxx_lib.a(uart_11xx.o)
 .debug_macro   0x00000000       0x7b C:\Users\aiellog\Documents\MCUXpressoIDE_10.0.2_411\workspace\lpc_chip_11cxx_lib\Debug\liblpc_chip_11cxx_lib.a(uart_11xx.o)
 .debug_macro   0x00000000       0x10 C:\Users\aiellog\Documents\MCUXpressoIDE_10.0.2_411\workspace\lpc_chip_11cxx_lib\Debug\liblpc_chip_11cxx_lib.a(uart_11xx.o)
 .debug_macro   0x00000000       0x1f C:\Users\aiellog\Documents\MCUXpressoIDE_10.0.2_411\workspace\lpc_chip_11cxx_lib\Debug\liblpc_chip_11cxx_lib.a(uart_11xx.o)
 .debug_macro   0x00000000       0x3a C:\Users\aiellog\Documents\MCUXpressoIDE_10.0.2_411\workspace\lpc_chip_11cxx_lib\Debug\liblpc_chip_11cxx_lib.a(uart_11xx.o)
 .debug_macro   0x00000000      0x241 C:\Users\aiellog\Documents\MCUXpressoIDE_10.0.2_411\workspace\lpc_chip_11cxx_lib\Debug\liblpc_chip_11cxx_lib.a(uart_11xx.o)
 .debug_macro   0x00000000      0x117 C:\Users\aiellog\Documents\MCUXpressoIDE_10.0.2_411\workspace\lpc_chip_11cxx_lib\Debug\liblpc_chip_11cxx_lib.a(uart_11xx.o)
 .debug_macro   0x00000000       0x22 C:\Users\aiellog\Documents\MCUXpressoIDE_10.0.2_411\workspace\lpc_chip_11cxx_lib\Debug\liblpc_chip_11cxx_lib.a(uart_11xx.o)
 .debug_macro   0x00000000       0xb2 C:\Users\aiellog\Documents\MCUXpressoIDE_10.0.2_411\workspace\lpc_chip_11cxx_lib\Debug\liblpc_chip_11cxx_lib.a(uart_11xx.o)
 .debug_macro   0x00000000       0x10 C:\Users\aiellog\Documents\MCUXpressoIDE_10.0.2_411\workspace\lpc_chip_11cxx_lib\Debug\liblpc_chip_11cxx_lib.a(uart_11xx.o)
 .debug_macro   0x00000000      0x137 C:\Users\aiellog\Documents\MCUXpressoIDE_10.0.2_411\workspace\lpc_chip_11cxx_lib\Debug\liblpc_chip_11cxx_lib.a(uart_11xx.o)
 .debug_macro   0x00000000       0x4c C:\Users\aiellog\Documents\MCUXpressoIDE_10.0.2_411\workspace\lpc_chip_11cxx_lib\Debug\liblpc_chip_11cxx_lib.a(uart_11xx.o)
 .debug_macro   0x00000000       0x16 C:\Users\aiellog\Documents\MCUXpressoIDE_10.0.2_411\workspace\lpc_chip_11cxx_lib\Debug\liblpc_chip_11cxx_lib.a(uart_11xx.o)
 .debug_macro   0x00000000      0x31a C:\Users\aiellog\Documents\MCUXpressoIDE_10.0.2_411\workspace\lpc_chip_11cxx_lib\Debug\liblpc_chip_11cxx_lib.a(uart_11xx.o)
 .debug_macro   0x00000000       0x2e C:\Users\aiellog\Documents\MCUXpressoIDE_10.0.2_411\workspace\lpc_chip_11cxx_lib\Debug\liblpc_chip_11cxx_lib.a(uart_11xx.o)
 .debug_macro   0x00000000       0xb8 C:\Users\aiellog\Documents\MCUXpressoIDE_10.0.2_411\workspace\lpc_chip_11cxx_lib\Debug\liblpc_chip_11cxx_lib.a(uart_11xx.o)
 .debug_macro   0x00000000       0x11 C:\Users\aiellog\Documents\MCUXpressoIDE_10.0.2_411\workspace\lpc_chip_11cxx_lib\Debug\liblpc_chip_11cxx_lib.a(uart_11xx.o)
 .debug_macro   0x00000000       0x7c C:\Users\aiellog\Documents\MCUXpressoIDE_10.0.2_411\workspace\lpc_chip_11cxx_lib\Debug\liblpc_chip_11cxx_lib.a(uart_11xx.o)
 .debug_macro   0x00000000      0x21c C:\Users\aiellog\Documents\MCUXpressoIDE_10.0.2_411\workspace\lpc_chip_11cxx_lib\Debug\liblpc_chip_11cxx_lib.a(uart_11xx.o)
 .debug_macro   0x00000000      0x113 C:\Users\aiellog\Documents\MCUXpressoIDE_10.0.2_411\workspace\lpc_chip_11cxx_lib\Debug\liblpc_chip_11cxx_lib.a(uart_11xx.o)
 .group         0x00000000        0x8 C:\Users\aiellog\Documents\MCUXpressoIDE_10.0.2_411\workspace\lpc_chip_11cxx_lib\Debug\liblpc_chip_11cxx_lib.a(ring_buffer.o)
 .group         0x00000000        0x8 C:\Users\aiellog\Documents\MCUXpressoIDE_10.0.2_411\workspace\lpc_chip_11cxx_lib\Debug\liblpc_chip_11cxx_lib.a(ring_buffer.o)
 .group         0x00000000        0x8 C:\Users\aiellog\Documents\MCUXpressoIDE_10.0.2_411\workspace\lpc_chip_11cxx_lib\Debug\liblpc_chip_11cxx_lib.a(ring_buffer.o)
 .group         0x00000000        0x8 C:\Users\aiellog\Documents\MCUXpressoIDE_10.0.2_411\workspace\lpc_chip_11cxx_lib\Debug\liblpc_chip_11cxx_lib.a(ring_buffer.o)
 .group         0x00000000        0x8 C:\Users\aiellog\Documents\MCUXpressoIDE_10.0.2_411\workspace\lpc_chip_11cxx_lib\Debug\liblpc_chip_11cxx_lib.a(ring_buffer.o)
 .group         0x00000000        0x8 C:\Users\aiellog\Documents\MCUXpressoIDE_10.0.2_411\workspace\lpc_chip_11cxx_lib\Debug\liblpc_chip_11cxx_lib.a(ring_buffer.o)
 .group         0x00000000        0x8 C:\Users\aiellog\Documents\MCUXpressoIDE_10.0.2_411\workspace\lpc_chip_11cxx_lib\Debug\liblpc_chip_11cxx_lib.a(ring_buffer.o)
 .text          0x00000000        0x0 C:\Users\aiellog\Documents\MCUXpressoIDE_10.0.2_411\workspace\lpc_chip_11cxx_lib\Debug\liblpc_chip_11cxx_lib.a(ring_buffer.o)
 .data          0x00000000        0x0 C:\Users\aiellog\Documents\MCUXpressoIDE_10.0.2_411\workspace\lpc_chip_11cxx_lib\Debug\liblpc_chip_11cxx_lib.a(ring_buffer.o)
 .bss           0x00000000        0x0 C:\Users\aiellog\Documents\MCUXpressoIDE_10.0.2_411\workspace\lpc_chip_11cxx_lib\Debug\liblpc_chip_11cxx_lib.a(ring_buffer.o)
 .text.RingBuffer_GetCount
                0x00000000       0x20 C:\Users\aiellog\Documents\MCUXpressoIDE_10.0.2_411\workspace\lpc_chip_11cxx_lib\Debug\liblpc_chip_11cxx_lib.a(ring_buffer.o)
 .text.RingBuffer_GetFree
                0x00000000       0x20 C:\Users\aiellog\Documents\MCUXpressoIDE_10.0.2_411\workspace\lpc_chip_11cxx_lib\Debug\liblpc_chip_11cxx_lib.a(ring_buffer.o)
 .text.RingBuffer_IsFull
                0x00000000       0x2c C:\Users\aiellog\Documents\MCUXpressoIDE_10.0.2_411\workspace\lpc_chip_11cxx_lib\Debug\liblpc_chip_11cxx_lib.a(ring_buffer.o)
 .text.RingBuffer_IsEmpty
                0x00000000       0x24 C:\Users\aiellog\Documents\MCUXpressoIDE_10.0.2_411\workspace\lpc_chip_11cxx_lib\Debug\liblpc_chip_11cxx_lib.a(ring_buffer.o)
 .text.RingBuffer_Init
                0x00000000       0x38 C:\Users\aiellog\Documents\MCUXpressoIDE_10.0.2_411\workspace\lpc_chip_11cxx_lib\Debug\liblpc_chip_11cxx_lib.a(ring_buffer.o)
 .text.RingBuffer_Insert
                0x00000000       0x5c C:\Users\aiellog\Documents\MCUXpressoIDE_10.0.2_411\workspace\lpc_chip_11cxx_lib\Debug\liblpc_chip_11cxx_lib.a(ring_buffer.o)
 .text.RingBuffer_InsertMult
                0x00000000      0x120 C:\Users\aiellog\Documents\MCUXpressoIDE_10.0.2_411\workspace\lpc_chip_11cxx_lib\Debug\liblpc_chip_11cxx_lib.a(ring_buffer.o)
 .text.RingBuffer_Pop
                0x00000000       0x5c C:\Users\aiellog\Documents\MCUXpressoIDE_10.0.2_411\workspace\lpc_chip_11cxx_lib\Debug\liblpc_chip_11cxx_lib.a(ring_buffer.o)
 .text.RingBuffer_PopMult
                0x00000000      0x120 C:\Users\aiellog\Documents\MCUXpressoIDE_10.0.2_411\workspace\lpc_chip_11cxx_lib\Debug\liblpc_chip_11cxx_lib.a(ring_buffer.o)
 .debug_info    0x00000000      0x34b C:\Users\aiellog\Documents\MCUXpressoIDE_10.0.2_411\workspace\lpc_chip_11cxx_lib\Debug\liblpc_chip_11cxx_lib.a(ring_buffer.o)
 .debug_abbrev  0x00000000      0x12d C:\Users\aiellog\Documents\MCUXpressoIDE_10.0.2_411\workspace\lpc_chip_11cxx_lib\Debug\liblpc_chip_11cxx_lib.a(ring_buffer.o)
 .debug_aranges
                0x00000000       0x60 C:\Users\aiellog\Documents\MCUXpressoIDE_10.0.2_411\workspace\lpc_chip_11cxx_lib\Debug\liblpc_chip_11cxx_lib.a(ring_buffer.o)
 .debug_ranges  0x00000000       0x50 C:\Users\aiellog\Documents\MCUXpressoIDE_10.0.2_411\workspace\lpc_chip_11cxx_lib\Debug\liblpc_chip_11cxx_lib.a(ring_buffer.o)
 .debug_macro   0x00000000       0x83 C:\Users\aiellog\Documents\MCUXpressoIDE_10.0.2_411\workspace\lpc_chip_11cxx_lib\Debug\liblpc_chip_11cxx_lib.a(ring_buffer.o)
 .debug_macro   0x00000000      0x838 C:\Users\aiellog\Documents\MCUXpressoIDE_10.0.2_411\workspace\lpc_chip_11cxx_lib\Debug\liblpc_chip_11cxx_lib.a(ring_buffer.o)
 .debug_macro   0x00000000       0x10 C:\Users\aiellog\Documents\MCUXpressoIDE_10.0.2_411\workspace\lpc_chip_11cxx_lib\Debug\liblpc_chip_11cxx_lib.a(ring_buffer.o)
 .debug_macro   0x00000000      0x12d C:\Users\aiellog\Documents\MCUXpressoIDE_10.0.2_411\workspace\lpc_chip_11cxx_lib\Debug\liblpc_chip_11cxx_lib.a(ring_buffer.o)
 .debug_macro   0x00000000      0x5b2 C:\Users\aiellog\Documents\MCUXpressoIDE_10.0.2_411\workspace\lpc_chip_11cxx_lib\Debug\liblpc_chip_11cxx_lib.a(ring_buffer.o)
 .debug_macro   0x00000000       0x22 C:\Users\aiellog\Documents\MCUXpressoIDE_10.0.2_411\workspace\lpc_chip_11cxx_lib\Debug\liblpc_chip_11cxx_lib.a(ring_buffer.o)
 .debug_macro   0x00000000       0x74 C:\Users\aiellog\Documents\MCUXpressoIDE_10.0.2_411\workspace\lpc_chip_11cxx_lib\Debug\liblpc_chip_11cxx_lib.a(ring_buffer.o)
 .debug_macro   0x00000000       0x10 C:\Users\aiellog\Documents\MCUXpressoIDE_10.0.2_411\workspace\lpc_chip_11cxx_lib\Debug\liblpc_chip_11cxx_lib.a(ring_buffer.o)
 .debug_line    0x00000000      0x25a C:\Users\aiellog\Documents\MCUXpressoIDE_10.0.2_411\workspace\lpc_chip_11cxx_lib\Debug\liblpc_chip_11cxx_lib.a(ring_buffer.o)
 .debug_str     0x00000000     0x3e58 C:\Users\aiellog\Documents\MCUXpressoIDE_10.0.2_411\workspace\lpc_chip_11cxx_lib\Debug\liblpc_chip_11cxx_lib.a(ring_buffer.o)
 .comment       0x00000000       0x6f C:\Users\aiellog\Documents\MCUXpressoIDE_10.0.2_411\workspace\lpc_chip_11cxx_lib\Debug\liblpc_chip_11cxx_lib.a(ring_buffer.o)
 .debug_frame   0x00000000      0x130 C:\Users\aiellog\Documents\MCUXpressoIDE_10.0.2_411\workspace\lpc_chip_11cxx_lib\Debug\liblpc_chip_11cxx_lib.a(ring_buffer.o)
 .ARM.attributes
                0x00000000       0x31 C:\Users\aiellog\Documents\MCUXpressoIDE_10.0.2_411\workspace\lpc_chip_11cxx_lib\Debug\liblpc_chip_11cxx_lib.a(ring_buffer.o)
 .group         0x00000000        0x8 C:\Users\aiellog\Documents\MCUXpressoIDE_10.0.2_411\workspace\lpc_chip_11cxx_lib\Debug\liblpc_chip_11cxx_lib.a(sysctl_11xx.o)
 .group         0x00000000        0x8 C:\Users\aiellog\Documents\MCUXpressoIDE_10.0.2_411\workspace\lpc_chip_11cxx_lib\Debug\liblpc_chip_11cxx_lib.a(sysctl_11xx.o)
 .group         0x00000000        0x8 C:\Users\aiellog\Documents\MCUXpressoIDE_10.0.2_411\workspace\lpc_chip_11cxx_lib\Debug\liblpc_chip_11cxx_lib.a(sysctl_11xx.o)
 .group         0x00000000        0x8 C:\Users\aiellog\Documents\MCUXpressoIDE_10.0.2_411\workspace\lpc_chip_11cxx_lib\Debug\liblpc_chip_11cxx_lib.a(sysctl_11xx.o)
 .group         0x00000000        0x8 C:\Users\aiellog\Documents\MCUXpressoIDE_10.0.2_411\workspace\lpc_chip_11cxx_lib\Debug\liblpc_chip_11cxx_lib.a(sysctl_11xx.o)
 .group         0x00000000        0x8 C:\Users\aiellog\Documents\MCUXpressoIDE_10.0.2_411\workspace\lpc_chip_11cxx_lib\Debug\liblpc_chip_11cxx_lib.a(sysctl_11xx.o)
 .group         0x00000000        0x8 C:\Users\aiellog\Documents\MCUXpressoIDE_10.0.2_411\workspace\lpc_chip_11cxx_lib\Debug\liblpc_chip_11cxx_lib.a(sysctl_11xx.o)
 .group         0x00000000        0x8 C:\Users\aiellog\Documents\MCUXpressoIDE_10.0.2_411\workspace\lpc_chip_11cxx_lib\Debug\liblpc_chip_11cxx_lib.a(sysctl_11xx.o)
 .group         0x00000000        0x8 C:\Users\aiellog\Documents\MCUXpressoIDE_10.0.2_411\workspace\lpc_chip_11cxx_lib\Debug\liblpc_chip_11cxx_lib.a(sysctl_11xx.o)
 .group         0x00000000        0x8 C:\Users\aiellog\Documents\MCUXpressoIDE_10.0.2_411\workspace\lpc_chip_11cxx_lib\Debug\liblpc_chip_11cxx_lib.a(sysctl_11xx.o)
 .group         0x00000000        0x8 C:\Users\aiellog\Documents\MCUXpressoIDE_10.0.2_411\workspace\lpc_chip_11cxx_lib\Debug\liblpc_chip_11cxx_lib.a(sysctl_11xx.o)
 .group         0x00000000        0x8 C:\Users\aiellog\Documents\MCUXpressoIDE_10.0.2_411\workspace\lpc_chip_11cxx_lib\Debug\liblpc_chip_11cxx_lib.a(sysctl_11xx.o)
 .group         0x00000000        0x8 C:\Users\aiellog\Documents\MCUXpressoIDE_10.0.2_411\workspace\lpc_chip_11cxx_lib\Debug\liblpc_chip_11cxx_lib.a(sysctl_11xx.o)
 .group         0x00000000        0x8 C:\Users\aiellog\Documents\MCUXpressoIDE_10.0.2_411\workspace\lpc_chip_11cxx_lib\Debug\liblpc_chip_11cxx_lib.a(sysctl_11xx.o)
 .group         0x00000000        0x8 C:\Users\aiellog\Documents\MCUXpressoIDE_10.0.2_411\workspace\lpc_chip_11cxx_lib\Debug\liblpc_chip_11cxx_lib.a(sysctl_11xx.o)
 .group         0x00000000        0x8 C:\Users\aiellog\Documents\MCUXpressoIDE_10.0.2_411\workspace\lpc_chip_11cxx_lib\Debug\liblpc_chip_11cxx_lib.a(sysctl_11xx.o)
 .group         0x00000000        0x8 C:\Users\aiellog\Documents\MCUXpressoIDE_10.0.2_411\workspace\lpc_chip_11cxx_lib\Debug\liblpc_chip_11cxx_lib.a(sysctl_11xx.o)
 .group         0x00000000        0x8 C:\Users\aiellog\Documents\MCUXpressoIDE_10.0.2_411\workspace\lpc_chip_11cxx_lib\Debug\liblpc_chip_11cxx_lib.a(sysctl_11xx.o)
 .group         0x00000000        0x8 C:\Users\aiellog\Documents\MCUXpressoIDE_10.0.2_411\workspace\lpc_chip_11cxx_lib\Debug\liblpc_chip_11cxx_lib.a(sysctl_11xx.o)
 .group         0x00000000        0x8 C:\Users\aiellog\Documents\MCUXpressoIDE_10.0.2_411\workspace\lpc_chip_11cxx_lib\Debug\liblpc_chip_11cxx_lib.a(sysctl_11xx.o)
 .group         0x00000000        0x8 C:\Users\aiellog\Documents\MCUXpressoIDE_10.0.2_411\workspace\lpc_chip_11cxx_lib\Debug\liblpc_chip_11cxx_lib.a(sysctl_11xx.o)
 .group         0x00000000        0x8 C:\Users\aiellog\Documents\MCUXpressoIDE_10.0.2_411\workspace\lpc_chip_11cxx_lib\Debug\liblpc_chip_11cxx_lib.a(sysctl_11xx.o)
 .group         0x00000000        0x8 C:\Users\aiellog\Documents\MCUXpressoIDE_10.0.2_411\workspace\lpc_chip_11cxx_lib\Debug\liblpc_chip_11cxx_lib.a(sysctl_11xx.o)
 .group         0x00000000        0x8 C:\Users\aiellog\Documents\MCUXpressoIDE_10.0.2_411\workspace\lpc_chip_11cxx_lib\Debug\liblpc_chip_11cxx_lib.a(sysctl_11xx.o)
 .text          0x00000000        0x0 C:\Users\aiellog\Documents\MCUXpressoIDE_10.0.2_411\workspace\lpc_chip_11cxx_lib\Debug\liblpc_chip_11cxx_lib.a(sysctl_11xx.o)
 .data          0x00000000        0x0 C:\Users\aiellog\Documents\MCUXpressoIDE_10.0.2_411\workspace\lpc_chip_11cxx_lib\Debug\liblpc_chip_11cxx_lib.a(sysctl_11xx.o)
 .bss           0x00000000        0x0 C:\Users\aiellog\Documents\MCUXpressoIDE_10.0.2_411\workspace\lpc_chip_11cxx_lib\Debug\liblpc_chip_11cxx_lib.a(sysctl_11xx.o)
 .text.Chip_SYSCTL_SetDeepSleepPD
                0x00000000       0x2c C:\Users\aiellog\Documents\MCUXpressoIDE_10.0.2_411\workspace\lpc_chip_11cxx_lib\Debug\liblpc_chip_11cxx_lib.a(sysctl_11xx.o)
 .text.Chip_SYSCTL_SetWakeup
                0x00000000       0x28 C:\Users\aiellog\Documents\MCUXpressoIDE_10.0.2_411\workspace\lpc_chip_11cxx_lib\Debug\liblpc_chip_11cxx_lib.a(sysctl_11xx.o)
 .debug_macro   0x00000000      0x838 C:\Users\aiellog\Documents\MCUXpressoIDE_10.0.2_411\workspace\lpc_chip_11cxx_lib\Debug\liblpc_chip_11cxx_lib.a(sysctl_11xx.o)
 .debug_macro   0x00000000       0x10 C:\Users\aiellog\Documents\MCUXpressoIDE_10.0.2_411\workspace\lpc_chip_11cxx_lib\Debug\liblpc_chip_11cxx_lib.a(sysctl_11xx.o)
 .debug_macro   0x00000000      0x12d C:\Users\aiellog\Documents\MCUXpressoIDE_10.0.2_411\workspace\lpc_chip_11cxx_lib\Debug\liblpc_chip_11cxx_lib.a(sysctl_11xx.o)
 .debug_macro   0x00000000      0x5b2 C:\Users\aiellog\Documents\MCUXpressoIDE_10.0.2_411\workspace\lpc_chip_11cxx_lib\Debug\liblpc_chip_11cxx_lib.a(sysctl_11xx.o)
 .debug_macro   0x00000000       0x22 C:\Users\aiellog\Documents\MCUXpressoIDE_10.0.2_411\workspace\lpc_chip_11cxx_lib\Debug\liblpc_chip_11cxx_lib.a(sysctl_11xx.o)
 .debug_macro   0x00000000       0x7b C:\Users\aiellog\Documents\MCUXpressoIDE_10.0.2_411\workspace\lpc_chip_11cxx_lib\Debug\liblpc_chip_11cxx_lib.a(sysctl_11xx.o)
 .debug_macro   0x00000000       0x10 C:\Users\aiellog\Documents\MCUXpressoIDE_10.0.2_411\workspace\lpc_chip_11cxx_lib\Debug\liblpc_chip_11cxx_lib.a(sysctl_11xx.o)
 .debug_macro   0x00000000       0x1f C:\Users\aiellog\Documents\MCUXpressoIDE_10.0.2_411\workspace\lpc_chip_11cxx_lib\Debug\liblpc_chip_11cxx_lib.a(sysctl_11xx.o)
 .debug_macro   0x00000000       0x3a C:\Users\aiellog\Documents\MCUXpressoIDE_10.0.2_411\workspace\lpc_chip_11cxx_lib\Debug\liblpc_chip_11cxx_lib.a(sysctl_11xx.o)
 .debug_macro   0x00000000      0x241 C:\Users\aiellog\Documents\MCUXpressoIDE_10.0.2_411\workspace\lpc_chip_11cxx_lib\Debug\liblpc_chip_11cxx_lib.a(sysctl_11xx.o)
 .debug_macro   0x00000000      0x117 C:\Users\aiellog\Documents\MCUXpressoIDE_10.0.2_411\workspace\lpc_chip_11cxx_lib\Debug\liblpc_chip_11cxx_lib.a(sysctl_11xx.o)
 .debug_macro   0x00000000       0x22 C:\Users\aiellog\Documents\MCUXpressoIDE_10.0.2_411\workspace\lpc_chip_11cxx_lib\Debug\liblpc_chip_11cxx_lib.a(sysctl_11xx.o)
 .debug_macro   0x00000000       0xb2 C:\Users\aiellog\Documents\MCUXpressoIDE_10.0.2_411\workspace\lpc_chip_11cxx_lib\Debug\liblpc_chip_11cxx_lib.a(sysctl_11xx.o)
 .debug_macro   0x00000000       0x10 C:\Users\aiellog\Documents\MCUXpressoIDE_10.0.2_411\workspace\lpc_chip_11cxx_lib\Debug\liblpc_chip_11cxx_lib.a(sysctl_11xx.o)
 .debug_macro   0x00000000      0x137 C:\Users\aiellog\Documents\MCUXpressoIDE_10.0.2_411\workspace\lpc_chip_11cxx_lib\Debug\liblpc_chip_11cxx_lib.a(sysctl_11xx.o)
 .debug_macro   0x00000000       0x4c C:\Users\aiellog\Documents\MCUXpressoIDE_10.0.2_411\workspace\lpc_chip_11cxx_lib\Debug\liblpc_chip_11cxx_lib.a(sysctl_11xx.o)
 .debug_macro   0x00000000       0x16 C:\Users\aiellog\Documents\MCUXpressoIDE_10.0.2_411\workspace\lpc_chip_11cxx_lib\Debug\liblpc_chip_11cxx_lib.a(sysctl_11xx.o)
 .debug_macro   0x00000000      0x31a C:\Users\aiellog\Documents\MCUXpressoIDE_10.0.2_411\workspace\lpc_chip_11cxx_lib\Debug\liblpc_chip_11cxx_lib.a(sysctl_11xx.o)
 .debug_macro   0x00000000       0x2e C:\Users\aiellog\Documents\MCUXpressoIDE_10.0.2_411\workspace\lpc_chip_11cxx_lib\Debug\liblpc_chip_11cxx_lib.a(sysctl_11xx.o)
 .debug_macro   0x00000000       0xb8 C:\Users\aiellog\Documents\MCUXpressoIDE_10.0.2_411\workspace\lpc_chip_11cxx_lib\Debug\liblpc_chip_11cxx_lib.a(sysctl_11xx.o)
 .debug_macro   0x00000000       0x11 C:\Users\aiellog\Documents\MCUXpressoIDE_10.0.2_411\workspace\lpc_chip_11cxx_lib\Debug\liblpc_chip_11cxx_lib.a(sysctl_11xx.o)
 .debug_macro   0x00000000       0x7c C:\Users\aiellog\Documents\MCUXpressoIDE_10.0.2_411\workspace\lpc_chip_11cxx_lib\Debug\liblpc_chip_11cxx_lib.a(sysctl_11xx.o)
 .debug_macro   0x00000000      0x21c C:\Users\aiellog\Documents\MCUXpressoIDE_10.0.2_411\workspace\lpc_chip_11cxx_lib\Debug\liblpc_chip_11cxx_lib.a(sysctl_11xx.o)
 .debug_macro   0x00000000      0x113 C:\Users\aiellog\Documents\MCUXpressoIDE_10.0.2_411\workspace\lpc_chip_11cxx_lib\Debug\liblpc_chip_11cxx_lib.a(sysctl_11xx.o)
 .text          0x00000000        0x0 c:/nxp/mcuxpressoide_10.0.2_411/ide/tools/bin/../lib/gcc/arm-none-eabi/5.4.1/../../../../arm-none-eabi/lib/armv6-m\libcr_c.a(memcpy.o)
 .data          0x00000000        0x0 c:/nxp/mcuxpressoide_10.0.2_411/ide/tools/bin/../lib/gcc/arm-none-eabi/5.4.1/../../../../arm-none-eabi/lib/armv6-m\libcr_c.a(memcpy.o)
 .bss           0x00000000        0x0 c:/nxp/mcuxpressoide_10.0.2_411/ide/tools/bin/../lib/gcc/arm-none-eabi/5.4.1/../../../../arm-none-eabi/lib/armv6-m\libcr_c.a(memcpy.o)
 .text.memcpy   0x00000000        0x8 c:/nxp/mcuxpressoide_10.0.2_411/ide/tools/bin/../lib/gcc/arm-none-eabi/5.4.1/../../../../arm-none-eabi/lib/armv6-m\libcr_c.a(memcpy.o)
 .comment       0x00000000       0x6f c:/nxp/mcuxpressoide_10.0.2_411/ide/tools/bin/../lib/gcc/arm-none-eabi/5.4.1/../../../../arm-none-eabi/lib/armv6-m\libcr_c.a(memcpy.o)
 .ARM.attributes
                0x00000000       0x31 c:/nxp/mcuxpressoide_10.0.2_411/ide/tools/bin/../lib/gcc/arm-none-eabi/5.4.1/../../../../arm-none-eabi/lib/armv6-m\libcr_c.a(memcpy.o)
 .text          0x00000000        0x0 c:/nxp/mcuxpressoide_10.0.2_411/ide/tools/bin/../lib/gcc/arm-none-eabi/5.4.1/../../../../arm-none-eabi/lib/armv6-m\libcr_c.a(__weak__main.o)
 .data          0x00000000        0x0 c:/nxp/mcuxpressoide_10.0.2_411/ide/tools/bin/../lib/gcc/arm-none-eabi/5.4.1/../../../../arm-none-eabi/lib/armv6-m\libcr_c.a(__weak__main.o)
 .bss           0x00000000        0x0 c:/nxp/mcuxpressoide_10.0.2_411/ide/tools/bin/../lib/gcc/arm-none-eabi/5.4.1/../../../../arm-none-eabi/lib/armv6-m\libcr_c.a(__weak__main.o)
 .text          0x00000000        0x0 c:/nxp/mcuxpressoide_10.0.2_411/ide/tools/bin/../lib/gcc/arm-none-eabi/5.4.1/armv6-m\libcr_eabihelpers.a(division_32.o)
 .data          0x00000000        0x0 c:/nxp/mcuxpressoide_10.0.2_411/ide/tools/bin/../lib/gcc/arm-none-eabi/5.4.1/armv6-m\libcr_eabihelpers.a(division_32.o)
 .bss           0x00000000        0x0 c:/nxp/mcuxpressoide_10.0.2_411/ide/tools/bin/../lib/gcc/arm-none-eabi/5.4.1/armv6-m\libcr_eabihelpers.a(division_32.o)
 .text          0x00000000        0x0 c:/nxp/mcuxpressoide_10.0.2_411/ide/tools/bin/../lib/gcc/arm-none-eabi/5.4.1/armv6-m\libcr_eabihelpers.a(division_idiv0.o)
 .data          0x00000000        0x0 c:/nxp/mcuxpressoide_10.0.2_411/ide/tools/bin/../lib/gcc/arm-none-eabi/5.4.1/armv6-m\libcr_eabihelpers.a(division_idiv0.o)
 .bss           0x00000000        0x0 c:/nxp/mcuxpressoide_10.0.2_411/ide/tools/bin/../lib/gcc/arm-none-eabi/5.4.1/armv6-m\libcr_eabihelpers.a(division_idiv0.o)
 .text          0x00000000        0x0 c:/nxp/mcuxpressoide_10.0.2_411/ide/tools/bin/../lib/gcc/arm-none-eabi/5.4.1/armv6-m\libcr_eabihelpers.a(memcpy.o)
 .data          0x00000000        0x0 c:/nxp/mcuxpressoide_10.0.2_411/ide/tools/bin/../lib/gcc/arm-none-eabi/5.4.1/armv6-m\libcr_eabihelpers.a(memcpy.o)
 .bss           0x00000000        0x0 c:/nxp/mcuxpressoide_10.0.2_411/ide/tools/bin/../lib/gcc/arm-none-eabi/5.4.1/armv6-m\libcr_eabihelpers.a(memcpy.o)
 .text.__aeabi_memcpy
                0x00000000       0x2c c:/nxp/mcuxpressoide_10.0.2_411/ide/tools/bin/../lib/gcc/arm-none-eabi/5.4.1/armv6-m\libcr_eabihelpers.a(memcpy.o)
 .text.__aeabi_memmove
                0x00000000       0x1c c:/nxp/mcuxpressoide_10.0.2_411/ide/tools/bin/../lib/gcc/arm-none-eabi/5.4.1/armv6-m\libcr_eabihelpers.a(memcpy.o)
 .text.__aeabi_memset_lowlevel
                0x00000000       0x2a c:/nxp/mcuxpressoide_10.0.2_411/ide/tools/bin/../lib/gcc/arm-none-eabi/5.4.1/armv6-m\libcr_eabihelpers.a(memcpy.o)
 .text.__aeabi_memclr
                0x00000000        0x6 c:/nxp/mcuxpressoide_10.0.2_411/ide/tools/bin/../lib/gcc/arm-none-eabi/5.4.1/armv6-m\libcr_eabihelpers.a(memcpy.o)
 .text.__aeabi_memset
                0x00000000        0x8 c:/nxp/mcuxpressoide_10.0.2_411/ide/tools/bin/../lib/gcc/arm-none-eabi/5.4.1/armv6-m\libcr_eabihelpers.a(memcpy.o)
 .ARM.attributes
                0x00000000       0x21 c:/nxp/mcuxpressoide_10.0.2_411/ide/tools/bin/../lib/gcc/arm-none-eabi/5.4.1/armv6-m\libcr_eabihelpers.a(memcpy.o)

Memory Configuration

Name             Origin             Length             Attributes
MFlash32         0x00000000         0x00008000         xr
RamLoc8          0x10000000         0x00002000         xrw
*default*        0x00000000         0xffffffff

Linker script and memory map

LOAD ./src/CAN_UART.o
LOAD ./src/cr_startup_lpc11xx.o
LOAD ./src/crp.o
LOAD ./src/sysinit.o
LOAD C:\Users\aiellog\Documents\MCUXpressoIDE_10.0.2_411\workspace\lpc_chip_11cxx_lib\Debug\liblpc_chip_11cxx_lib.a
START GROUP
LOAD c:/nxp/mcuxpressoide_10.0.2_411/ide/tools/bin/../lib/gcc/arm-none-eabi/5.4.1/../../../../arm-none-eabi/lib/armv6-m\libcr_c.a
LOAD c:/nxp/mcuxpressoide_10.0.2_411/ide/tools/bin/../lib/gcc/arm-none-eabi/5.4.1/armv6-m\libcr_eabihelpers.a
END GROUP
                0x00000000                __base_MFlash32 = 0x0
                0x00000000                __base_Flash = 0x0
                0x00008000                __top_MFlash32 = 0x8000
                0x00008000                __top_Flash = 0x8000
                0x10000000                __base_RamLoc8 = 0x10000000
                0x10000000                __base_RAM = 0x10000000
                0x10002000                __top_RamLoc8 = 0x10002000
                0x10002000                __top_RAM = 0x10002000

.text           0x00000000      0xc70
 FILL mask 0xff
                0x00000000                __vectors_start__ = ABSOLUTE (.)
 *(.isr_vector)
 .isr_vector    0x00000000       0xc0 ./src/cr_startup_lpc11xx.o
                0x00000000                g_pfnVectors
                0x000000c0                . = ALIGN (0x4)
                0x000000c0                __section_table_start = .
                0x000000c0                __data_section_table = .
                0x000000c0        0x4 LONG 0xc70 LOADADDR (.data)
                0x000000c4        0x4 LONG 0x10000000 ADDR (.data)
                0x000000c8        0x4 LONG 0x0 SIZEOF (.data)
                0x000000cc                __data_section_table_end = .
                0x000000cc                __bss_section_table = .
                0x000000cc        0x4 LONG 0x10000000 ADDR (.bss)
                0x000000d0        0x4 LONG 0x20 SIZEOF (.bss)
                0x000000d4                __bss_section_table_end = .
                0x000000d4                __section_table_end = .
 *(.after_vectors*)
 .after_vectors
                0x000000d4      0x124 ./src/cr_startup_lpc11xx.o
                0x000000d4                data_init
                0x00000114                bss_init
                0x00000148                ResetISR
                0x000001c8                NMI_Handler
                0x000001d0                HardFault_Handler
                0x000001d8                SVC_Handler
                0x000001e0                PendSV_Handler
                0x000001e8                SysTick_Handler
                0x000001f0                TIMER32_1_IRQHandler
                0x000001f0                IntDefaultHandler
                0x000001f0                PIOINT1_IRQHandler
                0x000001f0                CAN_IRQHandler
                0x000001f0                TIMER32_0_IRQHandler
                0x000001f0                UART_IRQHandler
                0x000001f0                TIMER16_1_IRQHandler
                0x000001f0                ADC_IRQHandler
                0x000001f0                SSP1_IRQHandler
                0x000001f0                PIOINT2_IRQHandler
                0x000001f0                BOD_IRQHandler
                0x000001f0                WAKEUP_IRQHandler
                0x000001f0                PIOINT0_IRQHandler
                0x000001f0                I2C_IRQHandler
                0x000001f0                WDT_IRQHandler
                0x000001f0                TIMER16_0_IRQHandler
                0x000001f0                SSP0_IRQHandler
                0x000001f0                PIOINT3_IRQHandler
 *(.text*)
 .text.Chip_IOCON_PinMuxSet
                0x000001f8       0x28 ./src/CAN_UART.o
 .text.Chip_UART_TXEnable
                0x00000220       0x18 ./src/CAN_UART.o
 .text.Chip_UART_SetupFIFOS
                0x00000238       0x18 ./src/CAN_UART.o
 .text.Chip_UART_ConfigData
                0x00000250       0x18 ./src/CAN_UART.o
 .text.main     0x00000268      0x114 ./src/CAN_UART.o
                0x00000268                main
 .text.UART_Init
                0x0000037c       0x60 ./src/CAN_UART.o
                0x0000037c                UART_Init
 .text.CAN_Init
                0x000003dc       0xf0 ./src/CAN_UART.o
                0x000003dc                CAN_Init
 .text.LED_Init
                0x000004cc       0x54 ./src/CAN_UART.o
                0x000004cc                LED_Init
 .text.LED_setvalue
                0x00000520       0x40 ./src/CAN_UART.o
                0x00000520                LED_setvalue
 .text.delay    0x00000560       0x28 ./src/CAN_UART.o
                0x00000560                delay
 .text.SystemInit
                0x00000588       0x10 ./src/sysinit.o
                0x00000588                SystemInit
 .text.SystemCoreClockUpdate
                0x00000598       0x18 C:\Users\aiellog\Documents\MCUXpressoIDE_10.0.2_411\workspace\lpc_chip_11cxx_lib\Debug\liblpc_chip_11cxx_lib.a(chip_11xx.o)
                0x00000598                SystemCoreClockUpdate
 .text.Chip_Clock_GetMainOscRate
                0x000005b0       0x14 C:\Users\aiellog\Documents\MCUXpressoIDE_10.0.2_411\workspace\lpc_chip_11cxx_lib\Debug\liblpc_chip_11cxx_lib.a(clock_11xx.o)
 .text.Chip_Clock_GetIntOscRate
                0x000005c4       0x10 C:\Users\aiellog\Documents\MCUXpressoIDE_10.0.2_411\workspace\lpc_chip_11cxx_lib\Debug\liblpc_chip_11cxx_lib.a(clock_11xx.o)
 .text.Chip_Clock_GetWDTLFORate
                0x000005d4       0x48 C:\Users\aiellog\Documents\MCUXpressoIDE_10.0.2_411\workspace\lpc_chip_11cxx_lib\Debug\liblpc_chip_11cxx_lib.a(clock_11xx.o)
 .text.Chip_Clock_GetPLLFreq
                0x0000061c       0x24 C:\Users\aiellog\Documents\MCUXpressoIDE_10.0.2_411\workspace\lpc_chip_11cxx_lib\Debug\liblpc_chip_11cxx_lib.a(clock_11xx.o)
 .text.Chip_Clock_SetSystemPLLSource
                0x00000640       0x2c C:\Users\aiellog\Documents\MCUXpressoIDE_10.0.2_411\workspace\lpc_chip_11cxx_lib\Debug\liblpc_chip_11cxx_lib.a(clock_11xx.o)
                0x00000640                Chip_Clock_SetSystemPLLSource
 .text.Chip_Clock_SetMainClockSource
                0x0000066c       0x2c C:\Users\aiellog\Documents\MCUXpressoIDE_10.0.2_411\workspace\lpc_chip_11cxx_lib\Debug\liblpc_chip_11cxx_lib.a(clock_11xx.o)
                0x0000066c                Chip_Clock_SetMainClockSource
 .text.Chip_Clock_GetWDTOSCRate
                0x00000698       0x1c C:\Users\aiellog\Documents\MCUXpressoIDE_10.0.2_411\workspace\lpc_chip_11cxx_lib\Debug\liblpc_chip_11cxx_lib.a(clock_11xx.o)
                0x00000698                Chip_Clock_GetWDTOSCRate
 .text.Chip_Clock_GetSystemPLLInClockRate
                0x000006b4       0x40 C:\Users\aiellog\Documents\MCUXpressoIDE_10.0.2_411\workspace\lpc_chip_11cxx_lib\Debug\liblpc_chip_11cxx_lib.a(clock_11xx.o)
                0x000006b4                Chip_Clock_GetSystemPLLInClockRate
 .text.Chip_Clock_GetSystemPLLOutClockRate
                0x000006f4       0x24 C:\Users\aiellog\Documents\MCUXpressoIDE_10.0.2_411\workspace\lpc_chip_11cxx_lib\Debug\liblpc_chip_11cxx_lib.a(clock_11xx.o)
                0x000006f4                Chip_Clock_GetSystemPLLOutClockRate
 .text.Chip_Clock_GetMainClockRate
                0x00000718       0x64 C:\Users\aiellog\Documents\MCUXpressoIDE_10.0.2_411\workspace\lpc_chip_11cxx_lib\Debug\liblpc_chip_11cxx_lib.a(clock_11xx.o)
                0x00000718                Chip_Clock_GetMainClockRate
 .text.Chip_Clock_GetSystemClockRate
                0x0000077c       0x24 C:\Users\aiellog\Documents\MCUXpressoIDE_10.0.2_411\workspace\lpc_chip_11cxx_lib\Debug\liblpc_chip_11cxx_lib.a(clock_11xx.o)
                0x0000077c                Chip_Clock_GetSystemClockRate
 .text.Chip_FMC_SetFLASHAccess
                0x000007a0       0x30 C:\Users\aiellog\Documents\MCUXpressoIDE_10.0.2_411\workspace\lpc_chip_11cxx_lib\Debug\liblpc_chip_11cxx_lib.a(sysinit_11xx.o)
 .text.Chip_Clock_SetupSystemPLL
                0x000007d0       0x38 C:\Users\aiellog\Documents\MCUXpressoIDE_10.0.2_411\workspace\lpc_chip_11cxx_lib\Debug\liblpc_chip_11cxx_lib.a(sysinit_11xx.o)
 .text.Chip_Clock_IsSystemPLLLocked
                0x00000808       0x1c C:\Users\aiellog\Documents\MCUXpressoIDE_10.0.2_411\workspace\lpc_chip_11cxx_lib\Debug\liblpc_chip_11cxx_lib.a(sysinit_11xx.o)
 .text.Chip_Clock_SetSysClockDiv
                0x00000824       0x1c C:\Users\aiellog\Documents\MCUXpressoIDE_10.0.2_411\workspace\lpc_chip_11cxx_lib\Debug\liblpc_chip_11cxx_lib.a(sysinit_11xx.o)
 .text.Chip_Clock_EnablePeriphClock
                0x00000840       0x30 C:\Users\aiellog\Documents\MCUXpressoIDE_10.0.2_411\workspace\lpc_chip_11cxx_lib\Debug\liblpc_chip_11cxx_lib.a(sysinit_11xx.o)
 .text.Chip_SystemInit
                0x00000870       0x5c C:\Users\aiellog\Documents\MCUXpressoIDE_10.0.2_411\workspace\lpc_chip_11cxx_lib\Debug\liblpc_chip_11cxx_lib.a(sysinit_11xx.o)
                0x00000870                Chip_SystemInit
 .text.Chip_Clock_EnablePeriphClock
                0x000008cc       0x30 C:\Users\aiellog\Documents\MCUXpressoIDE_10.0.2_411\workspace\lpc_chip_11cxx_lib\Debug\liblpc_chip_11cxx_lib.a(uart_11xx.o)
 .text.Chip_Clock_SetUARTClockDiv
                0x000008fc       0x1c C:\Users\aiellog\Documents\MCUXpressoIDE_10.0.2_411\workspace\lpc_chip_11cxx_lib\Debug\liblpc_chip_11cxx_lib.a(uart_11xx.o)
 .text.Chip_UART_SendByte
                0x00000918       0x20 C:\Users\aiellog\Documents\MCUXpressoIDE_10.0.2_411\workspace\lpc_chip_11cxx_lib\Debug\liblpc_chip_11cxx_lib.a(uart_11xx.o)
 .text.Chip_UART_SetupFIFOS
                0x00000938       0x18 C:\Users\aiellog\Documents\MCUXpressoIDE_10.0.2_411\workspace\lpc_chip_11cxx_lib\Debug\liblpc_chip_11cxx_lib.a(uart_11xx.o)
 .text.Chip_UART_ConfigData
                0x00000950       0x18 C:\Users\aiellog\Documents\MCUXpressoIDE_10.0.2_411\workspace\lpc_chip_11cxx_lib\Debug\liblpc_chip_11cxx_lib.a(uart_11xx.o)
 .text.Chip_UART_EnableDivisorAccess
                0x00000968       0x1c C:\Users\aiellog\Documents\MCUXpressoIDE_10.0.2_411\workspace\lpc_chip_11cxx_lib\Debug\liblpc_chip_11cxx_lib.a(uart_11xx.o)
 .text.Chip_UART_DisableDivisorAccess
                0x00000984       0x20 C:\Users\aiellog\Documents\MCUXpressoIDE_10.0.2_411\workspace\lpc_chip_11cxx_lib\Debug\liblpc_chip_11cxx_lib.a(uart_11xx.o)
 .text.Chip_UART_SetDivisorLatches
                0x000009a4       0x30 C:\Users\aiellog\Documents\MCUXpressoIDE_10.0.2_411\workspace\lpc_chip_11cxx_lib\Debug\liblpc_chip_11cxx_lib.a(uart_11xx.o)
 .text.Chip_UART_ReadLineStatus
                0x000009d4       0x14 C:\Users\aiellog\Documents\MCUXpressoIDE_10.0.2_411\workspace\lpc_chip_11cxx_lib\Debug\liblpc_chip_11cxx_lib.a(uart_11xx.o)
 .text.Chip_UART_Init
                0x000009e8       0x38 C:\Users\aiellog\Documents\MCUXpressoIDE_10.0.2_411\workspace\lpc_chip_11cxx_lib\Debug\liblpc_chip_11cxx_lib.a(uart_11xx.o)
                0x000009e8                Chip_UART_Init
 .text.Chip_UART_Send
                0x00000a20       0x54 C:\Users\aiellog\Documents\MCUXpressoIDE_10.0.2_411\workspace\lpc_chip_11cxx_lib\Debug\liblpc_chip_11cxx_lib.a(uart_11xx.o)
                0x00000a20                Chip_UART_Send
 .text.Chip_UART_SendBlocking
                0x00000a74       0x50 C:\Users\aiellog\Documents\MCUXpressoIDE_10.0.2_411\workspace\lpc_chip_11cxx_lib\Debug\liblpc_chip_11cxx_lib.a(uart_11xx.o)
                0x00000a74                Chip_UART_SendBlocking
 .text.Chip_UART_SetBaud
                0x00000ac4       0x64 C:\Users\aiellog\Documents\MCUXpressoIDE_10.0.2_411\workspace\lpc_chip_11cxx_lib\Debug\liblpc_chip_11cxx_lib.a(uart_11xx.o)
                0x00000ac4                Chip_UART_SetBaud
 .text.Chip_SYSCTL_PowerDown
                0x00000b28       0x40 C:\Users\aiellog\Documents\MCUXpressoIDE_10.0.2_411\workspace\lpc_chip_11cxx_lib\Debug\liblpc_chip_11cxx_lib.a(sysctl_11xx.o)
                0x00000b28                Chip_SYSCTL_PowerDown
 .text.Chip_SYSCTL_PowerUp
                0x00000b68       0x40 C:\Users\aiellog\Documents\MCUXpressoIDE_10.0.2_411\workspace\lpc_chip_11cxx_lib\Debug\liblpc_chip_11cxx_lib.a(sysctl_11xx.o)
                0x00000b68                Chip_SYSCTL_PowerUp
 .text.__weak_main
                0x00000ba8        0x8 c:/nxp/mcuxpressoide_10.0.2_411/ide/tools/bin/../lib/gcc/arm-none-eabi/5.4.1/../../../../arm-none-eabi/lib/armv6-m\libcr_c.a(__weak__main.o)
                0x00000ba8                __weak_main
                0x00000ba8                __main
 .text.__aeabi_division_idivmod
                0x00000bb0       0x78 c:/nxp/mcuxpressoide_10.0.2_411/ide/tools/bin/../lib/gcc/arm-none-eabi/5.4.1/armv6-m\libcr_eabihelpers.a(division_32.o)
                0x00000bb0                __aeabi_idivmod
                0x00000bb0                __aeabi_idiv
                0x00000bb6                __aeabi_uidivmod
                0x00000bb6                __aeabi_uidiv
 .text.__aeabi_division_idiv0
                0x00000c28        0x2 c:/nxp/mcuxpressoide_10.0.2_411/ide/tools/bin/../lib/gcc/arm-none-eabi/5.4.1/armv6-m\libcr_eabihelpers.a(division_idiv0.o)
                0x00000c28                __aeabi_idiv0
 *(.rodata .rodata.* .constdata .constdata.*)
 *fill*         0x00000c2a        0x2 ff
 .rodata.OscRateIn
                0x00000c2c        0x4 ./src/sysinit.o
                0x00000c2c                OscRateIn
 .rodata.wdtOSCRate
                0x00000c30       0x40 C:\Users\aiellog\Documents\MCUXpressoIDE_10.0.2_411\workspace\lpc_chip_11cxx_lib\Debug\liblpc_chip_11cxx_lib.a(clock_11xx.o)
                0x00000c70                . = ALIGN (0x4)

.glue_7         0x00000c70        0x0
 .glue_7        0x00000c70        0x0 linker stubs

.glue_7t        0x00000c70        0x0
 .glue_7t       0x00000c70        0x0 linker stubs

.vfp11_veneer   0x00000c70        0x0
 .vfp11_veneer  0x00000c70        0x0 linker stubs

.v4_bx          0x00000c70        0x0
 .v4_bx         0x00000c70        0x0 linker stubs

.iplt           0x00000c70        0x0
 .iplt          0x00000c70        0x0 ./src/CAN_UART.o

.rel.dyn        0x00000c70        0x0
 .rel.iplt      0x00000c70        0x0 ./src/CAN_UART.o

.ARM.extab
 *(.ARM.extab* .gnu.linkonce.armextab.*)
                0x00000c70                __exidx_start = .

.ARM.exidx
 *(.ARM.exidx* .gnu.linkonce.armexidx.*)
                0x00000c70                __exidx_end = .
                0x00000c70                _etext = .

.uninit_RESERVED
                0x10000000        0x0
 *(.bss.$RESERVED*)
                0x10000000                . = ALIGN (0x4)
                0x10000000                _end_uninit_RESERVED = .

.data           0x10000000        0x0 load address 0x00000c70
 FILL mask 0xff
                0x10000000                _data = .
 *(vtable)
 *(.ramfunc*)
 *(.data*)
                0x10000000                . = ALIGN (0x4)
                0x10000000                _edata = .

.igot.plt       0x10000000        0x0 load address 0x00000c70
 .igot.plt      0x10000000        0x0 ./src/CAN_UART.o

.bss            0x10000000       0x20 load address 0x00000c70
                0x10000000                _bss = .
 *(.bss*)
 .bss.CanApiClkInitTable
                0x10000000        0x8 ./src/CAN_UART.o
                0x10000000                CanApiClkInitTable
 .bss.msg_obj   0x10000008       0x14 ./src/CAN_UART.o
                0x10000008                msg_obj
 *(COMMON)
 COMMON         0x1000001c        0x4 C:\Users\aiellog\Documents\MCUXpressoIDE_10.0.2_411\workspace\lpc_chip_11cxx_lib\Debug\liblpc_chip_11cxx_lib.a(chip_11xx.o)
                0x1000001c                SystemCoreClock
                0x10000020                . = ALIGN (0x4)
                0x10000020                _ebss = .
                [!provide]                PROVIDE (end, .)

.noinit         0x10000020        0x0 load address 0x00000c70
                0x10000020                _noinit = .
 *(.noinit*)
                0x10000020                . = ALIGN (0x4)
                0x10000020                _end_noinit = .
                [!provide]                PROVIDE (_pvHeapStart, DEFINED (__user_heap_base)?__user_heap_base:.)
                0x10002000                PROVIDE (_vStackTop, DEFINED (__user_stack_top)?__user_stack_top:(__top_RamLoc8 - 0x0))
                0xefffdb1d                PROVIDE (__valid_user_code_checksum, (0x0 - (((_vStackTop + (ResetISR + 0x1)) + (DEFINED (NMI_Handler)?NMI_Handler:M0_NMI_Handler + 0x1)) + (DEFINED (HardFault_Handler)?HardFault_Handler:M0_HardFault_Handler + 0x1))))
OUTPUT(CAN_UART.axf elf32-littlearm)

.debug_info     0x00000000     0x3928
 .debug_info    0x00000000     0x10f9 ./src/CAN_UART.o
 .debug_info    0x000010f9      0x203 ./src/cr_startup_lpc11xx.o
 .debug_info    0x000012fc       0xc8 ./src/sysinit.o
 .debug_info    0x000013c4       0xc2 C:\Users\aiellog\Documents\MCUXpressoIDE_10.0.2_411\workspace\lpc_chip_11cxx_lib\Debug\liblpc_chip_11cxx_lib.a(chip_11xx.o)
 .debug_info    0x00001486      0x893 C:\Users\aiellog\Documents\MCUXpressoIDE_10.0.2_411\workspace\lpc_chip_11cxx_lib\Debug\liblpc_chip_11cxx_lib.a(clock_11xx.o)
 .debug_info    0x00001d19      0x7f6 C:\Users\aiellog\Documents\MCUXpressoIDE_10.0.2_411\workspace\lpc_chip_11cxx_lib\Debug\liblpc_chip_11cxx_lib.a(sysinit_11xx.o)
 .debug_info    0x0000250f      0xe86 C:\Users\aiellog\Documents\MCUXpressoIDE_10.0.2_411\workspace\lpc_chip_11cxx_lib\Debug\liblpc_chip_11cxx_lib.a(uart_11xx.o)
 .debug_info    0x00003395      0x593 C:\Users\aiellog\Documents\MCUXpressoIDE_10.0.2_411\workspace\lpc_chip_11cxx_lib\Debug\liblpc_chip_11cxx_lib.a(sysctl_11xx.o)

.debug_abbrev   0x00000000      0xa43
 .debug_abbrev  0x00000000      0x276 ./src/CAN_UART.o
 .debug_abbrev  0x00000276       0xe6 ./src/cr_startup_lpc11xx.o
 .debug_abbrev  0x0000035c       0x6a ./src/sysinit.o
 .debug_abbrev  0x000003c6       0x7b C:\Users\aiellog\Documents\MCUXpressoIDE_10.0.2_411\workspace\lpc_chip_11cxx_lib\Debug\liblpc_chip_11cxx_lib.a(chip_11xx.o)
 .debug_abbrev  0x00000441      0x1c0 C:\Users\aiellog\Documents\MCUXpressoIDE_10.0.2_411\workspace\lpc_chip_11cxx_lib\Debug\liblpc_chip_11cxx_lib.a(clock_11xx.o)
 .debug_abbrev  0x00000601      0x171 C:\Users\aiellog\Documents\MCUXpressoIDE_10.0.2_411\workspace\lpc_chip_11cxx_lib\Debug\liblpc_chip_11cxx_lib.a(sysinit_11xx.o)
 .debug_abbrev  0x00000772      0x203 C:\Users\aiellog\Documents\MCUXpressoIDE_10.0.2_411\workspace\lpc_chip_11cxx_lib\Debug\liblpc_chip_11cxx_lib.a(uart_11xx.o)
 .debug_abbrev  0x00000975       0xce C:\Users\aiellog\Documents\MCUXpressoIDE_10.0.2_411\workspace\lpc_chip_11cxx_lib\Debug\liblpc_chip_11cxx_lib.a(sysctl_11xx.o)

.debug_aranges  0x00000000      0x318
 .debug_aranges
                0x00000000       0x80 ./src/CAN_UART.o
 .debug_aranges
                0x00000080       0x60 ./src/cr_startup_lpc11xx.o
 .debug_aranges
                0x000000e0       0x20 ./src/sysinit.o
 .debug_aranges
                0x00000100       0x20 C:\Users\aiellog\Documents\MCUXpressoIDE_10.0.2_411\workspace\lpc_chip_11cxx_lib\Debug\liblpc_chip_11cxx_lib.a(chip_11xx.o)
 .debug_aranges
                0x00000120       0x88 C:\Users\aiellog\Documents\MCUXpressoIDE_10.0.2_411\workspace\lpc_chip_11cxx_lib\Debug\liblpc_chip_11cxx_lib.a(clock_11xx.o)
 .debug_aranges
                0x000001a8       0x48 C:\Users\aiellog\Documents\MCUXpressoIDE_10.0.2_411\workspace\lpc_chip_11cxx_lib\Debug\liblpc_chip_11cxx_lib.a(sysinit_11xx.o)
 .debug_aranges
                0x000001f0       0xf0 C:\Users\aiellog\Documents\MCUXpressoIDE_10.0.2_411\workspace\lpc_chip_11cxx_lib\Debug\liblpc_chip_11cxx_lib.a(uart_11xx.o)
 .debug_aranges
                0x000002e0       0x38 C:\Users\aiellog\Documents\MCUXpressoIDE_10.0.2_411\workspace\lpc_chip_11cxx_lib\Debug\liblpc_chip_11cxx_lib.a(sysctl_11xx.o)

.debug_ranges   0x00000000      0x298
 .debug_ranges  0x00000000       0x70 ./src/CAN_UART.o
 .debug_ranges  0x00000070       0x50 ./src/cr_startup_lpc11xx.o
 .debug_ranges  0x000000c0       0x10 ./src/sysinit.o
 .debug_ranges  0x000000d0       0x10 C:\Users\aiellog\Documents\MCUXpressoIDE_10.0.2_411\workspace\lpc_chip_11cxx_lib\Debug\liblpc_chip_11cxx_lib.a(chip_11xx.o)
 .debug_ranges  0x000000e0       0x78 C:\Users\aiellog\Documents\MCUXpressoIDE_10.0.2_411\workspace\lpc_chip_11cxx_lib\Debug\liblpc_chip_11cxx_lib.a(clock_11xx.o)
 .debug_ranges  0x00000158       0x38 C:\Users\aiellog\Documents\MCUXpressoIDE_10.0.2_411\workspace\lpc_chip_11cxx_lib\Debug\liblpc_chip_11cxx_lib.a(sysinit_11xx.o)
 .debug_ranges  0x00000190       0xe0 C:\Users\aiellog\Documents\MCUXpressoIDE_10.0.2_411\workspace\lpc_chip_11cxx_lib\Debug\liblpc_chip_11cxx_lib.a(uart_11xx.o)
 .debug_ranges  0x00000270       0x28 C:\Users\aiellog\Documents\MCUXpressoIDE_10.0.2_411\workspace\lpc_chip_11cxx_lib\Debug\liblpc_chip_11cxx_lib.a(sysctl_11xx.o)

.debug_macro    0x00000000     0x3002
 .debug_macro   0x00000000      0x181 ./src/CAN_UART.o
 .debug_macro   0x00000181      0x84a ./src/CAN_UART.o
 .debug_macro   0x000009cb       0x10 ./src/CAN_UART.o
 .debug_macro   0x000009db      0x12d ./src/CAN_UART.o
 .debug_macro   0x00000b08      0x5b2 ./src/CAN_UART.o
 .debug_macro   0x000010ba       0x22 ./src/CAN_UART.o
 .debug_macro   0x000010dc       0x7b ./src/CAN_UART.o
 .debug_macro   0x00001157       0x10 ./src/CAN_UART.o
 .debug_macro   0x00001167       0x1f ./src/CAN_UART.o
 .debug_macro   0x00001186       0x3a ./src/CAN_UART.o
 .debug_macro   0x000011c0      0x241 ./src/CAN_UART.o
 .debug_macro   0x00001401      0x117 ./src/CAN_UART.o
 .debug_macro   0x00001518       0x22 ./src/CAN_UART.o
 .debug_macro   0x0000153a       0xb2 ./src/CAN_UART.o
 .debug_macro   0x000015ec       0x10 ./src/CAN_UART.o
 .debug_macro   0x000015fc      0x137 ./src/CAN_UART.o
 .debug_macro   0x00001733       0x4c ./src/CAN_UART.o
 .debug_macro   0x0000177f       0x16 ./src/CAN_UART.o
 .debug_macro   0x00001795      0x31a ./src/CAN_UART.o
 .debug_macro   0x00001aaf       0x2e ./src/CAN_UART.o
 .debug_macro   0x00001add       0xb8 ./src/CAN_UART.o
 .debug_macro   0x00001b95       0x11 ./src/CAN_UART.o
 .debug_macro   0x00001ba6       0x7c ./src/CAN_UART.o
 .debug_macro   0x00001c22      0x21c ./src/CAN_UART.o
 .debug_macro   0x00001e3e      0x113 ./src/CAN_UART.o
 .debug_macro   0x00001f51       0x82 ./src/CAN_UART.o
 .debug_macro   0x00001fd3       0x1d ./src/cr_startup_lpc11xx.o
 .debug_macro   0x00001ff0      0x148 ./src/sysinit.o
 .debug_macro   0x00002138      0x148 C:\Users\aiellog\Documents\MCUXpressoIDE_10.0.2_411\workspace\lpc_chip_11cxx_lib\Debug\liblpc_chip_11cxx_lib.a(chip_11xx.o)
 .debug_macro   0x00002280      0x838 C:\Users\aiellog\Documents\MCUXpressoIDE_10.0.2_411\workspace\lpc_chip_11cxx_lib\Debug\liblpc_chip_11cxx_lib.a(chip_11xx.o)
 .debug_macro   0x00002ab8      0x148 C:\Users\aiellog\Documents\MCUXpressoIDE_10.0.2_411\workspace\lpc_chip_11cxx_lib\Debug\liblpc_chip_11cxx_lib.a(clock_11xx.o)
 .debug_macro   0x00002c00      0x148 C:\Users\aiellog\Documents\MCUXpressoIDE_10.0.2_411\workspace\lpc_chip_11cxx_lib\Debug\liblpc_chip_11cxx_lib.a(sysinit_11xx.o)
 .debug_macro   0x00002d48      0x148 C:\Users\aiellog\Documents\MCUXpressoIDE_10.0.2_411\workspace\lpc_chip_11cxx_lib\Debug\liblpc_chip_11cxx_lib.a(uart_11xx.o)
 .debug_macro   0x00002e90      0x172 C:\Users\aiellog\Documents\MCUXpressoIDE_10.0.2_411\workspace\lpc_chip_11cxx_lib\Debug\liblpc_chip_11cxx_lib.a(sysctl_11xx.o)

.debug_line     0x00000000     0x1a39
 .debug_line    0x00000000      0x488 ./src/CAN_UART.o
 .debug_line    0x00000488       0xba ./src/cr_startup_lpc11xx.o
 .debug_line    0x00000542      0x2c5 ./src/sysinit.o
 .debug_line    0x00000807      0x2c7 C:\Users\aiellog\Documents\MCUXpressoIDE_10.0.2_411\workspace\lpc_chip_11cxx_lib\Debug\liblpc_chip_11cxx_lib.a(chip_11xx.o)
 .debug_line    0x00000ace      0x3f2 C:\Users\aiellog\Documents\MCUXpressoIDE_10.0.2_411\workspace\lpc_chip_11cxx_lib\Debug\liblpc_chip_11cxx_lib.a(clock_11xx.o)
 .debug_line    0x00000ec0      0x33e C:\Users\aiellog\Documents\MCUXpressoIDE_10.0.2_411\workspace\lpc_chip_11cxx_lib\Debug\liblpc_chip_11cxx_lib.a(sysinit_11xx.o)
 .debug_line    0x000011fe      0x537 C:\Users\aiellog\Documents\MCUXpressoIDE_10.0.2_411\workspace\lpc_chip_11cxx_lib\Debug\liblpc_chip_11cxx_lib.a(uart_11xx.o)
 .debug_line    0x00001735      0x304 C:\Users\aiellog\Documents\MCUXpressoIDE_10.0.2_411\workspace\lpc_chip_11cxx_lib\Debug\liblpc_chip_11cxx_lib.a(sysctl_11xx.o)

.debug_str      0x00000000     0x98d3
 .debug_str     0x00000000     0x8afc ./src/CAN_UART.o
                               0x8c1f (size before relaxing)
 .debug_str     0x00008afc      0x178 ./src/cr_startup_lpc11xx.o
                               0x2531 (size before relaxing)
 .debug_str     0x00008c74       0x1b ./src/sysinit.o
                               0x7cd6 (size before relaxing)
 .debug_str     0x00008c8f      0x13d C:\Users\aiellog\Documents\MCUXpressoIDE_10.0.2_411\workspace\lpc_chip_11cxx_lib\Debug\liblpc_chip_11cxx_lib.a(chip_11xx.o)
                               0x7cba (size before relaxing)
 .debug_str     0x00008dcc      0x555 C:\Users\aiellog\Documents\MCUXpressoIDE_10.0.2_411\workspace\lpc_chip_11cxx_lib\Debug\liblpc_chip_11cxx_lib.a(clock_11xx.o)
                               0x847e (size before relaxing)
 .debug_str     0x00009321      0x167 C:\Users\aiellog\Documents\MCUXpressoIDE_10.0.2_411\workspace\lpc_chip_11cxx_lib\Debug\liblpc_chip_11cxx_lib.a(sysinit_11xx.o)
                               0x8321 (size before relaxing)
 .debug_str     0x00009488      0x2ac C:\Users\aiellog\Documents\MCUXpressoIDE_10.0.2_411\workspace\lpc_chip_11cxx_lib\Debug\liblpc_chip_11cxx_lib.a(uart_11xx.o)
                               0x8432 (size before relaxing)
 .debug_str     0x00009734      0x19f C:\Users\aiellog\Documents\MCUXpressoIDE_10.0.2_411\workspace\lpc_chip_11cxx_lib\Debug\liblpc_chip_11cxx_lib.a(sysctl_11xx.o)
                               0x80c8 (size before relaxing)

.comment        0x00000000       0x6e
 .comment       0x00000000       0x6e ./src/CAN_UART.o
                                 0x6f (size before relaxing)
 .comment       0x0000006e       0x6f ./src/cr_startup_lpc11xx.o
 .comment       0x0000006e       0x6f ./src/sysinit.o
 .comment       0x0000006e       0x6f C:\Users\aiellog\Documents\MCUXpressoIDE_10.0.2_411\workspace\lpc_chip_11cxx_lib\Debug\liblpc_chip_11cxx_lib.a(chip_11xx.o)
 .comment       0x0000006e       0x6f C:\Users\aiellog\Documents\MCUXpressoIDE_10.0.2_411\workspace\lpc_chip_11cxx_lib\Debug\liblpc_chip_11cxx_lib.a(clock_11xx.o)
 .comment       0x0000006e       0x6f C:\Users\aiellog\Documents\MCUXpressoIDE_10.0.2_411\workspace\lpc_chip_11cxx_lib\Debug\liblpc_chip_11cxx_lib.a(sysinit_11xx.o)
 .comment       0x0000006e       0x6f C:\Users\aiellog\Documents\MCUXpressoIDE_10.0.2_411\workspace\lpc_chip_11cxx_lib\Debug\liblpc_chip_11cxx_lib.a(uart_11xx.o)
 .comment       0x0000006e       0x6f C:\Users\aiellog\Documents\MCUXpressoIDE_10.0.2_411\workspace\lpc_chip_11cxx_lib\Debug\liblpc_chip_11cxx_lib.a(sysctl_11xx.o)
 .comment       0x0000006e       0x6f c:/nxp/mcuxpressoide_10.0.2_411/ide/tools/bin/../lib/gcc/arm-none-eabi/5.4.1/../../../../arm-none-eabi/lib/armv6-m\libcr_c.a(__weak__main.o)

.ARM.attributes
                0x00000000       0x2f
 .ARM.attributes
                0x00000000       0x31 ./src/CAN_UART.o
 .ARM.attributes
                0x00000031       0x31 ./src/cr_startup_lpc11xx.o
 .ARM.attributes
                0x00000062       0x31 ./src/sysinit.o
 .ARM.attributes
                0x00000093       0x31 C:\Users\aiellog\Documents\MCUXpressoIDE_10.0.2_411\workspace\lpc_chip_11cxx_lib\Debug\liblpc_chip_11cxx_lib.a(chip_11xx.o)
 .ARM.attributes
                0x000000c4       0x31 C:\Users\aiellog\Documents\MCUXpressoIDE_10.0.2_411\workspace\lpc_chip_11cxx_lib\Debug\liblpc_chip_11cxx_lib.a(clock_11xx.o)
 .ARM.attributes
                0x000000f5       0x31 C:\Users\aiellog\Documents\MCUXpressoIDE_10.0.2_411\workspace\lpc_chip_11cxx_lib\Debug\liblpc_chip_11cxx_lib.a(sysinit_11xx.o)
 .ARM.attributes
                0x00000126       0x31 C:\Users\aiellog\Documents\MCUXpressoIDE_10.0.2_411\workspace\lpc_chip_11cxx_lib\Debug\liblpc_chip_11cxx_lib.a(uart_11xx.o)
 .ARM.attributes
                0x00000157       0x31 C:\Users\aiellog\Documents\MCUXpressoIDE_10.0.2_411\workspace\lpc_chip_11cxx_lib\Debug\liblpc_chip_11cxx_lib.a(sysctl_11xx.o)
 .ARM.attributes
                0x00000188       0x31 c:/nxp/mcuxpressoide_10.0.2_411/ide/tools/bin/../lib/gcc/arm-none-eabi/5.4.1/../../../../arm-none-eabi/lib/armv6-m\libcr_c.a(__weak__main.o)
 .ARM.attributes
                0x000001b9       0x21 c:/nxp/mcuxpressoide_10.0.2_411/ide/tools/bin/../lib/gcc/arm-none-eabi/5.4.1/armv6-m\libcr_eabihelpers.a(division_32.o)
 .ARM.attributes
                0x000001da       0x21 c:/nxp/mcuxpressoide_10.0.2_411/ide/tools/bin/../lib/gcc/arm-none-eabi/5.4.1/armv6-m\libcr_eabihelpers.a(division_idiv0.o)

.debug_frame    0x00000000      0x9a8
 .debug_frame   0x00000000      0x1b0 ./src/CAN_UART.o
 .debug_frame   0x000001b0      0x118 ./src/cr_startup_lpc11xx.o
 .debug_frame   0x000002c8       0x2c ./src/sysinit.o
 .debug_frame   0x000002f4       0x2c C:\Users\aiellog\Documents\MCUXpressoIDE_10.0.2_411\workspace\lpc_chip_11cxx_lib\Debug\liblpc_chip_11cxx_lib.a(chip_11xx.o)
 .debug_frame   0x00000320      0x1c0 C:\Users\aiellog\Documents\MCUXpressoIDE_10.0.2_411\workspace\lpc_chip_11cxx_lib\Debug\liblpc_chip_11cxx_lib.a(clock_11xx.o)
 .debug_frame   0x000004e0       0xc8 C:\Users\aiellog\Documents\MCUXpressoIDE_10.0.2_411\workspace\lpc_chip_11cxx_lib\Debug\liblpc_chip_11cxx_lib.a(sysinit_11xx.o)
 .debug_frame   0x000005a8      0x370 C:\Users\aiellog\Documents\MCUXpressoIDE_10.0.2_411\workspace\lpc_chip_11cxx_lib\Debug\liblpc_chip_11cxx_lib.a(uart_11xx.o)
 .debug_frame   0x00000918       0x90 C:\Users\aiellog\Documents\MCUXpressoIDE_10.0.2_411\workspace\lpc_chip_11cxx_lib\Debug\liblpc_chip_11cxx_lib.a(sysctl_11xx.o)
