Archive member included to satisfy reference by file (symbol)

/home/greg/Documents/CLIMER/Firmware/lpc_chip_11cxx_lib/Debug/liblpc_chip_11cxx_lib.a(chip_11xx.o)
                              ./src/BNO_CAN.o (SystemCoreClockUpdate)
/home/greg/Documents/CLIMER/Firmware/lpc_chip_11cxx_lib/Debug/liblpc_chip_11cxx_lib.a(clock_11xx.o)
                              ./src/BNO_CAN.o (Chip_Clock_GetMainClockRate)
/home/greg/Documents/CLIMER/Firmware/lpc_chip_11cxx_lib/Debug/liblpc_chip_11cxx_lib.a(i2c_11xx.o)
                              ./src/BNO_CAN.o (Chip_I2C_EventHandlerPolling)
/home/greg/Documents/CLIMER/Firmware/lpc_chip_11cxx_lib/Debug/liblpc_chip_11cxx_lib.a(sysinit_11xx.o)
                              ./src/sysinit.o (Chip_SystemInit)
/home/greg/Documents/CLIMER/Firmware/lpc_chip_11cxx_lib/Debug/liblpc_chip_11cxx_lib.a(uart_11xx.o)
                              ./src/BNO_CAN.o (Chip_UART_SendBlocking)
/home/greg/Documents/CLIMER/Firmware/lpc_chip_11cxx_lib/Debug/liblpc_chip_11cxx_lib.a(ring_buffer.o)
                              /home/greg/Documents/CLIMER/Firmware/lpc_chip_11cxx_lib/Debug/liblpc_chip_11cxx_lib.a(uart_11xx.o) (RingBuffer_Insert)
/home/greg/Documents/CLIMER/Firmware/lpc_chip_11cxx_lib/Debug/liblpc_chip_11cxx_lib.a(sysctl_11xx.o)
                              /home/greg/Documents/CLIMER/Firmware/lpc_chip_11cxx_lib/Debug/liblpc_chip_11cxx_lib.a(sysinit_11xx.o) (Chip_SYSCTL_PowerDown)
/usr/local/mcuxpressoide-10.1.1_606/ide/tools/bin/../lib/gcc/arm-none-eabi/6.3.1/../../../../arm-none-eabi/lib/thumb/v6-m/libcr_c.a(memcpy.o)
                              /home/greg/Documents/CLIMER/Firmware/lpc_chip_11cxx_lib/Debug/liblpc_chip_11cxx_lib.a(ring_buffer.o) (memcpy)
/usr/local/mcuxpressoide-10.1.1_606/ide/tools/bin/../lib/gcc/arm-none-eabi/6.3.1/../../../../arm-none-eabi/lib/thumb/v6-m/libcr_c.a(memset.o)
                              ./src/SSD1306.o (memset)
/usr/local/mcuxpressoide-10.1.1_606/ide/tools/bin/../lib/gcc/arm-none-eabi/6.3.1/../../../../arm-none-eabi/lib/thumb/v6-m/libcr_c.a(__weak__main.o)
                              ./src/cr_startup_lpc11xx.o (__main)
/usr/local/mcuxpressoide-10.1.1_606/ide/tools/bin/../lib/gcc/arm-none-eabi/6.3.1/../../../../arm-none-eabi/lib/thumb/v6-m/libcr_c.a(strlen.o)
                              ./src/fonts.o (strlen)
/usr/local/mcuxpressoide-10.1.1_606/ide/tools/bin/../lib/gcc/arm-none-eabi/6.3.1/thumb/v6-m/libcr_eabihelpers.a(division_32.o)
                              ./src/BNO_CAN.o (__aeabi_uidiv)
/usr/local/mcuxpressoide-10.1.1_606/ide/tools/bin/../lib/gcc/arm-none-eabi/6.3.1/thumb/v6-m/libcr_eabihelpers.a(division_idiv0.o)
                              /usr/local/mcuxpressoide-10.1.1_606/ide/tools/bin/../lib/gcc/arm-none-eabi/6.3.1/thumb/v6-m/libcr_eabihelpers.a(division_32.o) (__aeabi_idiv0)
/usr/local/mcuxpressoide-10.1.1_606/ide/tools/bin/../lib/gcc/arm-none-eabi/6.3.1/thumb/v6-m/libcr_eabihelpers.a(memcpy.o)
                              /usr/local/mcuxpressoide-10.1.1_606/ide/tools/bin/../lib/gcc/arm-none-eabi/6.3.1/../../../../arm-none-eabi/lib/thumb/v6-m/libcr_c.a(memcpy.o) (__aeabi_memcpy)

Allocating common symbols
Common symbol       size              file

SystemCoreClock     0x4               /home/greg/Documents/CLIMER/Firmware/lpc_chip_11cxx_lib/Debug/liblpc_chip_11cxx_lib.a(chip_11xx.o)

Discarded input sections

 .group         0x0000000000000000        0x8 ./src/BNO_CAN.o
 .group         0x0000000000000000        0x8 ./src/BNO_CAN.o
 .group         0x0000000000000000        0x8 ./src/BNO_CAN.o
 .group         0x0000000000000000        0x8 ./src/BNO_CAN.o
 .group         0x0000000000000000        0x8 ./src/BNO_CAN.o
 .group         0x0000000000000000        0x8 ./src/BNO_CAN.o
 .group         0x0000000000000000        0x8 ./src/BNO_CAN.o
 .group         0x0000000000000000        0x8 ./src/BNO_CAN.o
 .group         0x0000000000000000        0x8 ./src/BNO_CAN.o
 .group         0x0000000000000000        0x8 ./src/BNO_CAN.o
 .group         0x0000000000000000        0x8 ./src/BNO_CAN.o
 .group         0x0000000000000000        0x8 ./src/BNO_CAN.o
 .group         0x0000000000000000        0x8 ./src/BNO_CAN.o
 .group         0x0000000000000000        0x8 ./src/BNO_CAN.o
 .group         0x0000000000000000        0x8 ./src/BNO_CAN.o
 .group         0x0000000000000000        0x8 ./src/BNO_CAN.o
 .group         0x0000000000000000        0x8 ./src/BNO_CAN.o
 .group         0x0000000000000000        0x8 ./src/BNO_CAN.o
 .group         0x0000000000000000        0x8 ./src/BNO_CAN.o
 .group         0x0000000000000000        0x8 ./src/BNO_CAN.o
 .group         0x0000000000000000        0x8 ./src/BNO_CAN.o
 .group         0x0000000000000000        0x8 ./src/BNO_CAN.o
 .group         0x0000000000000000        0x8 ./src/BNO_CAN.o
 .group         0x0000000000000000        0x8 ./src/BNO_CAN.o
 .group         0x0000000000000000        0x8 ./src/BNO_CAN.o
 .group         0x0000000000000000        0x8 ./src/BNO_CAN.o
[...]
Memory Configuration

Name             Origin             Length             Attributes
MFlash32         0x0000000000000000 0x0000000000008000 xr
RamLoc8          0x0000000010000100 0x0000000000001f00 xrw
RAM_00           0x0000000010000000 0x0000000000000100 xrw
*default*        0x0000000000000000 0xffffffffffffffff

Linker script and memory map

LOAD ./src/BNO_CAN.o
LOAD ./src/SSD1306.o
LOAD ./src/cr_startup_lpc11xx.o
LOAD ./src/crp.o
LOAD ./src/fonts.o
LOAD ./src/sysinit.o
LOAD /home/greg/Documents/CLIMER/Firmware/lpc_chip_11cxx_lib/Debug/liblpc_chip_11cxx_lib.a
START GROUP
LOAD /usr/local/mcuxpressoide-10.1.1_606/ide/tools/bin/../lib/gcc/arm-none-eabi/6.3.1/../../../../arm-none-eabi/lib/thumb/v6-m/libcr_c.a
LOAD /usr/local/mcuxpressoide-10.1.1_606/ide/tools/bin/../lib/gcc/arm-none-eabi/6.3.1/thumb/v6-m/libcr_eabihelpers.a
END GROUP
                0x0000000000000000                __base_MFlash32 = 0x0
                0x0000000000000000                __base_Flash = 0x0
                0x0000000000008000                __top_MFlash32 = 0x8000
                0x0000000000008000                __top_Flash = 0x8000
                0x0000000010000100                __base_RamLoc8 = 0x10000100
                0x0000000010000100                __base_RAM = 0x10000100
                0x0000000010002000                __top_RamLoc8 = 0x10002000
                0x0000000010002000                __top_RAM = 0x10002000
                0x0000000010000000                __base_RAM_00 = 0x10000000
                0x0000000010000000                __base_RAM2 = 0x10000000
                0x0000000010000100                __top_RAM_00 = 0x10000100
                0x0000000010000100                __top_RAM2 = 0x10000100

.text           0x0000000000000000     0x3044
 FILL mask 0xff
                0x0000000000000000                __vectors_start__ = ABSOLUTE (.)
 *(.isr_vector)
 .isr_vector    0x0000000000000000       0xc0 ./src/cr_startup_lpc11xx.o
                0x0000000000000000                g_pfnVectors
                0x00000000000000c0                . = ALIGN (0x4)
                0x00000000000000c0                __section_table_start = .
                0x00000000000000c0                __data_section_table = .
                0x00000000000000c0        0x4 LONG 0x3044 LOADADDR (.data)
                0x00000000000000c4        0x4 LONG 0x10000100 ADDR (.data)
                0x00000000000000c8        0x4 LONG 0x44 SIZEOF (.data)
                0x00000000000000cc        0x4 LONG 0x3044 LOADADDR (.data_RAM2)
                0x00000000000000d0        0x4 LONG 0x10000000 ADDR (.data_RAM2)
                0x00000000000000d4        0x4 LONG 0x0 SIZEOF (.data_RAM2)
                0x00000000000000d8                __data_section_table_end = .
                0x00000000000000d8                __bss_section_table = .
                0x00000000000000d8        0x4 LONG 0x10000144 ADDR (.bss)
                0x00000000000000dc        0x4 LONG 0x42c SIZEOF (.bss)
                0x00000000000000e0        0x4 LONG 0x10000000 ADDR (.bss_RAM2)
                0x00000000000000e4        0x4 LONG 0x0 SIZEOF (.bss_RAM2)
                0x00000000000000e8                __bss_section_table_end = .
                0x00000000000000e8                __section_table_end = .
 *(.after_vectors*)
 .after_vectors
                0x00000000000000e8      0x118 ./src/cr_startup_lpc11xx.o
                0x00000000000000e8                data_init
                0x0000000000000128                bss_init
                0x000000000000015c                ResetISR
                0x00000000000001dc                NMI_Handler
                0x00000000000001e2                HardFault_Handler
                0x00000000000001e8                SVC_Handler
                0x00000000000001ee                PendSV_Handler
                0x00000000000001f4                SysTick_Handler
                0x00000000000001fa                TIMER16_0_IRQHandler
                0x00000000000001fa                UART_IRQHandler
                0x00000000000001fa                TIMER32_0_IRQHandler
                0x00000000000001fa                TIMER32_1_IRQHandler
                0x00000000000001fa                IntDefaultHandler
                0x00000000000001fa                PIOINT1_IRQHandler
                0x00000000000001fa                SSP0_IRQHandler
                0x00000000000001fa                TIMER16_1_IRQHandler
                0x00000000000001fa                ADC_IRQHandler
                0x00000000000001fa                SSP1_IRQHandler
                0x00000000000001fa                PIOINT2_IRQHandler
                0x00000000000001fa                BOD_IRQHandler
                0x00000000000001fa                WAKEUP_IRQHandler
                0x00000000000001fa                PIOINT0_IRQHandler
                0x00000000000001fa                I2C_IRQHandler
                0x00000000000001fa                WDT_IRQHandler
                0x00000000000001fa                PIOINT3_IRQHandler
 *(.text*)
 .text.NVIC_EnableIRQ
                0x0000000000000200       0x2c ./src/BNO_CAN.o
 .text.NVIC_DisableIRQ
                0x000000000000022c       0x30 ./src/BNO_CAN.o
 .text.Chip_SYSCTL_AssertPeriphReset
                0x000000000000025c       0x30 ./src/BNO_CAN.o
 .text.Chip_SYSCTL_DeassertPeriphReset
                0x000000000000028c       0x2c ./src/BNO_CAN.o
 .text.Chip_SYSCTL_PeriphReset
                0x00000000000002b8       0x28 ./src/BNO_CAN.o
 .text.Chip_IOCON_PinMuxSet
                0x00000000000002e0       0x28 ./src/BNO_CAN.o
 .text.main     0x0000000000000308       0x7a ./src/BNO_CAN.o
                0x0000000000000308                main
 *fill*         0x0000000000000382        0x2 ff
 .text.I2C_Init
                0x0000000000000384       0x58 ./src/BNO_CAN.o
                0x0000000000000384                I2C_Init
 .text.CAN_Init
                0x00000000000003dc      0x108 ./src/BNO_CAN.o
                0x00000000000003dc                CAN_Init
 .text.CAN_IRQHandler
                0x00000000000004e4       0x18 ./src/BNO_CAN.o
                0x00000000000004e4                CAN_IRQHandler
 .text.CAN_rx   0x00000000000004fc       0x5c ./src/BNO_CAN.o
                0x00000000000004fc                CAN_rx
 .text.CAN_tx   0x0000000000000558       0x38 ./src/BNO_CAN.o
                0x0000000000000558                CAN_tx
 .text.CAN_error
                0x0000000000000590       0x10 ./src/BNO_CAN.o
                0x0000000000000590                CAN_error
 .text.LED_Init
                0x00000000000005a0       0x54 ./src/BNO_CAN.o
                0x00000000000005a0                LED_Init
 .text.LED_setvalue
                0x00000000000005f4       0x40 ./src/BNO_CAN.o
                0x00000000000005f4                LED_setvalue
 .text.support_routine_I2C_Write_command
                0x0000000000000634       0x3c ./src/SSD1306.o
                0x0000000000000634                support_routine_I2C_Write_command
 .text.configure_SSD1306
                0x0000000000000670      0x128 ./src/SSD1306.o
                0x0000000000000670                configure_SSD1306
 .text.SSD1306_Fill
                0x0000000000000798       0x34 ./src/SSD1306.o
                0x0000000000000798                SSD1306_Fill
 .text.SSD1306_UpdateOLED
                0x00000000000007cc       0x60 ./src/SSD1306.o
                0x00000000000007cc                SSD1306_UpdateOLED
 .text.write_multiple_SSD1306
                0x000000000000082c       0x30 ./src/SSD1306.o
                0x000000000000082c                write_multiple_SSD1306
 .text.SSD1306_DrawPixel
                0x000000000000085c       0xdc ./src/SSD1306.o
                0x000000000000085c                SSD1306_DrawPixel
 .text.SSD1306_GotoXY
                0x0000000000000938       0x30 ./src/SSD1306.o
                0x0000000000000938                SSD1306_GotoXY
 .text.SSD1306_Putc
                0x0000000000000968       0xf8 ./src/SSD1306.o
                0x0000000000000968                SSD1306_Putc
 .text.SSD1306_Puts
                0x0000000000000a60       0x4c ./src/SSD1306.o
                0x0000000000000a60                SSD1306_Puts
 .text.SSD1306_DrawLine
                0x0000000000000aac      0x334 ./src/SSD1306.o
                0x0000000000000aac                SSD1306_DrawLine
 .text.SSD1306_DrawFilledCircle
                0x0000000000000de0      0x2b0 ./src/SSD1306.o
                0x0000000000000de0                SSD1306_DrawFilledCircle
 .text.SystemInit
                0x0000000000001090        0xe ./src/sysinit.o
                0x0000000000001090                SystemInit
 *fill*         0x000000000000109e        0x2 ff
 .text.SystemCoreClockUpdate
                0x00000000000010a0       0x18 /home/greg/Documents/CLIMER/Firmware/lpc_chip_11cxx_lib/Debug/liblpc_chip_11cxx_lib.a(chip_11xx.o)
                0x00000000000010a0                SystemCoreClockUpdate
 .text.Chip_Clock_GetMainOscRate
                0x00000000000010b8       0x14 /home/greg/Documents/CLIMER/Firmware/lpc_chip_11cxx_lib/Debug/liblpc_chip_11cxx_lib.a(clock_11xx.o)
 .text.Chip_Clock_GetIntOscRate
                0x00000000000010cc       0x10 /home/greg/Documents/CLIMER/Firmware/lpc_chip_11cxx_lib/Debug/liblpc_chip_11cxx_lib.a(clock_11xx.o)
 .text.Chip_Clock_GetWDTLFORate
                0x00000000000010dc       0x48 /home/greg/Documents/CLIMER/Firmware/lpc_chip_11cxx_lib/Debug/liblpc_chip_11cxx_lib.a(clock_11xx.o)
 .text.Chip_Clock_GetPLLFreq
                0x0000000000001124       0x22 /home/greg/Documents/CLIMER/Firmware/lpc_chip_11cxx_lib/Debug/liblpc_chip_11cxx_lib.a(clock_11xx.o)
 *fill*         0x0000000000001146        0x2 ff
 .text.Chip_Clock_SetSystemPLLSource
                0x0000000000001148       0x2c /home/greg/Documents/CLIMER/Firmware/lpc_chip_11cxx_lib/Debug/liblpc_chip_11cxx_lib.a(clock_11xx.o)
                0x0000000000001148                Chip_Clock_SetSystemPLLSource
 .text.Chip_Clock_SetMainClockSource
                0x0000000000001174       0x2c /home/greg/Documents/CLIMER/Firmware/lpc_chip_11cxx_lib/Debug/liblpc_chip_11cxx_lib.a(clock_11xx.o)
                0x0000000000001174                Chip_Clock_SetMainClockSource
 .text.Chip_Clock_GetWDTOSCRate
                0x00000000000011a0       0x1c /home/greg/Documents/CLIMER/Firmware/lpc_chip_11cxx_lib/Debug/liblpc_chip_11cxx_lib.a(clock_11xx.o)
                0x00000000000011a0                Chip_Clock_GetWDTOSCRate
 .text.Chip_Clock_GetSystemPLLInClockRate
                0x00000000000011bc       0x40 /home/greg/Documents/CLIMER/Firmware/lpc_chip_11cxx_lib/Debug/liblpc_chip_11cxx_lib.a(clock_11xx.o)
                0x00000000000011bc                Chip_Clock_GetSystemPLLInClockRate
 .text.Chip_Clock_GetSystemPLLOutClockRate
                0x00000000000011fc       0x24 /home/greg/Documents/CLIMER/Firmware/lpc_chip_11cxx_lib/Debug/liblpc_chip_11cxx_lib.a(clock_11xx.o)
                0x00000000000011fc                Chip_Clock_GetSystemPLLOutClockRate
 .text.Chip_Clock_GetMainClockRate
                0x0000000000001220       0x64 /home/greg/Documents/CLIMER/Firmware/lpc_chip_11cxx_lib/Debug/liblpc_chip_11cxx_lib.a(clock_11xx.o)
                0x0000000000001220                Chip_Clock_GetMainClockRate
 .text.Chip_Clock_GetSystemClockRate
                0x0000000000001284       0x24 /home/greg/Documents/CLIMER/Firmware/lpc_chip_11cxx_lib/Debug/liblpc_chip_11cxx_lib.a(clock_11xx.o)
                0x0000000000001284                Chip_Clock_GetSystemClockRate
 .text.Chip_Clock_EnablePeriphClock
                0x00000000000012a8       0x30 /home/greg/Documents/CLIMER/Firmware/lpc_chip_11cxx_lib/Debug/liblpc_chip_11cxx_lib.a(i2c_11xx.o)
 .text.enableClk
                0x00000000000012d8       0x34 /home/greg/Documents/CLIMER/Firmware/lpc_chip_11cxx_lib/Debug/liblpc_chip_11cxx_lib.a(i2c_11xx.o)
 .text.getClkRate
                0x000000000000130c       0x1a /home/greg/Documents/CLIMER/Firmware/lpc_chip_11cxx_lib/Debug/liblpc_chip_11cxx_lib.a(i2c_11xx.o)
 .text.startMasterXfer
                0x0000000000001326       0x1c /home/greg/Documents/CLIMER/Firmware/lpc_chip_11cxx_lib/Debug/liblpc_chip_11cxx_lib.a(i2c_11xx.o)
 .text.startSlaverXfer
                0x0000000000001342       0x1c /home/greg/Documents/CLIMER/Firmware/lpc_chip_11cxx_lib/Debug/liblpc_chip_11cxx_lib.a(i2c_11xx.o)
 .text.isI2CBusFree
                0x000000000000135e       0x1e /home/greg/Documents/CLIMER/Firmware/lpc_chip_11cxx_lib/Debug/liblpc_chip_11cxx_lib.a(i2c_11xx.o)
 .text.getCurState
                0x000000000000137c       0x1a /home/greg/Documents/CLIMER/Firmware/lpc_chip_11cxx_lib/Debug/liblpc_chip_11cxx_lib.a(i2c_11xx.o)
 *fill*         0x0000000000001396        0x2 ff
 .text.handleMasterXferState
                0x0000000000001398      0x120 /home/greg/Documents/CLIMER/Firmware/lpc_chip_11cxx_lib/Debug/liblpc_chip_11cxx_lib.a(i2c_11xx.o)
                0x0000000000001398                handleMasterXferState
 .text.Chip_I2C_EventHandler
                0x00000000000014b8       0x50 /home/greg/Documents/CLIMER/Firmware/lpc_chip_11cxx_lib/Debug/liblpc_chip_11cxx_lib.a(i2c_11xx.o)
                0x00000000000014b8                Chip_I2C_EventHandler
 .text.Chip_I2C_EventHandlerPolling
                0x0000000000001508       0x68 /home/greg/Documents/CLIMER/Firmware/lpc_chip_11cxx_lib/Debug/liblpc_chip_11cxx_lib.a(i2c_11xx.o)
                0x0000000000001508                Chip_I2C_EventHandlerPolling
 .text.Chip_I2C_Init
                0x0000000000001570       0x38 /home/greg/Documents/CLIMER/Firmware/lpc_chip_11cxx_lib/Debug/liblpc_chip_11cxx_lib.a(i2c_11xx.o)
                0x0000000000001570                Chip_I2C_Init
 .text.Chip_I2C_SetClockRate
                0x00000000000015a8       0x70 /home/greg/Documents/CLIMER/Firmware/lpc_chip_11cxx_lib/Debug/liblpc_chip_11cxx_lib.a(i2c_11xx.o)
                0x00000000000015a8                Chip_I2C_SetClockRate
 .text.Chip_I2C_SetMasterEventHandler
                0x0000000000001618       0x48 /home/greg/Documents/CLIMER/Firmware/lpc_chip_11cxx_lib/Debug/liblpc_chip_11cxx_lib.a(i2c_11xx.o)
                0x0000000000001618                Chip_I2C_SetMasterEventHandler
 .text.Chip_I2C_MasterTransfer
                0x0000000000001660       0xa4 /home/greg/Documents/CLIMER/Firmware/lpc_chip_11cxx_lib/Debug/liblpc_chip_11cxx_lib.a(i2c_11xx.o)
                0x0000000000001660                Chip_I2C_MasterTransfer
 .text.Chip_I2C_MasterSend
                0x0000000000001704       0x78 /home/greg/Documents/CLIMER/Firmware/lpc_chip_11cxx_lib/Debug/liblpc_chip_11cxx_lib.a(i2c_11xx.o)
                0x0000000000001704                Chip_I2C_MasterSend
 .text.Chip_I2C_MasterStateHandler
                0x000000000000177c       0x64 /home/greg/Documents/CLIMER/Firmware/lpc_chip_11cxx_lib/Debug/liblpc_chip_11cxx_lib.a(i2c_11xx.o)
                0x000000000000177c                Chip_I2C_MasterStateHandler
 .text.Chip_I2C_IsStateChanged
                0x00000000000017e0       0x34 /home/greg/Documents/CLIMER/Firmware/lpc_chip_11cxx_lib/Debug/liblpc_chip_11cxx_lib.a(i2c_11xx.o)
                0x00000000000017e0                Chip_I2C_IsStateChanged
 .text.Chip_FMC_SetFLASHAccess
                0x0000000000001814       0x30 /home/greg/Documents/CLIMER/Firmware/lpc_chip_11cxx_lib/Debug/liblpc_chip_11cxx_lib.a(sysinit_11xx.o)
 .text.Chip_Clock_SetupSystemPLL
                0x0000000000001844       0x38 /home/greg/Documents/CLIMER/Firmware/lpc_chip_11cxx_lib/Debug/liblpc_chip_11cxx_lib.a(sysinit_11xx.o)
 .text.Chip_Clock_IsSystemPLLLocked
                0x000000000000187c       0x1c /home/greg/Documents/CLIMER/Firmware/lpc_chip_11cxx_lib/Debug/liblpc_chip_11cxx_lib.a(sysinit_11xx.o)
 .text.Chip_Clock_SetSysClockDiv
                0x0000000000001898       0x1c /home/greg/Documents/CLIMER/Firmware/lpc_chip_11cxx_lib/Debug/liblpc_chip_11cxx_lib.a(sysinit_11xx.o)
 .text.Chip_Clock_EnablePeriphClock
                0x00000000000018b4       0x30 /home/greg/Documents/CLIMER/Firmware/lpc_chip_11cxx_lib/Debug/liblpc_chip_11cxx_lib.a(sysinit_11xx.o)
 .text.Chip_SystemInit
                0x00000000000018e4       0x5c /home/greg/Documents/CLIMER/Firmware/lpc_chip_11cxx_lib/Debug/liblpc_chip_11cxx_lib.a(sysinit_11xx.o)
                0x00000000000018e4                Chip_SystemInit
 .text.Chip_UART_SendByte
                0x0000000000001940       0x1e /home/greg/Documents/CLIMER/Firmware/lpc_chip_11cxx_lib/Debug/liblpc_chip_11cxx_lib.a(uart_11xx.o)
 .text.Chip_UART_ReadLineStatus
                0x000000000000195e       0x14 /home/greg/Documents/CLIMER/Firmware/lpc_chip_11cxx_lib/Debug/liblpc_chip_11cxx_lib.a(uart_11xx.o)
 .text.Chip_UART_Send
                0x0000000000001972       0x52 /home/greg/Documents/CLIMER/Firmware/lpc_chip_11cxx_lib/Debug/liblpc_chip_11cxx_lib.a(uart_11xx.o)
                0x0000000000001972                Chip_UART_Send
 .text.Chip_UART_SendBlocking
                0x00000000000019c4       0x4e /home/greg/Documents/CLIMER/Firmware/lpc_chip_11cxx_lib/Debug/liblpc_chip_11cxx_lib.a(uart_11xx.o)
                0x00000000000019c4                Chip_UART_SendBlocking
 *fill*         0x0000000000001a12        0x2 ff
 .text.Chip_SYSCTL_PowerDown
                0x0000000000001a14       0x40 /home/greg/Documents/CLIMER/Firmware/lpc_chip_11cxx_lib/Debug/liblpc_chip_11cxx_lib.a(sysctl_11xx.o)
                0x0000000000001a14                Chip_SYSCTL_PowerDown
 .text.Chip_SYSCTL_PowerUp
                0x0000000000001a54       0x40 /home/greg/Documents/CLIMER/Firmware/lpc_chip_11cxx_lib/Debug/liblpc_chip_11cxx_lib.a(sysctl_11xx.o)
                0x0000000000001a54                Chip_SYSCTL_PowerUp
 .text.memset   0x0000000000001a94        0x8 /usr/local/mcuxpressoide-10.1.1_606/ide/tools/bin/../lib/gcc/arm-none-eabi/6.3.1/../../../../arm-none-eabi/lib/thumb/v6-m/libcr_c.a(memset.o)
                0x0000000000001a94                memset
 .text.__weak_main
                0x0000000000001a9c        0x8 /usr/local/mcuxpressoide-10.1.1_606/ide/tools/bin/../lib/gcc/arm-none-eabi/6.3.1/../../../../arm-none-eabi/lib/thumb/v6-m/libcr_c.a(__weak__main.o)
                0x0000000000001a9c                __main
                0x0000000000001a9c                __weak_main
 .text.__aeabi_division_idivmod
                0x0000000000001aa4       0x78 /usr/local/mcuxpressoide-10.1.1_606/ide/tools/bin/../lib/gcc/arm-none-eabi/6.3.1/thumb/v6-m/libcr_eabihelpers.a(division_32.o)
                0x0000000000001aa4                __aeabi_idiv
                0x0000000000001aa4                __aeabi_idivmod
                0x0000000000001aaa                __aeabi_uidiv
                0x0000000000001aaa                __aeabi_uidivmod
 .text.__aeabi_division_idiv0
                0x0000000000001b1c        0x2 /usr/local/mcuxpressoide-10.1.1_606/ide/tools/bin/../lib/gcc/arm-none-eabi/6.3.1/thumb/v6-m/libcr_eabihelpers.a(division_idiv0.o)
                0x0000000000001b1c                __aeabi_idiv0
 .text.__aeabi_memset_lowlevel
                0x0000000000001b1e       0x2a /usr/local/mcuxpressoide-10.1.1_606/ide/tools/bin/../lib/gcc/arm-none-eabi/6.3.1/thumb/v6-m/libcr_eabihelpers.a(memcpy.o)
                0x0000000000001b1e                __aeabi_lowlevel_memset
 *(.rodata .rodata.* .constdata .constdata.*)
 .rodata        0x0000000000001b48        0x7 ./src/SSD1306.o
 *fill*         0x0000000000001b4f        0x1 ff
 .rodata.Font16x26
                0x0000000000001b50     0x134c ./src/fonts.o
                0x0000000000001b50                Font16x26
 .rodata.OscRateIn
                0x0000000000002e9c        0x4 ./src/sysinit.o
                0x0000000000002e9c                OscRateIn
 .rodata.wdtOSCRate
                0x0000000000002ea0       0x40 /home/greg/Documents/CLIMER/Firmware/lpc_chip_11cxx_lib/Debug/liblpc_chip_11cxx_lib.a(clock_11xx.o)
 .rodata.handleMasterXferState
                0x0000000000002ee0      0x164 /home/greg/Documents/CLIMER/Firmware/lpc_chip_11cxx_lib/Debug/liblpc_chip_11cxx_lib.a(i2c_11xx.o)
                0x0000000000003044                . = ALIGN (0x4)

.glue_7         0x0000000000003044        0x0
 .glue_7        0x0000000000003044        0x0 linker stubs

.glue_7t        0x0000000000003044        0x0
 .glue_7t       0x0000000000003044        0x0 linker stubs

.vfp11_veneer   0x0000000000003044        0x0
 .vfp11_veneer  0x0000000000003044        0x0 linker stubs

.v4_bx          0x0000000000003044        0x0
 .v4_bx         0x0000000000003044        0x0 linker stubs

.iplt           0x0000000000003044        0x0
 .iplt          0x0000000000003044        0x0 ./src/BNO_CAN.o

.rel.dyn        0x0000000000003044        0x0
 .rel.iplt      0x0000000000003044        0x0 ./src/BNO_CAN.o

.ARM.extab
 *(.ARM.extab* .gnu.linkonce.armextab.*)
                0x0000000000003044                __exidx_start = .

.ARM.exidx
 *(.ARM.exidx* .gnu.linkonce.armexidx.*)
                0x0000000000003044                __exidx_end = .
                0x0000000000003044                _etext = .

.data_RAM2      0x0000000010000000        0x0 load address 0x0000000000003044
 FILL mask 0xff
                [!provide]                        PROVIDE (__start_data_RAM2, .)
 *(.ramfunc.$RAM2)
 *(.ramfunc.$RAM_00)
 *(.data.$RAM2*)
 *(.data.$RAM_00*)
                0x0000000010000000                . = ALIGN (0x4)
                [!provide]                        PROVIDE (__end_data_RAM2, .)

.uninit_RESERVED
                0x0000000010000100        0x0
 *(.bss.$RESERVED*)
                0x0000000010000100                . = ALIGN (0x4)
                0x0000000010000100                _end_uninit_RESERVED = .

.data           0x0000000010000100       0x44 load address 0x0000000000003044
 FILL mask 0xff
                0x0000000010000100                _data = .
 *(vtable)
 *(.ramfunc*)
 *(.data*)
 .data.callbacks
                0x0000000010000100       0x20 ./src/BNO_CAN.o
                0x0000000010000100                callbacks
 .data.Font_16x26
                0x0000000010000120        0x8 ./src/fonts.o
                0x0000000010000120                Font_16x26
 .data.i2c      0x0000000010000128       0x1c /home/greg/Documents/CLIMER/Firmware/lpc_chip_11cxx_lib/Debug/liblpc_chip_11cxx_lib.a(i2c_11xx.o)
                0x0000000010000144                . = ALIGN (0x4)
                0x0000000010000144                _edata = .

.igot.plt       0x0000000010000144        0x0 load address 0x0000000000003088
 .igot.plt      0x0000000010000144        0x0 ./src/BNO_CAN.o

.bss_RAM2       0x0000000010000000        0x0
                [!provide]                        PROVIDE (__start_bss_RAM2, .)
 *(.bss.$RAM2*)
 *(.bss.$RAM_00*)
                0x0000000010000000                . = ALIGN ((. != 0x0)?0x4:0x1)
                [!provide]                        PROVIDE (__end_bss_RAM2, .)

.bss            0x0000000010000144      0x42c
                0x0000000010000144                _bss = .
 *(.bss*)
 .bss.CanApiClkInitTable
                0x0000000010000144        0x8 ./src/BNO_CAN.o
                0x0000000010000144                CanApiClkInitTable
 .bss.msg_obj   0x000000001000014c       0x14 ./src/BNO_CAN.o
                0x000000001000014c                msg_obj
 .bss.SSD1306_Buffer
                0x0000000010000160      0x400 ./src/SSD1306.o
 .bss.SSD1306   0x0000000010000560        0x6 ./src/SSD1306.o
 *fill*         0x0000000010000566        0x2 
 .bss.config.6145
                0x0000000010000568        0x2 ./src/SSD1306.o
 *(COMMON)
 *fill*         0x000000001000056a        0x2 
 COMMON         0x000000001000056c        0x4 /home/greg/Documents/CLIMER/Firmware/lpc_chip_11cxx_lib/Debug/liblpc_chip_11cxx_lib.a(chip_11xx.o)
                0x000000001000056c                SystemCoreClock
                0x0000000010000570                . = ALIGN (0x4)
                0x0000000010000570                _ebss = .
                [!provide]                        PROVIDE (end, .)

.noinit_RAM2    0x0000000010000000        0x0
 *(.noinit.$RAM2*)
 *(.noinit.$RAM_00*)
                0x0000000010000000                . = ALIGN (0x4)

.noinit         0x0000000010000570        0x0
                0x0000000010000570                _noinit = .
 *(.noinit*)
                0x0000000010000570                . = ALIGN (0x4)
                0x0000000010000570                _end_noinit = .
                [!provide]                        PROVIDE (_pvHeapStart, DEFINED (__user_heap_base)?__user_heap_base:.)
                0x0000000010002000                PROVIDE (_vStackTop, DEFINED (__user_stack_top)?__user_stack_top:(__top_RamLoc8 - 0x0))
                0xffffffffefffdae3                PROVIDE (__valid_user_code_checksum, (0x0 - (((_vStackTop + (ResetISR + 0x1)) + (DEFINED (NMI_Handler)?NMI_Handler:M0_NMI_Handler + 0x1)) + (DEFINED (HardFault_Handler)?HardFault_Handler:M0_HardFault_Handler + 0x1))))
                0x0000000000000000                _image_start = LOADADDR (.text)
                0x0000000000003088                _image_end = (LOADADDR (.data) + SIZEOF (.data))
                0x0000000000003088                _image_size = (_image_end - _image_start)
OUTPUT(BNO_CAN.axf elf32-littlearm)

.debug_info     0x0000000000000000     0x5b41
 .debug_info    0x0000000000000000     0x1576 ./src/BNO_CAN.o
 .debug_info    0x0000000000001576      0x8ec ./src/SSD1306.o
 .debug_info    0x0000000000001e62      0x20b ./src/cr_startup_lpc11xx.o
 .debug_info    0x000000000000206d      0x252 ./src/fonts.o
 .debug_info    0x00000000000022bf      0x117 ./src/sysinit.o
 .debug_info    0x00000000000023d6      0x10a /home/greg/Documents/CLIMER/Firmware/lpc_chip_11cxx_lib/Debug/liblpc_chip_11cxx_lib.a(chip_11xx.o)
 .debug_info    0x00000000000024e0      0x8d0 /home/greg/Documents/CLIMER/Firmware/lpc_chip_11cxx_lib/Debug/liblpc_chip_11cxx_lib.a(clock_11xx.o)
 .debug_info    0x0000000000002db0     0x10e6 /home/greg/Documents/CLIMER/Firmware/lpc_chip_11cxx_lib/Debug/liblpc_chip_11cxx_lib.a(i2c_11xx.o)
 .debug_info    0x0000000000003e96      0x820 /home/greg/Documents/CLIMER/Firmware/lpc_chip_11cxx_lib/Debug/liblpc_chip_11cxx_lib.a(sysinit_11xx.o)
 .debug_info    0x00000000000046b6      0xebf /home/greg/Documents/CLIMER/Firmware/lpc_chip_11cxx_lib/Debug/liblpc_chip_11cxx_lib.a(uart_11xx.o)
 .debug_info    0x0000000000005575      0x5cc /home/greg/Documents/CLIMER/Firmware/lpc_chip_11cxx_lib/Debug/liblpc_chip_11cxx_lib.a(sysctl_11xx.o)

.debug_abbrev   0x0000000000000000     0x1230
 .debug_abbrev  0x0000000000000000      0x32a ./src/BNO_CAN.o
 .debug_abbrev  0x000000000000032a      0x1ef ./src/SSD1306.o
 .debug_abbrev  0x0000000000000519       0xf4 ./src/cr_startup_lpc11xx.o
 .debug_abbrev  0x000000000000060d       0xfe ./src/fonts.o
 .debug_abbrev  0x000000000000070b       0xa6 ./src/sysinit.o
 .debug_abbrev  0x00000000000007b1       0xa6 /home/greg/Documents/CLIMER/Firmware/lpc_chip_11cxx_lib/Debug/liblpc_chip_11cxx_lib.a(chip_11xx.o)
 .debug_abbrev  0x0000000000000857      0x1e6 /home/greg/Documents/CLIMER/Firmware/lpc_chip_11cxx_lib/Debug/liblpc_chip_11cxx_lib.a(clock_11xx.o)
 .debug_abbrev  0x0000000000000a3d      0x304 /home/greg/Documents/CLIMER/Firmware/lpc_chip_11cxx_lib/Debug/liblpc_chip_11cxx_lib.a(i2c_11xx.o)
 .debug_abbrev  0x0000000000000d41      0x1ad /home/greg/Documents/CLIMER/Firmware/lpc_chip_11cxx_lib/Debug/liblpc_chip_11cxx_lib.a(sysinit_11xx.o)
 .debug_abbrev  0x0000000000000eee      0x236 /home/greg/Documents/CLIMER/Firmware/lpc_chip_11cxx_lib/Debug/liblpc_chip_11cxx_lib.a(uart_11xx.o)
 .debug_abbrev  0x0000000000001124      0x10c /home/greg/Documents/CLIMER/Firmware/lpc_chip_11cxx_lib/Debug/liblpc_chip_11cxx_lib.a(sysctl_11xx.o)

.debug_aranges  0x0000000000000000      0x518
 .debug_aranges
                0x0000000000000000       0x98 ./src/BNO_CAN.o
 .debug_aranges
                0x0000000000000098       0xa0 ./src/SSD1306.o
 .debug_aranges
                0x0000000000000138       0x60 ./src/cr_startup_lpc11xx.o
 .debug_aranges
                0x0000000000000198       0x20 ./src/fonts.o
 .debug_aranges
                0x00000000000001b8       0x20 ./src/sysinit.o
 .debug_aranges
                0x00000000000001d8       0x20 /home/greg/Documents/CLIMER/Firmware/lpc_chip_11cxx_lib/Debug/liblpc_chip_11cxx_lib.a(chip_11xx.o)
 .debug_aranges
                0x00000000000001f8       0x88 /home/greg/Documents/CLIMER/Firmware/lpc_chip_11cxx_lib/Debug/liblpc_chip_11cxx_lib.a(clock_11xx.o)
 .debug_aranges
                0x0000000000000280      0x128 /home/greg/Documents/CLIMER/Firmware/lpc_chip_11cxx_lib/Debug/liblpc_chip_11cxx_lib.a(i2c_11xx.o)
 .debug_aranges
                0x00000000000003a8       0x48 /home/greg/Documents/CLIMER/Firmware/lpc_chip_11cxx_lib/Debug/liblpc_chip_11cxx_lib.a(sysinit_11xx.o)
 .debug_aranges
                0x00000000000003f0       0xf0 /home/greg/Documents/CLIMER/Firmware/lpc_chip_11cxx_lib/Debug/liblpc_chip_11cxx_lib.a(uart_11xx.o)
 .debug_aranges
                0x00000000000004e0       0x38 /home/greg/Documents/CLIMER/Firmware/lpc_chip_11cxx_lib/Debug/liblpc_chip_11cxx_lib.a(sysctl_11xx.o)

.debug_ranges   0x0000000000000000      0x468
 .debug_ranges  0x0000000000000000       0x88 ./src/BNO_CAN.o
 .debug_ranges  0x0000000000000088       0x90 ./src/SSD1306.o
 .debug_ranges  0x0000000000000118       0x50 ./src/cr_startup_lpc11xx.o
 .debug_ranges  0x0000000000000168       0x10 ./src/fonts.o
 .debug_ranges  0x0000000000000178       0x10 ./src/sysinit.o
 .debug_ranges  0x0000000000000188       0x10 /home/greg/Documents/CLIMER/Firmware/lpc_chip_11cxx_lib/Debug/liblpc_chip_11cxx_lib.a(chip_11xx.o)
 .debug_ranges  0x0000000000000198       0x78 /home/greg/Documents/CLIMER/Firmware/lpc_chip_11cxx_lib/Debug/liblpc_chip_11cxx_lib.a(clock_11xx.o)
 .debug_ranges  0x0000000000000210      0x118 /home/greg/Documents/CLIMER/Firmware/lpc_chip_11cxx_lib/Debug/liblpc_chip_11cxx_lib.a(i2c_11xx.o)
 .debug_ranges  0x0000000000000328       0x38 /home/greg/Documents/CLIMER/Firmware/lpc_chip_11cxx_lib/Debug/liblpc_chip_11cxx_lib.a(sysinit_11xx.o)
 .debug_ranges  0x0000000000000360       0xe0 /home/greg/Documents/CLIMER/Firmware/lpc_chip_11cxx_lib/Debug/liblpc_chip_11cxx_lib.a(uart_11xx.o)
 .debug_ranges  0x0000000000000440       0x28 /home/greg/Documents/CLIMER/Firmware/lpc_chip_11cxx_lib/Debug/liblpc_chip_11cxx_lib.a(sysctl_11xx.o)

.debug_macro    0x0000000000000000     0x36b0
 .debug_macro   0x0000000000000000      0x1e0 ./src/BNO_CAN.o
 .debug_macro   0x00000000000001e0      0x8c2 ./src/BNO_CAN.o
 .debug_macro   0x0000000000000aa2       0x10 ./src/BNO_CAN.o
 .debug_macro   0x0000000000000ab2      0x12d ./src/BNO_CAN.o
 .debug_macro   0x0000000000000bdf      0x5b2 ./src/BNO_CAN.o
 .debug_macro   0x0000000000001191       0x22 ./src/BNO_CAN.o
 .debug_macro   0x00000000000011b3       0x7b ./src/BNO_CAN.o
 .debug_macro   0x000000000000122e       0x10 ./src/BNO_CAN.o
 .debug_macro   0x000000000000123e       0x1f ./src/BNO_CAN.o
 .debug_macro   0x000000000000125d       0x3a ./src/BNO_CAN.o
 .debug_macro   0x0000000000001297      0x241 ./src/BNO_CAN.o
 .debug_macro   0x00000000000014d8      0x117 ./src/BNO_CAN.o
 .debug_macro   0x00000000000015ef       0x22 ./src/BNO_CAN.o
 .debug_macro   0x0000000000001611       0xb2 ./src/BNO_CAN.o
 .debug_macro   0x00000000000016c3       0x10 ./src/BNO_CAN.o
 .debug_macro   0x00000000000016d3      0x137 ./src/BNO_CAN.o
 .debug_macro   0x000000000000180a       0x4c ./src/BNO_CAN.o
 .debug_macro   0x0000000000001856       0x16 ./src/BNO_CAN.o
 .debug_macro   0x000000000000186c      0x31a ./src/BNO_CAN.o
 .debug_macro   0x0000000000001b86       0x2e ./src/BNO_CAN.o
 .debug_macro   0x0000000000001bb4       0xb8 ./src/BNO_CAN.o
 .debug_macro   0x0000000000001c6c       0x11 ./src/BNO_CAN.o
 .debug_macro   0x0000000000001c7d       0x7c ./src/BNO_CAN.o
 .debug_macro   0x0000000000001cf9      0x21c ./src/BNO_CAN.o
 .debug_macro   0x0000000000001f15      0x113 ./src/BNO_CAN.o
 .debug_macro   0x0000000000002028       0x82 ./src/BNO_CAN.o
 .debug_macro   0x00000000000020aa       0x9a ./src/BNO_CAN.o
 .debug_macro   0x0000000000002144       0x22 ./src/BNO_CAN.o
 .debug_macro   0x0000000000002166       0x46 ./src/BNO_CAN.o
 .debug_macro   0x00000000000021ac      0x195 ./src/SSD1306.o
 .debug_macro   0x0000000000002341       0xa0 ./src/SSD1306.o
 .debug_macro   0x00000000000023e1       0x74 ./src/SSD1306.o
 .debug_macro   0x0000000000002455       0x1d ./src/cr_startup_lpc11xx.o
 .debug_macro   0x0000000000002472       0x5a ./src/fonts.o
 .debug_macro   0x00000000000024cc      0x148 ./src/sysinit.o
 .debug_macro   0x0000000000002614      0x148 /home/greg/Documents/CLIMER/Firmware/lpc_chip_11cxx_lib/Debug/liblpc_chip_11cxx_lib.a(chip_11xx.o)
 .debug_macro   0x000000000000275c      0x8b0 /home/greg/Documents/CLIMER/Firmware/lpc_chip_11cxx_lib/Debug/liblpc_chip_11cxx_lib.a(chip_11xx.o)
 .debug_macro   0x000000000000300c      0x148 /home/greg/Documents/CLIMER/Firmware/lpc_chip_11cxx_lib/Debug/liblpc_chip_11cxx_lib.a(clock_11xx.o)
 .debug_macro   0x0000000000003154      0x15a /home/greg/Documents/CLIMER/Firmware/lpc_chip_11cxx_lib/Debug/liblpc_chip_11cxx_lib.a(i2c_11xx.o)
 .debug_macro   0x00000000000032ae      0x148 /home/greg/Documents/CLIMER/Firmware/lpc_chip_11cxx_lib/Debug/liblpc_chip_11cxx_lib.a(sysinit_11xx.o)
 .debug_macro   0x00000000000033f6      0x148 /home/greg/Documents/CLIMER/Firmware/lpc_chip_11cxx_lib/Debug/liblpc_chip_11cxx_lib.a(uart_11xx.o)
 .debug_macro   0x000000000000353e      0x172 /home/greg/Documents/CLIMER/Firmware/lpc_chip_11cxx_lib/Debug/liblpc_chip_11cxx_lib.a(sysctl_11xx.o)

.debug_line     0x0000000000000000     0x2862
 .debug_line    0x0000000000000000      0x533 ./src/BNO_CAN.o
 .debug_line    0x0000000000000533      0x653 ./src/SSD1306.o
 .debug_line    0x0000000000000b86       0xb8 ./src/cr_startup_lpc11xx.o
 .debug_line    0x0000000000000c3e      0x15f ./src/fonts.o
 .debug_line    0x0000000000000d9d      0x2b4 ./src/sysinit.o
 .debug_line    0x0000000000001051      0x2b6 /home/greg/Documents/CLIMER/Firmware/lpc_chip_11cxx_lib/Debug/liblpc_chip_11cxx_lib.a(chip_11xx.o)
 .debug_line    0x0000000000001307      0x3e1 /home/greg/Documents/CLIMER/Firmware/lpc_chip_11cxx_lib/Debug/liblpc_chip_11cxx_lib.a(clock_11xx.o)
 .debug_line    0x00000000000016e8      0x634 /home/greg/Documents/CLIMER/Firmware/lpc_chip_11cxx_lib/Debug/liblpc_chip_11cxx_lib.a(i2c_11xx.o)
 .debug_line    0x0000000000001d1c      0x32d /home/greg/Documents/CLIMER/Firmware/lpc_chip_11cxx_lib/Debug/liblpc_chip_11cxx_lib.a(sysinit_11xx.o)
 .debug_line    0x0000000000002049      0x526 /home/greg/Documents/CLIMER/Firmware/lpc_chip_11cxx_lib/Debug/liblpc_chip_11cxx_lib.a(uart_11xx.o)
 .debug_line    0x000000000000256f      0x2f3 /home/greg/Documents/CLIMER/Firmware/lpc_chip_11cxx_lib/Debug/liblpc_chip_11cxx_lib.a(sysctl_11xx.o)

.debug_str      0x0000000000000000     0xaa7f
 .debug_str     0x0000000000000000     0x94e9 ./src/BNO_CAN.o
                                       0x9639 (size before relaxing)
 .debug_str     0x00000000000094e9      0x1c5 ./src/SSD1306.o
                                       0x856d (size before relaxing)
 .debug_str     0x00000000000096ae      0x18c ./src/cr_startup_lpc11xx.o
                                       0x26a9 (size before relaxing)
 .debug_str     0x000000000000983a       0x5f ./src/fonts.o
                                       0x3cf6 (size before relaxing)
 .debug_str     0x0000000000009899       0x11 ./src/sysinit.o
                                       0x7e80 (size before relaxing)
 .debug_str     0x00000000000098aa      0x114 /home/greg/Documents/CLIMER/Firmware/lpc_chip_11cxx_lib/Debug/liblpc_chip_11cxx_lib.a(chip_11xx.o)
                                       0x7e4b (size before relaxing)
 .debug_str     0x00000000000099be      0x555 /home/greg/Documents/CLIMER/Firmware/lpc_chip_11cxx_lib/Debug/liblpc_chip_11cxx_lib.a(clock_11xx.o)
                                       0x861f (size before relaxing)
 .debug_str     0x0000000000009f13      0x5d6 /home/greg/Documents/CLIMER/Firmware/lpc_chip_11cxx_lib/Debug/liblpc_chip_11cxx_lib.a(i2c_11xx.o)
                                       0x8856 (size before relaxing)
 .debug_str     0x000000000000a4e9      0x136 /home/greg/Documents/CLIMER/Firmware/lpc_chip_11cxx_lib/Debug/liblpc_chip_11cxx_lib.a(sysinit_11xx.o)
                                       0x84c2 (size before relaxing)
 .debug_str     0x000000000000a61f      0x2c1 /home/greg/Documents/CLIMER/Firmware/lpc_chip_11cxx_lib/Debug/liblpc_chip_11cxx_lib.a(uart_11xx.o)
                                       0x85d3 (size before relaxing)
 .debug_str     0x000000000000a8e0      0x19f /home/greg/Documents/CLIMER/Firmware/lpc_chip_11cxx_lib/Debug/liblpc_chip_11cxx_lib.a(sysctl_11xx.o)
                                       0x8269 (size before relaxing)

.comment        0x0000000000000000       0x7f
 .comment       0x0000000000000000       0x7f ./src/BNO_CAN.o
                                         0x80 (size before relaxing)
 .comment       0x000000000000007f       0x80 ./src/SSD1306.o
 .comment       0x000000000000007f       0x80 ./src/cr_startup_lpc11xx.o
 .comment       0x000000000000007f       0x80 ./src/fonts.o
 .comment       0x000000000000007f       0x80 ./src/sysinit.o
 .comment       0x000000000000007f       0x80 /home/greg/Documents/CLIMER/Firmware/lpc_chip_11cxx_lib/Debug/liblpc_chip_11cxx_lib.a(chip_11xx.o)
 .comment       0x000000000000007f       0x80 /home/greg/Documents/CLIMER/Firmware/lpc_chip_11cxx_lib/Debug/liblpc_chip_11cxx_lib.a(clock_11xx.o)
 .comment       0x000000000000007f       0x80 /home/greg/Documents/CLIMER/Firmware/lpc_chip_11cxx_lib/Debug/liblpc_chip_11cxx_lib.a(i2c_11xx.o)
 .comment       0x000000000000007f       0x80 /home/greg/Documents/CLIMER/Firmware/lpc_chip_11cxx_lib/Debug/liblpc_chip_11cxx_lib.a(sysinit_11xx.o)
 .comment       0x000000000000007f       0x80 /home/greg/Documents/CLIMER/Firmware/lpc_chip_11cxx_lib/Debug/liblpc_chip_11cxx_lib.a(uart_11xx.o)
 .comment       0x000000000000007f       0x80 /home/greg/Documents/CLIMER/Firmware/lpc_chip_11cxx_lib/Debug/liblpc_chip_11cxx_lib.a(sysctl_11xx.o)
 .comment       0x000000000000007f       0x80 /usr/local/mcuxpressoide-10.1.1_606/ide/tools/bin/../lib/gcc/arm-none-eabi/6.3.1/../../../../arm-none-eabi/lib/thumb/v6-m/libcr_c.a(memset.o)
 .comment       0x000000000000007f       0x80 /usr/local/mcuxpressoide-10.1.1_606/ide/tools/bin/../lib/gcc/arm-none-eabi/6.3.1/../../../../arm-none-eabi/lib/thumb/v6-m/libcr_c.a(__weak__main.o)

.ARM.attributes
                0x0000000000000000       0x2f
 .ARM.attributes
                0x0000000000000000       0x31 ./src/BNO_CAN.o
 .ARM.attributes
                0x0000000000000031       0x31 ./src/SSD1306.o
 .ARM.attributes
                0x0000000000000062       0x31 ./src/cr_startup_lpc11xx.o
 .ARM.attributes
                0x0000000000000093       0x31 ./src/fonts.o
 .ARM.attributes
                0x00000000000000c4       0x31 ./src/sysinit.o
 .ARM.attributes
                0x00000000000000f5       0x31 /home/greg/Documents/CLIMER/Firmware/lpc_chip_11cxx_lib/Debug/liblpc_chip_11cxx_lib.a(chip_11xx.o)
 .ARM.attributes
                0x0000000000000126       0x31 /home/greg/Documents/CLIMER/Firmware/lpc_chip_11cxx_lib/Debug/liblpc_chip_11cxx_lib.a(clock_11xx.o)
 .ARM.attributes
                0x0000000000000157       0x31 /home/greg/Documents/CLIMER/Firmware/lpc_chip_11cxx_lib/Debug/liblpc_chip_11cxx_lib.a(i2c_11xx.o)
 .ARM.attributes
                0x0000000000000188       0x31 /home/greg/Documents/CLIMER/Firmware/lpc_chip_11cxx_lib/Debug/liblpc_chip_11cxx_lib.a(sysinit_11xx.o)
 .ARM.attributes
                0x00000000000001b9       0x31 /home/greg/Documents/CLIMER/Firmware/lpc_chip_11cxx_lib/Debug/liblpc_chip_11cxx_lib.a(uart_11xx.o)
 .ARM.attributes
                0x00000000000001ea       0x31 /home/greg/Documents/CLIMER/Firmware/lpc_chip_11cxx_lib/Debug/liblpc_chip_11cxx_lib.a(sysctl_11xx.o)
 .ARM.attributes
                0x000000000000021b       0x31 /usr/local/mcuxpressoide-10.1.1_606/ide/tools/bin/../lib/gcc/arm-none-eabi/6.3.1/../../../../arm-none-eabi/lib/thumb/v6-m/libcr_c.a(memset.o)
 .ARM.attributes
                0x000000000000024c       0x31 /usr/local/mcuxpressoide-10.1.1_606/ide/tools/bin/../lib/gcc/arm-none-eabi/6.3.1/../../../../arm-none-eabi/lib/thumb/v6-m/libcr_c.a(__weak__main.o)
 .ARM.attributes
                0x000000000000027d       0x21 /usr/local/mcuxpressoide-10.1.1_606/ide/tools/bin/../lib/gcc/arm-none-eabi/6.3.1/thumb/v6-m/libcr_eabihelpers.a(division_32.o)
 .ARM.attributes
                0x000000000000029e       0x21 /usr/local/mcuxpressoide-10.1.1_606/ide/tools/bin/../lib/gcc/arm-none-eabi/6.3.1/thumb/v6-m/libcr_eabihelpers.a(division_idiv0.o)
 .ARM.attributes
                0x00000000000002bf       0x21 /usr/local/mcuxpressoide-10.1.1_606/ide/tools/bin/../lib/gcc/arm-none-eabi/6.3.1/thumb/v6-m/libcr_eabihelpers.a(memcpy.o)

.debug_frame    0x0000000000000000     0x10b4
 .debug_frame   0x0000000000000000      0x204 ./src/BNO_CAN.o
 .debug_frame   0x0000000000000204      0x238 ./src/SSD1306.o
 .debug_frame   0x000000000000043c      0x118 ./src/cr_startup_lpc11xx.o
 .debug_frame   0x0000000000000554       0x30 ./src/fonts.o
 .debug_frame   0x0000000000000584       0x2c ./src/sysinit.o
 .debug_frame   0x00000000000005b0       0x2c /home/greg/Documents/CLIMER/Firmware/lpc_chip_11cxx_lib/Debug/liblpc_chip_11cxx_lib.a(chip_11xx.o)
 .debug_frame   0x00000000000005dc      0x1c0 /home/greg/Documents/CLIMER/Firmware/lpc_chip_11cxx_lib/Debug/liblpc_chip_11cxx_lib.a(clock_11xx.o)
 .debug_frame   0x000000000000079c      0x450 /home/greg/Documents/CLIMER/Firmware/lpc_chip_11cxx_lib/Debug/liblpc_chip_11cxx_lib.a(i2c_11xx.o)
 .debug_frame   0x0000000000000bec       0xc8 /home/greg/Documents/CLIMER/Firmware/lpc_chip_11cxx_lib/Debug/liblpc_chip_11cxx_lib.a(sysinit_11xx.o)
 .debug_frame   0x0000000000000cb4      0x370 /home/greg/Documents/CLIMER/Firmware/lpc_chip_11cxx_lib/Debug/liblpc_chip_11cxx_lib.a(uart_11xx.o)
 .debug_frame   0x0000000000001024       0x90 /home/greg/Documents/CLIMER/Firmware/lpc_chip_11cxx_lib/Debug/liblpc_chip_11cxx_lib.a(sysctl_11xx.o)
