Archive member included to satisfy reference by file (symbol)

/home/greg/Documents/CLIMER/Firmware/lpc_chip_11cxx_lib/Debug/liblpc_chip_11cxx_lib.a(chip_11xx.o)
                              ./src/BNO_CAN.o (SystemCoreClockUpdate)
/home/greg/Documents/CLIMER/Firmware/lpc_chip_11cxx_lib/Debug/liblpc_chip_11cxx_lib.a(clock_11xx.o)
                              ./src/BNO_CAN.o (Chip_Clock_GetMainClockRate)
/home/greg/Documents/CLIMER/Firmware/lpc_chip_11cxx_lib/Debug/liblpc_chip_11cxx_lib.a(i2c_11xx.o)
                              ./src/BNO_CAN.o (Chip_I2C_EventHandlerPolling)
/home/greg/Documents/CLIMER/Firmware/lpc_chip_11cxx_lib/Debug/liblpc_chip_11cxx_lib.a(sysinit_11xx.o)
                              ./src/sysinit.o (Chip_SystemInit)
/home/greg/Documents/CLIMER/Firmware/lpc_chip_11cxx_lib/Debug/liblpc_chip_11cxx_lib.a(uart_11xx.o)
                              ./src/BNO_CAN.o (Chip_UART_SendBlocking)
/home/greg/Documents/CLIMER/Firmware/lpc_chip_11cxx_lib/Debug/liblpc_chip_11cxx_lib.a(ring_buffer.o)
                              /home/greg/Documents/CLIMER/Firmware/lpc_chip_11cxx_lib/Debug/liblpc_chip_11cxx_lib.a(uart_11xx.o) (RingBuffer_Insert)
/home/greg/Documents/CLIMER/Firmware/lpc_chip_11cxx_lib/Debug/liblpc_chip_11cxx_lib.a(sysctl_11xx.o)
                              /home/greg/Documents/CLIMER/Firmware/lpc_chip_11cxx_lib/Debug/liblpc_chip_11cxx_lib.a(sysinit_11xx.o) (Chip_SYSCTL_PowerDown)
/usr/local/mcuxpressoide-10.1.1_606/ide/tools/bin/../lib/gcc/arm-none-eabi/6.3.1/../../../../arm-none-eabi/lib/thumb/v6-m/libcr_c.a(memcpy.o)
                              /home/greg/Documents/CLIMER/Firmware/lpc_chip_11cxx_lib/Debug/liblpc_chip_11cxx_lib.a(ring_buffer.o) (memcpy)
/usr/local/mcuxpressoide-10.1.1_606/ide/tools/bin/../lib/gcc/arm-none-eabi/6.3.1/../../../../arm-none-eabi/lib/thumb/v6-m/libcr_c.a(memset.o)
                              ./src/BNO_CAN.o (memset)
/usr/local/mcuxpressoide-10.1.1_606/ide/tools/bin/../lib/gcc/arm-none-eabi/6.3.1/../../../../arm-none-eabi/lib/thumb/v6-m/libcr_c.a(__weak__main.o)
                              ./src/cr_startup_lpc11xx.o (__main)
/usr/local/mcuxpressoide-10.1.1_606/ide/tools/bin/../lib/gcc/arm-none-eabi/6.3.1/../../../../arm-none-eabi/lib/thumb/v6-m/libcr_c.a(strlen.o)
                              ./src/fonts.o (strlen)
/usr/local/mcuxpressoide-10.1.1_606/ide/tools/bin/../lib/gcc/arm-none-eabi/6.3.1/thumb/v6-m/libcr_eabihelpers.a(division_32.o)
                              ./src/BNO_CAN.o (__aeabi_uidiv)
/usr/local/mcuxpressoide-10.1.1_606/ide/tools/bin/../lib/gcc/arm-none-eabi/6.3.1/thumb/v6-m/libcr_eabihelpers.a(division_idiv0.o)
                              /usr/local/mcuxpressoide-10.1.1_606/ide/tools/bin/../lib/gcc/arm-none-eabi/6.3.1/thumb/v6-m/libcr_eabihelpers.a(division_32.o) (__aeabi_idiv0)
/usr/local/mcuxpressoide-10.1.1_606/ide/tools/bin/../lib/gcc/arm-none-eabi/6.3.1/thumb/v6-m/libcr_eabihelpers.a(memcpy.o)
                              /usr/local/mcuxpressoide-10.1.1_606/ide/tools/bin/../lib/gcc/arm-none-eabi/6.3.1/../../../../arm-none-eabi/lib/thumb/v6-m/libcr_c.a(memcpy.o) (__aeabi_memcpy)

Allocating common symbols
Common symbol       size              file

SystemCoreClock     0x4               /home/greg/Documents/CLIMER/Firmware/lpc_chip_11cxx_lib/Debug/liblpc_chip_11cxx_lib.a(chip_11xx.o)

Discarded input sections

 .group         0x0000000000000000        0x8 ./src/BNO055.o
 .group         0x0000000000000000        0x8 ./src/BNO055.o
 .group         0x0000000000000000        0x8 ./src/BNO055.o
 .group         0x0000000000000000        0x8 ./src/BNO055.o
 .group         0x0000000000000000        0x8 ./src/BNO055.o
 .group         0x0000000000000000        0x8 ./src/BNO055.o
 .group         0x0000000000000000        0x8 ./src/BNO055.o
 .group         0x0000000000000000        0x8 ./src/BNO055.o
 .group         0x0000000000000000        0x8 ./src/BNO055.o
 .group         0x0000000000000000        0x8 ./src/BNO055.o
 .group         0x0000000000000000        0x8 ./src/BNO055.o
 .group         0x0000000000000000        0x8 ./src/BNO055.o
 .group         0x0000000000000000        0x8 ./src/BNO055.o
 .group         0x0000000000000000        0x8 ./src/BNO055.o
 .group         0x0000000000000000        0x8 ./src/BNO055.o
 .group         0x0000000000000000        0x8 ./src/BNO055.o
 .group         0x0000000000000000        0x8 ./src/BNO055.o
 .group         0x0000000000000000        0x8 ./src/BNO055.o
 .group         0x0000000000000000        0x8 ./src/BNO055.o
 .group         0x0000000000000000        0x8 ./src/BNO055.o
 .group         0x0000000000000000        0x8 ./src/BNO055.o
 .group         0x0000000000000000        0x8 ./src/BNO055.o
 .group         0x0000000000000000        0x8 ./src/BNO055.o
 .group         0x0000000000000000        0x8 ./src/BNO055.o
 .group         0x0000000000000000        0x8 ./src/BNO055.o
 .text          0x0000000000000000        0x0 ./src/BNO055.o
 .data          0x0000000000000000        0x0 ./src/BNO055.o
[...]
Memory Configuration

Name             Origin             Length             Attributes
MFlash32         0x0000000000000000 0x0000000000008000 xr
RamLoc8          0x0000000010000100 0x0000000000001f00 xrw
RAM_00           0x0000000010000000 0x0000000000000100 xrw
*default*        0x0000000000000000 0xffffffffffffffff

Linker script and memory map

LOAD ./src/BNO055.o
LOAD ./src/BNO_CAN.o
LOAD ./src/SSD1306.o
LOAD ./src/cr_startup_lpc11xx.o
LOAD ./src/crp.o
LOAD ./src/fonts.o
LOAD ./src/sysinit.o
LOAD /home/greg/Documents/CLIMER/Firmware/lpc_chip_11cxx_lib/Debug/liblpc_chip_11cxx_lib.a
START GROUP
LOAD /usr/local/mcuxpressoide-10.1.1_606/ide/tools/bin/../lib/gcc/arm-none-eabi/6.3.1/../../../../arm-none-eabi/lib/thumb/v6-m/libcr_c.a
LOAD /usr/local/mcuxpressoide-10.1.1_606/ide/tools/bin/../lib/gcc/arm-none-eabi/6.3.1/thumb/v6-m/libcr_eabihelpers.a
END GROUP
                0x0000000000000000                __base_MFlash32 = 0x0
                0x0000000000000000                __base_Flash = 0x0
                0x0000000000008000                __top_MFlash32 = 0x8000
                0x0000000000008000                __top_Flash = 0x8000
                0x0000000010000100                __base_RamLoc8 = 0x10000100
                0x0000000010000100                __base_RAM = 0x10000100
                0x0000000010002000                __top_RamLoc8 = 0x10002000
                0x0000000010002000                __top_RAM = 0x10002000
                0x0000000010000000                __base_RAM_00 = 0x10000000
                0x0000000010000000                __base_RAM2 = 0x10000000
                0x0000000010000100                __top_RAM_00 = 0x10000100
                0x0000000010000100                __top_RAM2 = 0x10000100

.text           0x0000000000000000     0x3258
 FILL mask 0xff
                0x0000000000000000                __vectors_start__ = ABSOLUTE (.)
 *(.isr_vector)
 .isr_vector    0x0000000000000000       0xc0 ./src/cr_startup_lpc11xx.o
                0x0000000000000000                g_pfnVectors
                0x00000000000000c0                . = ALIGN (0x4)
                0x00000000000000c0                __section_table_start = .
                0x00000000000000c0                __data_section_table = .
                0x00000000000000c0        0x4 LONG 0x3258 LOADADDR (.data)
                0x00000000000000c4        0x4 LONG 0x10000100 ADDR (.data)
                0x00000000000000c8        0x4 LONG 0x44 SIZEOF (.data)
                0x00000000000000cc        0x4 LONG 0x3258 LOADADDR (.data_RAM2)
                0x00000000000000d0        0x4 LONG 0x10000000 ADDR (.data_RAM2)
                0x00000000000000d4        0x4 LONG 0x0 SIZEOF (.data_RAM2)
                0x00000000000000d8                __data_section_table_end = .
                0x00000000000000d8                __bss_section_table = .
                0x00000000000000d8        0x4 LONG 0x10000144 ADDR (.bss)
                0x00000000000000dc        0x4 LONG 0x42c SIZEOF (.bss)
                0x00000000000000e0        0x4 LONG 0x10000000 ADDR (.bss_RAM2)
                0x00000000000000e4        0x4 LONG 0x0 SIZEOF (.bss_RAM2)
                0x00000000000000e8                __bss_section_table_end = .
                0x00000000000000e8                __section_table_end = .
 *(.after_vectors*)
 .after_vectors
                0x00000000000000e8      0x118 ./src/cr_startup_lpc11xx.o
                0x00000000000000e8                data_init
                0x0000000000000128                bss_init
                0x000000000000015c                ResetISR
                0x00000000000001dc                NMI_Handler
                0x00000000000001e2                HardFault_Handler
                0x00000000000001e8                SVC_Handler
                0x00000000000001ee                PendSV_Handler
                0x00000000000001f4                SysTick_Handler
                0x00000000000001fa                TIMER16_0_IRQHandler
                0x00000000000001fa                UART_IRQHandler
                0x00000000000001fa                TIMER32_0_IRQHandler
                0x00000000000001fa                TIMER32_1_IRQHandler
                0x00000000000001fa                IntDefaultHandler
                0x00000000000001fa                PIOINT1_IRQHandler
                0x00000000000001fa                SSP0_IRQHandler
                0x00000000000001fa                TIMER16_1_IRQHandler
                0x00000000000001fa                ADC_IRQHandler
                0x00000000000001fa                SSP1_IRQHandler
                0x00000000000001fa                PIOINT2_IRQHandler
                0x00000000000001fa                BOD_IRQHandler
                0x00000000000001fa                WAKEUP_IRQHandler
                0x00000000000001fa                PIOINT0_IRQHandler
                0x00000000000001fa                I2C_IRQHandler
                0x00000000000001fa                WDT_IRQHandler
                0x00000000000001fa                PIOINT3_IRQHandler
 *(.text*)
 .text.init_BNO055
                0x0000000000000200       0xfc ./src/BNO055.o
                0x0000000000000200                init_BNO055
 .text.get_Euler
                0x00000000000002fc       0x4c ./src/BNO055.o
                0x00000000000002fc                get_Euler
 .text.NVIC_EnableIRQ
                0x0000000000000348       0x2c ./src/BNO_CAN.o
 .text.NVIC_DisableIRQ
                0x0000000000000374       0x30 ./src/BNO_CAN.o
 .text.Chip_SYSCTL_AssertPeriphReset
                0x00000000000003a4       0x30 ./src/BNO_CAN.o
 .text.Chip_SYSCTL_DeassertPeriphReset
                0x00000000000003d4       0x2c ./src/BNO_CAN.o
 .text.Chip_SYSCTL_PeriphReset
                0x0000000000000400       0x28 ./src/BNO_CAN.o
 .text.Chip_IOCON_PinMuxSet
                0x0000000000000428       0x28 ./src/BNO_CAN.o
 .text.main     0x0000000000000450       0xc2 ./src/BNO_CAN.o
                0x0000000000000450                main
 *fill*         0x0000000000000512        0x2 ff
 .text.I2C_Init
                0x0000000000000514       0x58 ./src/BNO_CAN.o
                0x0000000000000514                I2C_Init
 .text.CAN_Init
                0x000000000000056c      0x108 ./src/BNO_CAN.o
                0x000000000000056c                CAN_Init
 .text.CAN_IRQHandler
                0x0000000000000674       0x18 ./src/BNO_CAN.o
                0x0000000000000674                CAN_IRQHandler
 .text.CAN_rx   0x000000000000068c       0x5c ./src/BNO_CAN.o
                0x000000000000068c                CAN_rx
 .text.CAN_tx   0x00000000000006e8       0x38 ./src/BNO_CAN.o
                0x00000000000006e8                CAN_tx
 .text.CAN_error
                0x0000000000000720       0x10 ./src/BNO_CAN.o
                0x0000000000000720                CAN_error
 .text.LED_Init
                0x0000000000000730       0x54 ./src/BNO_CAN.o
                0x0000000000000730                LED_Init
 .text.LED_setvalue
                0x0000000000000784       0x40 ./src/BNO_CAN.o
                0x0000000000000784                LED_setvalue
 .text.support_routine_I2C_Write_command
                0x00000000000007c4       0x3c ./src/SSD1306.o
                0x00000000000007c4                support_routine_I2C_Write_command
 .text.configure_SSD1306
                0x0000000000000800      0x128 ./src/SSD1306.o
                0x0000000000000800                configure_SSD1306
 .text.SSD1306_Fill
                0x0000000000000928       0x34 ./src/SSD1306.o
                0x0000000000000928                SSD1306_Fill
 .text.SSD1306_UpdateOLED
                0x000000000000095c       0x60 ./src/SSD1306.o
                0x000000000000095c                SSD1306_UpdateOLED
 .text.write_multiple_SSD1306
                0x00000000000009bc       0x30 ./src/SSD1306.o
                0x00000000000009bc                write_multiple_SSD1306
 .text.SSD1306_DrawPixel
                0x00000000000009ec       0xdc ./src/SSD1306.o
                0x00000000000009ec                SSD1306_DrawPixel
 .text.SSD1306_GotoXY
                0x0000000000000ac8       0x30 ./src/SSD1306.o
                0x0000000000000ac8                SSD1306_GotoXY
 .text.SSD1306_Putc
                0x0000000000000af8       0xf8 ./src/SSD1306.o
                0x0000000000000af8                SSD1306_Putc
 .text.SSD1306_Puts
                0x0000000000000bf0       0x4c ./src/SSD1306.o
                0x0000000000000bf0                SSD1306_Puts
 .text.SSD1306_DrawLine
                0x0000000000000c3c      0x334 ./src/SSD1306.o
                0x0000000000000c3c                SSD1306_DrawLine
 .text.SSD1306_DrawFilledCircle
                0x0000000000000f70      0x2b0 ./src/SSD1306.o
                0x0000000000000f70                SSD1306_DrawFilledCircle
 .text.SystemInit
                0x0000000000001220        0xe ./src/sysinit.o
                0x0000000000001220                SystemInit
 *fill*         0x000000000000122e        0x2 ff
 .text.SystemCoreClockUpdate
                0x0000000000001230       0x18 /home/greg/Documents/CLIMER/Firmware/lpc_chip_11cxx_lib/Debug/liblpc_chip_11cxx_lib.a(chip_11xx.o)
                0x0000000000001230                SystemCoreClockUpdate
 .text.Chip_Clock_GetMainOscRate
                0x0000000000001248       0x14 /home/greg/Documents/CLIMER/Firmware/lpc_chip_11cxx_lib/Debug/liblpc_chip_11cxx_lib.a(clock_11xx.o)
 .text.Chip_Clock_GetIntOscRate
                0x000000000000125c       0x10 /home/greg/Documents/CLIMER/Firmware/lpc_chip_11cxx_lib/Debug/liblpc_chip_11cxx_lib.a(clock_11xx.o)
 .text.Chip_Clock_GetWDTLFORate
                0x000000000000126c       0x48 /home/greg/Documents/CLIMER/Firmware/lpc_chip_11cxx_lib/Debug/liblpc_chip_11cxx_lib.a(clock_11xx.o)
 .text.Chip_Clock_GetPLLFreq
                0x00000000000012b4       0x22 /home/greg/Documents/CLIMER/Firmware/lpc_chip_11cxx_lib/Debug/liblpc_chip_11cxx_lib.a(clock_11xx.o)
 *fill*         0x00000000000012d6        0x2 ff
 .text.Chip_Clock_SetSystemPLLSource
                0x00000000000012d8       0x2c /home/greg/Documents/CLIMER/Firmware/lpc_chip_11cxx_lib/Debug/liblpc_chip_11cxx_lib.a(clock_11xx.o)
                0x00000000000012d8                Chip_Clock_SetSystemPLLSource
 .text.Chip_Clock_SetMainClockSource
                0x0000000000001304       0x2c /home/greg/Documents/CLIMER/Firmware/lpc_chip_11cxx_lib/Debug/liblpc_chip_11cxx_lib.a(clock_11xx.o)
                0x0000000000001304                Chip_Clock_SetMainClockSource
 .text.Chip_Clock_GetWDTOSCRate
                0x0000000000001330       0x1c /home/greg/Documents/CLIMER/Firmware/lpc_chip_11cxx_lib/Debug/liblpc_chip_11cxx_lib.a(clock_11xx.o)
                0x0000000000001330                Chip_Clock_GetWDTOSCRate
 .text.Chip_Clock_GetSystemPLLInClockRate
                0x000000000000134c       0x40 /home/greg/Documents/CLIMER/Firmware/lpc_chip_11cxx_lib/Debug/liblpc_chip_11cxx_lib.a(clock_11xx.o)
                0x000000000000134c                Chip_Clock_GetSystemPLLInClockRate
 .text.Chip_Clock_GetSystemPLLOutClockRate
                0x000000000000138c       0x24 /home/greg/Documents/CLIMER/Firmware/lpc_chip_11cxx_lib/Debug/liblpc_chip_11cxx_lib.a(clock_11xx.o)
                0x000000000000138c                Chip_Clock_GetSystemPLLOutClockRate
 .text.Chip_Clock_GetMainClockRate
                0x00000000000013b0       0x64 /home/greg/Documents/CLIMER/Firmware/lpc_chip_11cxx_lib/Debug/liblpc_chip_11cxx_lib.a(clock_11xx.o)
                0x00000000000013b0                Chip_Clock_GetMainClockRate
 .text.Chip_Clock_GetSystemClockRate
                0x0000000000001414       0x24 /home/greg/Documents/CLIMER/Firmware/lpc_chip_11cxx_lib/Debug/liblpc_chip_11cxx_lib.a(clock_11xx.o)
                0x0000000000001414                Chip_Clock_GetSystemClockRate
 .text.Chip_Clock_EnablePeriphClock
                0x0000000000001438       0x30 /home/greg/Documents/CLIMER/Firmware/lpc_chip_11cxx_lib/Debug/liblpc_chip_11cxx_lib.a(i2c_11xx.o)
 .text.enableClk
                0x0000000000001468       0x34 /home/greg/Documents/CLIMER/Firmware/lpc_chip_11cxx_lib/Debug/liblpc_chip_11cxx_lib.a(i2c_11xx.o)
 .text.getClkRate
                0x000000000000149c       0x1a /home/greg/Documents/CLIMER/Firmware/lpc_chip_11cxx_lib/Debug/liblpc_chip_11cxx_lib.a(i2c_11xx.o)
 .text.startMasterXfer
                0x00000000000014b6       0x1c /home/greg/Documents/CLIMER/Firmware/lpc_chip_11cxx_lib/Debug/liblpc_chip_11cxx_lib.a(i2c_11xx.o)
 .text.startSlaverXfer
                0x00000000000014d2       0x1c /home/greg/Documents/CLIMER/Firmware/lpc_chip_11cxx_lib/Debug/liblpc_chip_11cxx_lib.a(i2c_11xx.o)
 .text.isI2CBusFree
                0x00000000000014ee       0x1e /home/greg/Documents/CLIMER/Firmware/lpc_chip_11cxx_lib/Debug/liblpc_chip_11cxx_lib.a(i2c_11xx.o)
 .text.getCurState
                0x000000000000150c       0x1a /home/greg/Documents/CLIMER/Firmware/lpc_chip_11cxx_lib/Debug/liblpc_chip_11cxx_lib.a(i2c_11xx.o)
 *fill*         0x0000000000001526        0x2 ff
 .text.handleMasterXferState
                0x0000000000001528      0x120 /home/greg/Documents/CLIMER/Firmware/lpc_chip_11cxx_lib/Debug/liblpc_chip_11cxx_lib.a(i2c_11xx.o)
                0x0000000000001528                handleMasterXferState
 .text.Chip_I2C_EventHandler
                0x0000000000001648       0x50 /home/greg/Documents/CLIMER/Firmware/lpc_chip_11cxx_lib/Debug/liblpc_chip_11cxx_lib.a(i2c_11xx.o)
                0x0000000000001648                Chip_I2C_EventHandler
 .text.Chip_I2C_EventHandlerPolling
                0x0000000000001698       0x68 /home/greg/Documents/CLIMER/Firmware/lpc_chip_11cxx_lib/Debug/liblpc_chip_11cxx_lib.a(i2c_11xx.o)
                0x0000000000001698                Chip_I2C_EventHandlerPolling
 .text.Chip_I2C_Init
                0x0000000000001700       0x38 /home/greg/Documents/CLIMER/Firmware/lpc_chip_11cxx_lib/Debug/liblpc_chip_11cxx_lib.a(i2c_11xx.o)
                0x0000000000001700                Chip_I2C_Init
 .text.Chip_I2C_SetClockRate
                0x0000000000001738       0x70 /home/greg/Documents/CLIMER/Firmware/lpc_chip_11cxx_lib/Debug/liblpc_chip_11cxx_lib.a(i2c_11xx.o)
                0x0000000000001738                Chip_I2C_SetClockRate
 .text.Chip_I2C_SetMasterEventHandler
                0x00000000000017a8       0x48 /home/greg/Documents/CLIMER/Firmware/lpc_chip_11cxx_lib/Debug/liblpc_chip_11cxx_lib.a(i2c_11xx.o)
                0x00000000000017a8                Chip_I2C_SetMasterEventHandler
 .text.Chip_I2C_MasterTransfer
                0x00000000000017f0       0xa4 /home/greg/Documents/CLIMER/Firmware/lpc_chip_11cxx_lib/Debug/liblpc_chip_11cxx_lib.a(i2c_11xx.o)
                0x00000000000017f0                Chip_I2C_MasterTransfer
 .text.Chip_I2C_MasterSend
                0x0000000000001894       0x78 /home/greg/Documents/CLIMER/Firmware/lpc_chip_11cxx_lib/Debug/liblpc_chip_11cxx_lib.a(i2c_11xx.o)
                0x0000000000001894                Chip_I2C_MasterSend
 .text.Chip_I2C_MasterCmdRead
                0x000000000000190c       0x84 /home/greg/Documents/CLIMER/Firmware/lpc_chip_11cxx_lib/Debug/liblpc_chip_11cxx_lib.a(i2c_11xx.o)
                0x000000000000190c                Chip_I2C_MasterCmdRead
 .text.Chip_I2C_MasterStateHandler
                0x0000000000001990       0x64 /home/greg/Documents/CLIMER/Firmware/lpc_chip_11cxx_lib/Debug/liblpc_chip_11cxx_lib.a(i2c_11xx.o)
                0x0000000000001990                Chip_I2C_MasterStateHandler
 .text.Chip_I2C_IsStateChanged
                0x00000000000019f4       0x34 /home/greg/Documents/CLIMER/Firmware/lpc_chip_11cxx_lib/Debug/liblpc_chip_11cxx_lib.a(i2c_11xx.o)
                0x00000000000019f4                Chip_I2C_IsStateChanged
 .text.Chip_FMC_SetFLASHAccess
                0x0000000000001a28       0x30 /home/greg/Documents/CLIMER/Firmware/lpc_chip_11cxx_lib/Debug/liblpc_chip_11cxx_lib.a(sysinit_11xx.o)
 .text.Chip_Clock_SetupSystemPLL
                0x0000000000001a58       0x38 /home/greg/Documents/CLIMER/Firmware/lpc_chip_11cxx_lib/Debug/liblpc_chip_11cxx_lib.a(sysinit_11xx.o)
 .text.Chip_Clock_IsSystemPLLLocked
                0x0000000000001a90       0x1c /home/greg/Documents/CLIMER/Firmware/lpc_chip_11cxx_lib/Debug/liblpc_chip_11cxx_lib.a(sysinit_11xx.o)
 .text.Chip_Clock_SetSysClockDiv
                0x0000000000001aac       0x1c /home/greg/Documents/CLIMER/Firmware/lpc_chip_11cxx_lib/Debug/liblpc_chip_11cxx_lib.a(sysinit_11xx.o)
 .text.Chip_Clock_EnablePeriphClock
                0x0000000000001ac8       0x30 /home/greg/Documents/CLIMER/Firmware/lpc_chip_11cxx_lib/Debug/liblpc_chip_11cxx_lib.a(sysinit_11xx.o)
 .text.Chip_SystemInit
                0x0000000000001af8       0x5c /home/greg/Documents/CLIMER/Firmware/lpc_chip_11cxx_lib/Debug/liblpc_chip_11cxx_lib.a(sysinit_11xx.o)
                0x0000000000001af8                Chip_SystemInit
 .text.Chip_UART_SendByte
                0x0000000000001b54       0x1e /home/greg/Documents/CLIMER/Firmware/lpc_chip_11cxx_lib/Debug/liblpc_chip_11cxx_lib.a(uart_11xx.o)
 .text.Chip_UART_ReadLineStatus
                0x0000000000001b72       0x14 /home/greg/Documents/CLIMER/Firmware/lpc_chip_11cxx_lib/Debug/liblpc_chip_11cxx_lib.a(uart_11xx.o)
 .text.Chip_UART_Send
                0x0000000000001b86       0x52 /home/greg/Documents/CLIMER/Firmware/lpc_chip_11cxx_lib/Debug/liblpc_chip_11cxx_lib.a(uart_11xx.o)
                0x0000000000001b86                Chip_UART_Send
 .text.Chip_UART_SendBlocking
                0x0000000000001bd8       0x4e /home/greg/Documents/CLIMER/Firmware/lpc_chip_11cxx_lib/Debug/liblpc_chip_11cxx_lib.a(uart_11xx.o)
                0x0000000000001bd8                Chip_UART_SendBlocking
 *fill*         0x0000000000001c26        0x2 ff
 .text.Chip_SYSCTL_PowerDown
                0x0000000000001c28       0x40 /home/greg/Documents/CLIMER/Firmware/lpc_chip_11cxx_lib/Debug/liblpc_chip_11cxx_lib.a(sysctl_11xx.o)
                0x0000000000001c28                Chip_SYSCTL_PowerDown
 .text.Chip_SYSCTL_PowerUp
                0x0000000000001c68       0x40 /home/greg/Documents/CLIMER/Firmware/lpc_chip_11cxx_lib/Debug/liblpc_chip_11cxx_lib.a(sysctl_11xx.o)
                0x0000000000001c68                Chip_SYSCTL_PowerUp
 .text.memset   0x0000000000001ca8        0x8 /usr/local/mcuxpressoide-10.1.1_606/ide/tools/bin/../lib/gcc/arm-none-eabi/6.3.1/../../../../arm-none-eabi/lib/thumb/v6-m/libcr_c.a(memset.o)
                0x0000000000001ca8                memset
 .text.__weak_main
                0x0000000000001cb0        0x8 /usr/local/mcuxpressoide-10.1.1_606/ide/tools/bin/../lib/gcc/arm-none-eabi/6.3.1/../../../../arm-none-eabi/lib/thumb/v6-m/libcr_c.a(__weak__main.o)
                0x0000000000001cb0                __main
                0x0000000000001cb0                __weak_main
 .text.__aeabi_division_idivmod
                0x0000000000001cb8       0x78 /usr/local/mcuxpressoide-10.1.1_606/ide/tools/bin/../lib/gcc/arm-none-eabi/6.3.1/thumb/v6-m/libcr_eabihelpers.a(division_32.o)
                0x0000000000001cb8                __aeabi_idiv
                0x0000000000001cb8                __aeabi_idivmod
                0x0000000000001cbe                __aeabi_uidiv
                0x0000000000001cbe                __aeabi_uidivmod
 .text.__aeabi_division_idiv0
                0x0000000000001d30        0x2 /usr/local/mcuxpressoide-10.1.1_606/ide/tools/bin/../lib/gcc/arm-none-eabi/6.3.1/thumb/v6-m/libcr_eabihelpers.a(division_idiv0.o)
                0x0000000000001d30                __aeabi_idiv0
 .text.__aeabi_memset_lowlevel
                0x0000000000001d32       0x2a /usr/local/mcuxpressoide-10.1.1_606/ide/tools/bin/../lib/gcc/arm-none-eabi/6.3.1/thumb/v6-m/libcr_eabihelpers.a(memcpy.o)
                0x0000000000001d32                __aeabi_lowlevel_memset
 *(.rodata .rodata.* .constdata .constdata.*)
 .rodata        0x0000000000001d5c        0x7 ./src/SSD1306.o
 *fill*         0x0000000000001d63        0x1 ff
 .rodata.Font16x26
                0x0000000000001d64     0x134c ./src/fonts.o
                0x0000000000001d64                Font16x26
 .rodata.OscRateIn
                0x00000000000030b0        0x4 ./src/sysinit.o
                0x00000000000030b0                OscRateIn
 .rodata.wdtOSCRate
                0x00000000000030b4       0x40 /home/greg/Documents/CLIMER/Firmware/lpc_chip_11cxx_lib/Debug/liblpc_chip_11cxx_lib.a(clock_11xx.o)
 .rodata.handleMasterXferState
                0x00000000000030f4      0x164 /home/greg/Documents/CLIMER/Firmware/lpc_chip_11cxx_lib/Debug/liblpc_chip_11cxx_lib.a(i2c_11xx.o)
                0x0000000000003258                . = ALIGN (0x4)

.glue_7         0x0000000000003258        0x0
 .glue_7        0x0000000000003258        0x0 linker stubs

.glue_7t        0x0000000000003258        0x0
 .glue_7t       0x0000000000003258        0x0 linker stubs

.vfp11_veneer   0x0000000000003258        0x0
 .vfp11_veneer  0x0000000000003258        0x0 linker stubs

.v4_bx          0x0000000000003258        0x0
 .v4_bx         0x0000000000003258        0x0 linker stubs

.iplt           0x0000000000003258        0x0
 .iplt          0x0000000000003258        0x0 ./src/BNO055.o

.rel.dyn        0x0000000000003258        0x0
 .rel.iplt      0x0000000000003258        0x0 ./src/BNO055.o

.ARM.extab
 *(.ARM.extab* .gnu.linkonce.armextab.*)
                0x0000000000003258                __exidx_start = .

.ARM.exidx
 *(.ARM.exidx* .gnu.linkonce.armexidx.*)
                0x0000000000003258                __exidx_end = .
                0x0000000000003258                _etext = .

.data_RAM2      0x0000000010000000        0x0 load address 0x0000000000003258
 FILL mask 0xff
                [!provide]                        PROVIDE (__start_data_RAM2, .)
 *(.ramfunc.$RAM2)
 *(.ramfunc.$RAM_00)
 *(.data.$RAM2*)
 *(.data.$RAM_00*)
                0x0000000010000000                . = ALIGN (0x4)
                [!provide]                        PROVIDE (__end_data_RAM2, .)

.uninit_RESERVED
                0x0000000010000100        0x0
 *(.bss.$RESERVED*)
                0x0000000010000100                . = ALIGN (0x4)
                0x0000000010000100                _end_uninit_RESERVED = .

.data           0x0000000010000100       0x44 load address 0x0000000000003258
 FILL mask 0xff
                0x0000000010000100                _data = .
 *(vtable)
 *(.ramfunc*)
 *(.data*)
 .data.callbacks
                0x0000000010000100       0x20 ./src/BNO_CAN.o
                0x0000000010000100                callbacks
 .data.Font_16x26
                0x0000000010000120        0x8 ./src/fonts.o
                0x0000000010000120                Font_16x26
 .data.i2c      0x0000000010000128       0x1c /home/greg/Documents/CLIMER/Firmware/lpc_chip_11cxx_lib/Debug/liblpc_chip_11cxx_lib.a(i2c_11xx.o)
                0x0000000010000144                . = ALIGN (0x4)
                0x0000000010000144                _edata = .

.igot.plt       0x0000000010000144        0x0 load address 0x000000000000329c
 .igot.plt      0x0000000010000144        0x0 ./src/BNO055.o

.bss_RAM2       0x0000000010000000        0x0
                [!provide]                        PROVIDE (__start_bss_RAM2, .)
 *(.bss.$RAM2*)
 *(.bss.$RAM_00*)
                0x0000000010000000                . = ALIGN ((. != 0x0)?0x4:0x1)
                [!provide]                        PROVIDE (__end_bss_RAM2, .)

.bss            0x0000000010000144      0x42c
                0x0000000010000144                _bss = .
 *(.bss*)
 .bss.CanApiClkInitTable
                0x0000000010000144        0x8 ./src/BNO_CAN.o
                0x0000000010000144                CanApiClkInitTable
 .bss.msg_obj   0x000000001000014c       0x14 ./src/BNO_CAN.o
                0x000000001000014c                msg_obj
 .bss.SSD1306_Buffer
                0x0000000010000160      0x400 ./src/SSD1306.o
 .bss.SSD1306   0x0000000010000560        0x6 ./src/SSD1306.o
 *fill*         0x0000000010000566        0x2 
 .bss.config.6145
                0x0000000010000568        0x2 ./src/SSD1306.o
 *(COMMON)
 *fill*         0x000000001000056a        0x2 
 COMMON         0x000000001000056c        0x4 /home/greg/Documents/CLIMER/Firmware/lpc_chip_11cxx_lib/Debug/liblpc_chip_11cxx_lib.a(chip_11xx.o)
                0x000000001000056c                SystemCoreClock
                0x0000000010000570                . = ALIGN (0x4)
                0x0000000010000570                _ebss = .
                [!provide]                        PROVIDE (end, .)

.noinit_RAM2    0x0000000010000000        0x0
 *(.noinit.$RAM2*)
 *(.noinit.$RAM_00*)
                0x0000000010000000                . = ALIGN (0x4)

.noinit         0x0000000010000570        0x0
                0x0000000010000570                _noinit = .
 *(.noinit*)
                0x0000000010000570                . = ALIGN (0x4)
                0x0000000010000570                _end_noinit = .
                [!provide]                        PROVIDE (_pvHeapStart, DEFINED (__user_heap_base)?__user_heap_base:.)
                0x0000000010002000                PROVIDE (_vStackTop, DEFINED (__user_stack_top)?__user_stack_top:(__top_RamLoc8 - 0x0))
                0xffffffffefffdae3                PROVIDE (__valid_user_code_checksum, (0x0 - (((_vStackTop + (ResetISR + 0x1)) + (DEFINED (NMI_Handler)?NMI_Handler:M0_NMI_Handler + 0x1)) + (DEFINED (HardFault_Handler)?HardFault_Handler:M0_HardFault_Handler + 0x1))))
                0x0000000000000000                _image_start = LOADADDR (.text)
                0x000000000000329c                _image_end = (LOADADDR (.data) + SIZEOF (.data))
                0x000000000000329c                _image_size = (_image_end - _image_start)
OUTPUT(BNO_CAN.axf elf32-littlearm)

.debug_info     0x0000000000000000     0x5db9
 .debug_info    0x0000000000000000      0x247 ./src/BNO055.o
 .debug_info    0x0000000000000247     0x15a7 ./src/BNO_CAN.o
 .debug_info    0x00000000000017ee      0x8ec ./src/SSD1306.o
 .debug_info    0x00000000000020da      0x20b ./src/cr_startup_lpc11xx.o
 .debug_info    0x00000000000022e5      0x252 ./src/fonts.o
 .debug_info    0x0000000000002537      0x117 ./src/sysinit.o
 .debug_info    0x000000000000264e      0x10a /home/greg/Documents/CLIMER/Firmware/lpc_chip_11cxx_lib/Debug/liblpc_chip_11cxx_lib.a(chip_11xx.o)
 .debug_info    0x0000000000002758      0x8d0 /home/greg/Documents/CLIMER/Firmware/lpc_chip_11cxx_lib/Debug/liblpc_chip_11cxx_lib.a(clock_11xx.o)
 .debug_info    0x0000000000003028     0x10e6 /home/greg/Documents/CLIMER/Firmware/lpc_chip_11cxx_lib/Debug/liblpc_chip_11cxx_lib.a(i2c_11xx.o)
 .debug_info    0x000000000000410e      0x820 /home/greg/Documents/CLIMER/Firmware/lpc_chip_11cxx_lib/Debug/liblpc_chip_11cxx_lib.a(sysinit_11xx.o)
 .debug_info    0x000000000000492e      0xebf /home/greg/Documents/CLIMER/Firmware/lpc_chip_11cxx_lib/Debug/liblpc_chip_11cxx_lib.a(uart_11xx.o)
 .debug_info    0x00000000000057ed      0x5cc /home/greg/Documents/CLIMER/Firmware/lpc_chip_11cxx_lib/Debug/liblpc_chip_11cxx_lib.a(sysctl_11xx.o)

.debug_abbrev   0x0000000000000000     0x136b
 .debug_abbrev  0x0000000000000000      0x139 ./src/BNO055.o
 .debug_abbrev  0x0000000000000139      0x32c ./src/BNO_CAN.o
 .debug_abbrev  0x0000000000000465      0x1ef ./src/SSD1306.o
 .debug_abbrev  0x0000000000000654       0xf4 ./src/cr_startup_lpc11xx.o
 .debug_abbrev  0x0000000000000748       0xfe ./src/fonts.o
 .debug_abbrev  0x0000000000000846       0xa6 ./src/sysinit.o
 .debug_abbrev  0x00000000000008ec       0xa6 /home/greg/Documents/CLIMER/Firmware/lpc_chip_11cxx_lib/Debug/liblpc_chip_11cxx_lib.a(chip_11xx.o)
 .debug_abbrev  0x0000000000000992      0x1e6 /home/greg/Documents/CLIMER/Firmware/lpc_chip_11cxx_lib/Debug/liblpc_chip_11cxx_lib.a(clock_11xx.o)
 .debug_abbrev  0x0000000000000b78      0x304 /home/greg/Documents/CLIMER/Firmware/lpc_chip_11cxx_lib/Debug/liblpc_chip_11cxx_lib.a(i2c_11xx.o)
 .debug_abbrev  0x0000000000000e7c      0x1ad /home/greg/Documents/CLIMER/Firmware/lpc_chip_11cxx_lib/Debug/liblpc_chip_11cxx_lib.a(sysinit_11xx.o)
 .debug_abbrev  0x0000000000001029      0x236 /home/greg/Documents/CLIMER/Firmware/lpc_chip_11cxx_lib/Debug/liblpc_chip_11cxx_lib.a(uart_11xx.o)
 .debug_abbrev  0x000000000000125f      0x10c /home/greg/Documents/CLIMER/Firmware/lpc_chip_11cxx_lib/Debug/liblpc_chip_11cxx_lib.a(sysctl_11xx.o)

.debug_aranges  0x0000000000000000      0x548
 .debug_aranges
                0x0000000000000000       0x30 ./src/BNO055.o
 .debug_aranges
                0x0000000000000030       0x98 ./src/BNO_CAN.o
 .debug_aranges
                0x00000000000000c8       0xa0 ./src/SSD1306.o
 .debug_aranges
                0x0000000000000168       0x60 ./src/cr_startup_lpc11xx.o
 .debug_aranges
                0x00000000000001c8       0x20 ./src/fonts.o
 .debug_aranges
                0x00000000000001e8       0x20 ./src/sysinit.o
 .debug_aranges
                0x0000000000000208       0x20 /home/greg/Documents/CLIMER/Firmware/lpc_chip_11cxx_lib/Debug/liblpc_chip_11cxx_lib.a(chip_11xx.o)
 .debug_aranges
                0x0000000000000228       0x88 /home/greg/Documents/CLIMER/Firmware/lpc_chip_11cxx_lib/Debug/liblpc_chip_11cxx_lib.a(clock_11xx.o)
 .debug_aranges
                0x00000000000002b0      0x128 /home/greg/Documents/CLIMER/Firmware/lpc_chip_11cxx_lib/Debug/liblpc_chip_11cxx_lib.a(i2c_11xx.o)
 .debug_aranges
                0x00000000000003d8       0x48 /home/greg/Documents/CLIMER/Firmware/lpc_chip_11cxx_lib/Debug/liblpc_chip_11cxx_lib.a(sysinit_11xx.o)
 .debug_aranges
                0x0000000000000420       0xf0 /home/greg/Documents/CLIMER/Firmware/lpc_chip_11cxx_lib/Debug/liblpc_chip_11cxx_lib.a(uart_11xx.o)
 .debug_aranges
                0x0000000000000510       0x38 /home/greg/Documents/CLIMER/Firmware/lpc_chip_11cxx_lib/Debug/liblpc_chip_11cxx_lib.a(sysctl_11xx.o)

.debug_ranges   0x0000000000000000      0x488
 .debug_ranges  0x0000000000000000       0x20 ./src/BNO055.o
 .debug_ranges  0x0000000000000020       0x88 ./src/BNO_CAN.o
 .debug_ranges  0x00000000000000a8       0x90 ./src/SSD1306.o
 .debug_ranges  0x0000000000000138       0x50 ./src/cr_startup_lpc11xx.o
 .debug_ranges  0x0000000000000188       0x10 ./src/fonts.o
 .debug_ranges  0x0000000000000198       0x10 ./src/sysinit.o
 .debug_ranges  0x00000000000001a8       0x10 /home/greg/Documents/CLIMER/Firmware/lpc_chip_11cxx_lib/Debug/liblpc_chip_11cxx_lib.a(chip_11xx.o)
 .debug_ranges  0x00000000000001b8       0x78 /home/greg/Documents/CLIMER/Firmware/lpc_chip_11cxx_lib/Debug/liblpc_chip_11cxx_lib.a(clock_11xx.o)
 .debug_ranges  0x0000000000000230      0x118 /home/greg/Documents/CLIMER/Firmware/lpc_chip_11cxx_lib/Debug/liblpc_chip_11cxx_lib.a(i2c_11xx.o)
 .debug_ranges  0x0000000000000348       0x38 /home/greg/Documents/CLIMER/Firmware/lpc_chip_11cxx_lib/Debug/liblpc_chip_11cxx_lib.a(sysinit_11xx.o)
 .debug_ranges  0x0000000000000380       0xe0 /home/greg/Documents/CLIMER/Firmware/lpc_chip_11cxx_lib/Debug/liblpc_chip_11cxx_lib.a(uart_11xx.o)
 .debug_ranges  0x0000000000000460       0x28 /home/greg/Documents/CLIMER/Firmware/lpc_chip_11cxx_lib/Debug/liblpc_chip_11cxx_lib.a(sysctl_11xx.o)

.debug_macro    0x0000000000000000     0x38e4
 .debug_macro   0x0000000000000000      0x157 ./src/BNO055.o
 .debug_macro   0x0000000000000157      0x8c2 ./src/BNO055.o
 .debug_macro   0x0000000000000a19       0x10 ./src/BNO055.o
 .debug_macro   0x0000000000000a29      0x12d ./src/BNO055.o
 .debug_macro   0x0000000000000b56      0x5b2 ./src/BNO055.o
 .debug_macro   0x0000000000001108       0x70 ./src/BNO055.o
 .debug_macro   0x0000000000001178       0x22 ./src/BNO055.o
 .debug_macro   0x000000000000119a       0x7b ./src/BNO055.o
 .debug_macro   0x0000000000001215       0x10 ./src/BNO055.o
 .debug_macro   0x0000000000001225       0x1f ./src/BNO055.o
 .debug_macro   0x0000000000001244       0x3a ./src/BNO055.o
 .debug_macro   0x000000000000127e      0x241 ./src/BNO055.o
 .debug_macro   0x00000000000014bf      0x117 ./src/BNO055.o
 .debug_macro   0x00000000000015d6       0x22 ./src/BNO055.o
 .debug_macro   0x00000000000015f8       0xb2 ./src/BNO055.o
 .debug_macro   0x00000000000016aa       0x10 ./src/BNO055.o
 .debug_macro   0x00000000000016ba      0x137 ./src/BNO055.o
 .debug_macro   0x00000000000017f1       0x4c ./src/BNO055.o
 .debug_macro   0x000000000000183d       0x16 ./src/BNO055.o
 .debug_macro   0x0000000000001853      0x31a ./src/BNO055.o
 .debug_macro   0x0000000000001b6d       0x2e ./src/BNO055.o
 .debug_macro   0x0000000000001b9b       0xb8 ./src/BNO055.o
 .debug_macro   0x0000000000001c53       0x11 ./src/BNO055.o
 .debug_macro   0x0000000000001c64       0x7c ./src/BNO055.o
 .debug_macro   0x0000000000001ce0      0x21c ./src/BNO055.o
 .debug_macro   0x0000000000001efc      0x113 ./src/BNO055.o
 .debug_macro   0x000000000000200f      0x1d7 ./src/BNO_CAN.o
 .debug_macro   0x00000000000021e6       0x82 ./src/BNO_CAN.o
 .debug_macro   0x0000000000002268       0x9a ./src/BNO_CAN.o
 .debug_macro   0x0000000000002302       0x22 ./src/BNO_CAN.o
 .debug_macro   0x0000000000002324       0x46 ./src/BNO_CAN.o
 .debug_macro   0x000000000000236a       0x76 ./src/BNO_CAN.o
 .debug_macro   0x00000000000023e0      0x195 ./src/SSD1306.o
 .debug_macro   0x0000000000002575       0xa0 ./src/SSD1306.o
 .debug_macro   0x0000000000002615       0x74 ./src/SSD1306.o
 .debug_macro   0x0000000000002689       0x1d ./src/cr_startup_lpc11xx.o
 .debug_macro   0x00000000000026a6       0x5a ./src/fonts.o
 .debug_macro   0x0000000000002700      0x148 ./src/sysinit.o
 .debug_macro   0x0000000000002848      0x148 /home/greg/Documents/CLIMER/Firmware/lpc_chip_11cxx_lib/Debug/liblpc_chip_11cxx_lib.a(chip_11xx.o)
 .debug_macro   0x0000000000002990      0x8b0 /home/greg/Documents/CLIMER/Firmware/lpc_chip_11cxx_lib/Debug/liblpc_chip_11cxx_lib.a(chip_11xx.o)
 .debug_macro   0x0000000000003240      0x148 /home/greg/Documents/CLIMER/Firmware/lpc_chip_11cxx_lib/Debug/liblpc_chip_11cxx_lib.a(clock_11xx.o)
 .debug_macro   0x0000000000003388      0x15a /home/greg/Documents/CLIMER/Firmware/lpc_chip_11cxx_lib/Debug/liblpc_chip_11cxx_lib.a(i2c_11xx.o)
 .debug_macro   0x00000000000034e2      0x148 /home/greg/Documents/CLIMER/Firmware/lpc_chip_11cxx_lib/Debug/liblpc_chip_11cxx_lib.a(sysinit_11xx.o)
 .debug_macro   0x000000000000362a      0x148 /home/greg/Documents/CLIMER/Firmware/lpc_chip_11cxx_lib/Debug/liblpc_chip_11cxx_lib.a(uart_11xx.o)
 .debug_macro   0x0000000000003772      0x172 /home/greg/Documents/CLIMER/Firmware/lpc_chip_11cxx_lib/Debug/liblpc_chip_11cxx_lib.a(sysctl_11xx.o)

.debug_line     0x0000000000000000     0x2bf5
 .debug_line    0x0000000000000000      0x37a ./src/BNO055.o
 .debug_line    0x000000000000037a      0x54c ./src/BNO_CAN.o
 .debug_line    0x00000000000008c6      0x653 ./src/SSD1306.o
 .debug_line    0x0000000000000f19       0xb8 ./src/cr_startup_lpc11xx.o
 .debug_line    0x0000000000000fd1      0x15f ./src/fonts.o
 .debug_line    0x0000000000001130      0x2b4 ./src/sysinit.o
 .debug_line    0x00000000000013e4      0x2b6 /home/greg/Documents/CLIMER/Firmware/lpc_chip_11cxx_lib/Debug/liblpc_chip_11cxx_lib.a(chip_11xx.o)
 .debug_line    0x000000000000169a      0x3e1 /home/greg/Documents/CLIMER/Firmware/lpc_chip_11cxx_lib/Debug/liblpc_chip_11cxx_lib.a(clock_11xx.o)
 .debug_line    0x0000000000001a7b      0x634 /home/greg/Documents/CLIMER/Firmware/lpc_chip_11cxx_lib/Debug/liblpc_chip_11cxx_lib.a(i2c_11xx.o)
 .debug_line    0x00000000000020af      0x32d /home/greg/Documents/CLIMER/Firmware/lpc_chip_11cxx_lib/Debug/liblpc_chip_11cxx_lib.a(sysinit_11xx.o)
 .debug_line    0x00000000000023dc      0x526 /home/greg/Documents/CLIMER/Firmware/lpc_chip_11cxx_lib/Debug/liblpc_chip_11cxx_lib.a(uart_11xx.o)
 .debug_line    0x0000000000002902      0x2f3 /home/greg/Documents/CLIMER/Firmware/lpc_chip_11cxx_lib/Debug/liblpc_chip_11cxx_lib.a(sysctl_11xx.o)

.debug_str      0x0000000000000000     0xacaf
 .debug_str     0x0000000000000000     0x7fdc ./src/BNO055.o
                                       0x80d4 (size before relaxing)
 .debug_str     0x0000000000007fdc     0x173d ./src/BNO_CAN.o
                                       0x97f9 (size before relaxing)
 .debug_str     0x0000000000009719      0x1c5 ./src/SSD1306.o
                                       0x856d (size before relaxing)
 .debug_str     0x00000000000098de      0x18c ./src/cr_startup_lpc11xx.o
                                       0x26a9 (size before relaxing)
 .debug_str     0x0000000000009a6a       0x5f ./src/fonts.o
                                       0x3cf6 (size before relaxing)
 .debug_str     0x0000000000009ac9       0x11 ./src/sysinit.o
                                       0x7e80 (size before relaxing)
 .debug_str     0x0000000000009ada      0x114 /home/greg/Documents/CLIMER/Firmware/lpc_chip_11cxx_lib/Debug/liblpc_chip_11cxx_lib.a(chip_11xx.o)
                                       0x7e4b (size before relaxing)
 .debug_str     0x0000000000009bee      0x555 /home/greg/Documents/CLIMER/Firmware/lpc_chip_11cxx_lib/Debug/liblpc_chip_11cxx_lib.a(clock_11xx.o)
                                       0x861f (size before relaxing)
 .debug_str     0x000000000000a143      0x5d6 /home/greg/Documents/CLIMER/Firmware/lpc_chip_11cxx_lib/Debug/liblpc_chip_11cxx_lib.a(i2c_11xx.o)
                                       0x8856 (size before relaxing)
 .debug_str     0x000000000000a719      0x136 /home/greg/Documents/CLIMER/Firmware/lpc_chip_11cxx_lib/Debug/liblpc_chip_11cxx_lib.a(sysinit_11xx.o)
                                       0x84c2 (size before relaxing)
 .debug_str     0x000000000000a84f      0x2c1 /home/greg/Documents/CLIMER/Firmware/lpc_chip_11cxx_lib/Debug/liblpc_chip_11cxx_lib.a(uart_11xx.o)
                                       0x85d3 (size before relaxing)
 .debug_str     0x000000000000ab10      0x19f /home/greg/Documents/CLIMER/Firmware/lpc_chip_11cxx_lib/Debug/liblpc_chip_11cxx_lib.a(sysctl_11xx.o)
                                       0x8269 (size before relaxing)

.comment        0x0000000000000000       0x7f
 .comment       0x0000000000000000       0x7f ./src/BNO055.o
                                         0x80 (size before relaxing)
 .comment       0x000000000000007f       0x80 ./src/BNO_CAN.o
 .comment       0x000000000000007f       0x80 ./src/SSD1306.o
 .comment       0x000000000000007f       0x80 ./src/cr_startup_lpc11xx.o
 .comment       0x000000000000007f       0x80 ./src/fonts.o
 .comment       0x000000000000007f       0x80 ./src/sysinit.o
 .comment       0x000000000000007f       0x80 /home/greg/Documents/CLIMER/Firmware/lpc_chip_11cxx_lib/Debug/liblpc_chip_11cxx_lib.a(chip_11xx.o)
 .comment       0x000000000000007f       0x80 /home/greg/Documents/CLIMER/Firmware/lpc_chip_11cxx_lib/Debug/liblpc_chip_11cxx_lib.a(clock_11xx.o)
 .comment       0x000000000000007f       0x80 /home/greg/Documents/CLIMER/Firmware/lpc_chip_11cxx_lib/Debug/liblpc_chip_11cxx_lib.a(i2c_11xx.o)
 .comment       0x000000000000007f       0x80 /home/greg/Documents/CLIMER/Firmware/lpc_chip_11cxx_lib/Debug/liblpc_chip_11cxx_lib.a(sysinit_11xx.o)
 .comment       0x000000000000007f       0x80 /home/greg/Documents/CLIMER/Firmware/lpc_chip_11cxx_lib/Debug/liblpc_chip_11cxx_lib.a(uart_11xx.o)
 .comment       0x000000000000007f       0x80 /home/greg/Documents/CLIMER/Firmware/lpc_chip_11cxx_lib/Debug/liblpc_chip_11cxx_lib.a(sysctl_11xx.o)
 .comment       0x000000000000007f       0x80 /usr/local/mcuxpressoide-10.1.1_606/ide/tools/bin/../lib/gcc/arm-none-eabi/6.3.1/../../../../arm-none-eabi/lib/thumb/v6-m/libcr_c.a(memset.o)
 .comment       0x000000000000007f       0x80 /usr/local/mcuxpressoide-10.1.1_606/ide/tools/bin/../lib/gcc/arm-none-eabi/6.3.1/../../../../arm-none-eabi/lib/thumb/v6-m/libcr_c.a(__weak__main.o)

.ARM.attributes
                0x0000000000000000       0x2f
 .ARM.attributes
                0x0000000000000000       0x31 ./src/BNO055.o
 .ARM.attributes
                0x0000000000000031       0x31 ./src/BNO_CAN.o
 .ARM.attributes
                0x0000000000000062       0x31 ./src/SSD1306.o
 .ARM.attributes
                0x0000000000000093       0x31 ./src/cr_startup_lpc11xx.o
 .ARM.attributes
                0x00000000000000c4       0x31 ./src/fonts.o
 .ARM.attributes
                0x00000000000000f5       0x31 ./src/sysinit.o
 .ARM.attributes
                0x0000000000000126       0x31 /home/greg/Documents/CLIMER/Firmware/lpc_chip_11cxx_lib/Debug/liblpc_chip_11cxx_lib.a(chip_11xx.o)
 .ARM.attributes
                0x0000000000000157       0x31 /home/greg/Documents/CLIMER/Firmware/lpc_chip_11cxx_lib/Debug/liblpc_chip_11cxx_lib.a(clock_11xx.o)
 .ARM.attributes
                0x0000000000000188       0x31 /home/greg/Documents/CLIMER/Firmware/lpc_chip_11cxx_lib/Debug/liblpc_chip_11cxx_lib.a(i2c_11xx.o)
 .ARM.attributes
                0x00000000000001b9       0x31 /home/greg/Documents/CLIMER/Firmware/lpc_chip_11cxx_lib/Debug/liblpc_chip_11cxx_lib.a(sysinit_11xx.o)
 .ARM.attributes
                0x00000000000001ea       0x31 /home/greg/Documents/CLIMER/Firmware/lpc_chip_11cxx_lib/Debug/liblpc_chip_11cxx_lib.a(uart_11xx.o)
 .ARM.attributes
                0x000000000000021b       0x31 /home/greg/Documents/CLIMER/Firmware/lpc_chip_11cxx_lib/Debug/liblpc_chip_11cxx_lib.a(sysctl_11xx.o)
 .ARM.attributes
                0x000000000000024c       0x31 /usr/local/mcuxpressoide-10.1.1_606/ide/tools/bin/../lib/gcc/arm-none-eabi/6.3.1/../../../../arm-none-eabi/lib/thumb/v6-m/libcr_c.a(memset.o)
 .ARM.attributes
                0x000000000000027d       0x31 /usr/local/mcuxpressoide-10.1.1_606/ide/tools/bin/../lib/gcc/arm-none-eabi/6.3.1/../../../../arm-none-eabi/lib/thumb/v6-m/libcr_c.a(__weak__main.o)
 .ARM.attributes
                0x00000000000002ae       0x21 /usr/local/mcuxpressoide-10.1.1_606/ide/tools/bin/../lib/gcc/arm-none-eabi/6.3.1/thumb/v6-m/libcr_eabihelpers.a(division_32.o)
 .ARM.attributes
                0x00000000000002cf       0x21 /usr/local/mcuxpressoide-10.1.1_606/ide/tools/bin/../lib/gcc/arm-none-eabi/6.3.1/thumb/v6-m/libcr_eabihelpers.a(division_idiv0.o)
 .ARM.attributes
                0x00000000000002f0       0x21 /usr/local/mcuxpressoide-10.1.1_606/ide/tools/bin/../lib/gcc/arm-none-eabi/6.3.1/thumb/v6-m/libcr_eabihelpers.a(memcpy.o)

.debug_frame    0x0000000000000000     0x1128
 .debug_frame   0x0000000000000000       0x70 ./src/BNO055.o
 .debug_frame   0x0000000000000070      0x208 ./src/BNO_CAN.o
 .debug_frame   0x0000000000000278      0x238 ./src/SSD1306.o
 .debug_frame   0x00000000000004b0      0x118 ./src/cr_startup_lpc11xx.o
 .debug_frame   0x00000000000005c8       0x30 ./src/fonts.o
 .debug_frame   0x00000000000005f8       0x2c ./src/sysinit.o
 .debug_frame   0x0000000000000624       0x2c /home/greg/Documents/CLIMER/Firmware/lpc_chip_11cxx_lib/Debug/liblpc_chip_11cxx_lib.a(chip_11xx.o)
 .debug_frame   0x0000000000000650      0x1c0 /home/greg/Documents/CLIMER/Firmware/lpc_chip_11cxx_lib/Debug/liblpc_chip_11cxx_lib.a(clock_11xx.o)
 .debug_frame   0x0000000000000810      0x450 /home/greg/Documents/CLIMER/Firmware/lpc_chip_11cxx_lib/Debug/liblpc_chip_11cxx_lib.a(i2c_11xx.o)
 .debug_frame   0x0000000000000c60       0xc8 /home/greg/Documents/CLIMER/Firmware/lpc_chip_11cxx_lib/Debug/liblpc_chip_11cxx_lib.a(sysinit_11xx.o)
 .debug_frame   0x0000000000000d28      0x370 /home/greg/Documents/CLIMER/Firmware/lpc_chip_11cxx_lib/Debug/liblpc_chip_11cxx_lib.a(uart_11xx.o)
 .debug_frame   0x0000000000001098       0x90 /home/greg/Documents/CLIMER/Firmware/lpc_chip_11cxx_lib/Debug/liblpc_chip_11cxx_lib.a(sysctl_11xx.o)
